Archive member included because of file (symbol)

C:\Users\Ryan\Real Documents\Gearbox_FW/mbed/TARGET_NUCLEO_F401RE/TOOLCHAIN_GCC_ARM\libmbed.a(analogin_api.o)
                              ..\obj\Current_Sense..o (analogin_init)
C:\Users\Ryan\Real Documents\Gearbox_FW/mbed/TARGET_NUCLEO_F401RE/TOOLCHAIN_GCC_ARM\libmbed.a(pwmout_api.o)
                              ..\obj\Motor.o (pwmout_write)
C:\Users\Ryan\Real Documents\Gearbox_FW/mbed/TARGET_NUCLEO_F401RE/TOOLCHAIN_GCC_ARM\libmbed.a(serial_api.o)
                              C:\Users\Ryan\Real Documents\Gearbox_FW/mbed/TARGET_NUCLEO_F401RE/TOOLCHAIN_GCC_ARM/retarget.o (serial_init)
C:\Users\Ryan\Real Documents\Gearbox_FW/mbed/TARGET_NUCLEO_F401RE/TOOLCHAIN_GCC_ARM\libmbed.a(sleep.o)
                              ..\obj\main.o (sleep)
C:\Users\Ryan\Real Documents\Gearbox_FW/mbed/TARGET_NUCLEO_F401RE/TOOLCHAIN_GCC_ARM\libmbed.a(FilePath.o)
                              C:\Users\Ryan\Real Documents\Gearbox_FW/mbed/TARGET_NUCLEO_F401RE/TOOLCHAIN_GCC_ARM/retarget.o (mbed::FilePath::FilePath(char const*))
C:\Users\Ryan\Real Documents\Gearbox_FW/mbed/TARGET_NUCLEO_F401RE/TOOLCHAIN_GCC_ARM\libmbed.a(FileSystemLike.o)
                              C:\Users\Ryan\Real Documents\Gearbox_FW/mbed/TARGET_NUCLEO_F401RE/TOOLCHAIN_GCC_ARM/retarget.o (mbed::FileSystemLike::opendir())
C:\Users\Ryan\Real Documents\Gearbox_FW/mbed/TARGET_NUCLEO_F401RE/TOOLCHAIN_GCC_ARM\libmbed.a(I2C.o)
                              ..\obj\MMA8652.o (mbed::I2C::I2C(PinName, PinName))
C:\Users\Ryan\Real Documents\Gearbox_FW/mbed/TARGET_NUCLEO_F401RE/TOOLCHAIN_GCC_ARM\libmbed.a(InterruptIn.o)
                              ..\obj\Declarations.o (mbed::InterruptIn::~InterruptIn())
C:\Users\Ryan\Real Documents\Gearbox_FW/mbed/TARGET_NUCLEO_F401RE/TOOLCHAIN_GCC_ARM\libmbed.a(Serial.o)
                              ..\obj\main.o (mbed::Serial::Serial(PinName, PinName, char const*))
C:\Users\Ryan\Real Documents\Gearbox_FW/mbed/TARGET_NUCLEO_F401RE/TOOLCHAIN_GCC_ARM\libmbed.a(SerialBase.o)
                              C:\Users\Ryan\Real Documents\Gearbox_FW/mbed/TARGET_NUCLEO_F401RE/TOOLCHAIN_GCC_ARM\libmbed.a(Serial.o) (mbed::SerialBase::SerialBase(PinName, PinName))
C:\Users\Ryan\Real Documents\Gearbox_FW/mbed/TARGET_NUCLEO_F401RE/TOOLCHAIN_GCC_ARM\libmbed.a(Stream.o)
                              C:\Users\Ryan\Real Documents\Gearbox_FW/mbed/TARGET_NUCLEO_F401RE/TOOLCHAIN_GCC_ARM\libmbed.a(Serial.o) (mbed::Stream::close())
C:\Users\Ryan\Real Documents\Gearbox_FW/mbed/TARGET_NUCLEO_F401RE/TOOLCHAIN_GCC_ARM\libmbed.a(Ticker.o)
                              ..\obj\main.o (mbed::Ticker::detach())
C:\Users\Ryan\Real Documents\Gearbox_FW/mbed/TARGET_NUCLEO_F401RE/TOOLCHAIN_GCC_ARM\libmbed.a(Timeout.o)
                              ..\obj\main.o (vtable for mbed::Timeout)
C:\Users\Ryan\Real Documents\Gearbox_FW/mbed/TARGET_NUCLEO_F401RE/TOOLCHAIN_GCC_ARM\libmbed.a(TimerEvent.o)
                              ..\obj\main.o (mbed::TimerEvent::~TimerEvent())
C:\Users\Ryan\Real Documents\Gearbox_FW/mbed/TARGET_NUCLEO_F401RE/TOOLCHAIN_GCC_ARM\libmbed.a(assert.o)
                              C:\Users\Ryan\Real Documents\Gearbox_FW/mbed/TARGET_NUCLEO_F401RE/TOOLCHAIN_GCC_ARM/board.o (mbed_assert_internal)
C:\Users\Ryan\Real Documents\Gearbox_FW/mbed/TARGET_NUCLEO_F401RE/TOOLCHAIN_GCC_ARM\libmbed.a(error.o)
                              C:\Users\Ryan\Real Documents\Gearbox_FW/mbed/TARGET_NUCLEO_F401RE/TOOLCHAIN_GCC_ARM/retarget.o (error)
C:\Users\Ryan\Real Documents\Gearbox_FW/mbed/TARGET_NUCLEO_F401RE/TOOLCHAIN_GCC_ARM\libmbed.a(gpio.o)
                              C:\Users\Ryan\Real Documents\Gearbox_FW/mbed/TARGET_NUCLEO_F401RE/TOOLCHAIN_GCC_ARM\libmbed.a(InterruptIn.o) (gpio_init_in)
C:\Users\Ryan\Real Documents\Gearbox_FW/mbed/TARGET_NUCLEO_F401RE/TOOLCHAIN_GCC_ARM\libmbed.a(pinmap_common.o)
                              C:\Users\Ryan\Real Documents\Gearbox_FW/mbed/TARGET_NUCLEO_F401RE/TOOLCHAIN_GCC_ARM\libmbed.a(analogin_api.o) (pinmap_pinout)
C:\Users\Ryan\Real Documents\Gearbox_FW/mbed/TARGET_NUCLEO_F401RE/TOOLCHAIN_GCC_ARM\libmbed.a(ticker_api.o)
                              C:\Users\Ryan\Real Documents\Gearbox_FW/mbed/TARGET_NUCLEO_F401RE/TOOLCHAIN_GCC_ARM\libmbed.a(TimerEvent.o) (ticker_set_handler)
C:\Users\Ryan\Real Documents\Gearbox_FW/mbed/TARGET_NUCLEO_F401RE/TOOLCHAIN_GCC_ARM\libmbed.a(us_ticker_api.o)
                              C:\Users\Ryan\Real Documents\Gearbox_FW/mbed/TARGET_NUCLEO_F401RE/TOOLCHAIN_GCC_ARM\libmbed.a(TimerEvent.o) (get_us_ticker_data)
C:\Users\Ryan\Real Documents\Gearbox_FW/mbed/TARGET_NUCLEO_F401RE/TOOLCHAIN_GCC_ARM\libmbed.a(wait_api.o)
                              C:\Users\Ryan\Real Documents\Gearbox_FW/mbed/TARGET_NUCLEO_F401RE/TOOLCHAIN_GCC_ARM\libmbed.a(SerialBase.o) (wait_us)
C:\Users\Ryan\Real Documents\Gearbox_FW/mbed/TARGET_NUCLEO_F401RE/TOOLCHAIN_GCC_ARM\libmbed.a(PeripheralPins.o)
[...]
Memory Configuration

Name             Origin             Length             Attributes
FLASH            0x08000000         0x00080000         xr
RAM              0x20000194         0x00017e6c         xrw
*default*        0x00000000         0xffffffff

Linker script and memory map

LOAD c:/program files (x86)/gnu tools arm embedded/4.9 2015q3/bin/../lib/gcc/arm-none-eabi/4.9.3/armv7e-m/softfp/crti.o
LOAD c:/program files (x86)/gnu tools arm embedded/4.9 2015q3/bin/../lib/gcc/arm-none-eabi/4.9.3/armv7e-m/softfp/crtbegin.o
LOAD c:/program files (x86)/gnu tools arm embedded/4.9 2015q3/bin/../lib/gcc/arm-none-eabi/4.9.3/../../../../arm-none-eabi/lib/armv7e-m/softfp/crt0.o
LOAD C:\Users\Ryan\Real Documents\Gearbox_FW/mbed/TARGET_NUCLEO_F401RE/TOOLCHAIN_GCC_ARM/stm32f4xx_hal_flash_ramfunc.o
LOAD C:\Users\Ryan\Real Documents\Gearbox_FW/mbed/TARGET_NUCLEO_F401RE/TOOLCHAIN_GCC_ARM/board.o
LOAD C:\Users\Ryan\Real Documents\Gearbox_FW/mbed/TARGET_NUCLEO_F401RE/TOOLCHAIN_GCC_ARM/cmsis_nvic.o
LOAD C:\Users\Ryan\Real Documents\Gearbox_FW/mbed/TARGET_NUCLEO_F401RE/TOOLCHAIN_GCC_ARM/hal_tick.o
LOAD C:\Users\Ryan\Real Documents\Gearbox_FW/mbed/TARGET_NUCLEO_F401RE/TOOLCHAIN_GCC_ARM/mbed_overrides.o
LOAD C:\Users\Ryan\Real Documents\Gearbox_FW/mbed/TARGET_NUCLEO_F401RE/TOOLCHAIN_GCC_ARM/retarget.o
LOAD C:\Users\Ryan\Real Documents\Gearbox_FW/mbed/TARGET_NUCLEO_F401RE/TOOLCHAIN_GCC_ARM/startup_stm32f401xe.o
LOAD C:\Users\Ryan\Real Documents\Gearbox_FW/mbed/TARGET_NUCLEO_F401RE/TOOLCHAIN_GCC_ARM/stm32f4xx_hal.o
LOAD C:\Users\Ryan\Real Documents\Gearbox_FW/mbed/TARGET_NUCLEO_F401RE/TOOLCHAIN_GCC_ARM/stm32f4xx_hal_adc.o
LOAD C:\Users\Ryan\Real Documents\Gearbox_FW/mbed/TARGET_NUCLEO_F401RE/TOOLCHAIN_GCC_ARM/stm32f4xx_hal_adc_ex.o
LOAD C:\Users\Ryan\Real Documents\Gearbox_FW/mbed/TARGET_NUCLEO_F401RE/TOOLCHAIN_GCC_ARM/stm32f4xx_hal_can.o
LOAD C:\Users\Ryan\Real Documents\Gearbox_FW/mbed/TARGET_NUCLEO_F401RE/TOOLCHAIN_GCC_ARM/stm32f4xx_hal_cec.o
LOAD C:\Users\Ryan\Real Documents\Gearbox_FW/mbed/TARGET_NUCLEO_F401RE/TOOLCHAIN_GCC_ARM/stm32f4xx_hal_cortex.o
LOAD C:\Users\Ryan\Real Documents\Gearbox_FW/mbed/TARGET_NUCLEO_F401RE/TOOLCHAIN_GCC_ARM/stm32f4xx_hal_crc.o
LOAD C:\Users\Ryan\Real Documents\Gearbox_FW/mbed/TARGET_NUCLEO_F401RE/TOOLCHAIN_GCC_ARM/stm32f4xx_hal_cryp.o
LOAD C:\Users\Ryan\Real Documents\Gearbox_FW/mbed/TARGET_NUCLEO_F401RE/TOOLCHAIN_GCC_ARM/stm32f4xx_hal_cryp_ex.o
LOAD C:\Users\Ryan\Real Documents\Gearbox_FW/mbed/TARGET_NUCLEO_F401RE/TOOLCHAIN_GCC_ARM/stm32f4xx_hal_dac.o
LOAD C:\Users\Ryan\Real Documents\Gearbox_FW/mbed/TARGET_NUCLEO_F401RE/TOOLCHAIN_GCC_ARM/stm32f4xx_hal_dac_ex.o
LOAD C:\Users\Ryan\Real Documents\Gearbox_FW/mbed/TARGET_NUCLEO_F401RE/TOOLCHAIN_GCC_ARM/stm32f4xx_hal_dcmi.o
LOAD C:\Users\Ryan\Real Documents\Gearbox_FW/mbed/TARGET_NUCLEO_F401RE/TOOLCHAIN_GCC_ARM/stm32f4xx_hal_dcmi_ex.o
LOAD C:\Users\Ryan\Real Documents\Gearbox_FW/mbed/TARGET_NUCLEO_F401RE/TOOLCHAIN_GCC_ARM/stm32f4xx_hal_dma.o
LOAD C:\Users\Ryan\Real Documents\Gearbox_FW/mbed/TARGET_NUCLEO_F401RE/TOOLCHAIN_GCC_ARM/stm32f4xx_hal_dma2d.o
LOAD C:\Users\Ryan\Real Documents\Gearbox_FW/mbed/TARGET_NUCLEO_F401RE/TOOLCHAIN_GCC_ARM/stm32f4xx_hal_dma_ex.o
LOAD C:\Users\Ryan\Real Documents\Gearbox_FW/mbed/TARGET_NUCLEO_F401RE/TOOLCHAIN_GCC_ARM/stm32f4xx_hal_eth.o
LOAD C:\Users\Ryan\Real Documents\Gearbox_FW/mbed/TARGET_NUCLEO_F401RE/TOOLCHAIN_GCC_ARM/stm32f4xx_hal_flash.o
LOAD C:\Users\Ryan\Real Documents\Gearbox_FW/mbed/TARGET_NUCLEO_F401RE/TOOLCHAIN_GCC_ARM/stm32f4xx_hal_flash_ex.o
LOAD C:\Users\Ryan\Real Documents\Gearbox_FW/mbed/TARGET_NUCLEO_F401RE/TOOLCHAIN_GCC_ARM/stm32f4xx_hal_fmpi2c_ex.o
LOAD C:\Users\Ryan\Real Documents\Gearbox_FW/mbed/TARGET_NUCLEO_F401RE/TOOLCHAIN_GCC_ARM/stm32f4xx_hal_fmpi2c.o
LOAD C:\Users\Ryan\Real Documents\Gearbox_FW/mbed/TARGET_NUCLEO_F401RE/TOOLCHAIN_GCC_ARM/stm32f4xx_hal_smartcard.o
LOAD C:\Users\Ryan\Real Documents\Gearbox_FW/mbed/TARGET_NUCLEO_F401RE/TOOLCHAIN_GCC_ARM/stm32f4xx_hal_gpio.o
LOAD C:\Users\Ryan\Real Documents\Gearbox_FW/mbed/TARGET_NUCLEO_F401RE/TOOLCHAIN_GCC_ARM/stm32f4xx_hal_hash.o
LOAD C:\Users\Ryan\Real Documents\Gearbox_FW/mbed/TARGET_NUCLEO_F401RE/TOOLCHAIN_GCC_ARM/stm32f4xx_hal_hash_ex.o
LOAD C:\Users\Ryan\Real Documents\Gearbox_FW/mbed/TARGET_NUCLEO_F401RE/TOOLCHAIN_GCC_ARM/stm32f4xx_hal_hcd.o
LOAD C:\Users\Ryan\Real Documents\Gearbox_FW/mbed/TARGET_NUCLEO_F401RE/TOOLCHAIN_GCC_ARM/stm32f4xx_hal_i2c.o
LOAD C:\Users\Ryan\Real Documents\Gearbox_FW/mbed/TARGET_NUCLEO_F401RE/TOOLCHAIN_GCC_ARM/stm32f4xx_hal_i2c_ex.o
LOAD C:\Users\Ryan\Real Documents\Gearbox_FW/mbed/TARGET_NUCLEO_F401RE/TOOLCHAIN_GCC_ARM/stm32f4xx_hal_i2s.o
LOAD C:\Users\Ryan\Real Documents\Gearbox_FW/mbed/TARGET_NUCLEO_F401RE/TOOLCHAIN_GCC_ARM/stm32f4xx_hal_i2s_ex.o
LOAD C:\Users\Ryan\Real Documents\Gearbox_FW/mbed/TARGET_NUCLEO_F401RE/TOOLCHAIN_GCC_ARM/stm32f4xx_hal_irda.o
LOAD C:\Users\Ryan\Real Documents\Gearbox_FW/mbed/TARGET_NUCLEO_F401RE/TOOLCHAIN_GCC_ARM/stm32f4xx_hal_iwdg.o
LOAD C:\Users\Ryan\Real Documents\Gearbox_FW/mbed/TARGET_NUCLEO_F401RE/TOOLCHAIN_GCC_ARM/stm32f4xx_hal_ltdc.o
LOAD C:\Users\Ryan\Real Documents\Gearbox_FW/mbed/TARGET_NUCLEO_F401RE/TOOLCHAIN_GCC_ARM/stm32f4xx_hal_nand.o
LOAD C:\Users\Ryan\Real Documents\Gearbox_FW/mbed/TARGET_NUCLEO_F401RE/TOOLCHAIN_GCC_ARM/stm32f4xx_hal_nor.o
LOAD C:\Users\Ryan\Real Documents\Gearbox_FW/mbed/TARGET_NUCLEO_F401RE/TOOLCHAIN_GCC_ARM/stm32f4xx_hal_pccard.o
LOAD C:\Users\Ryan\Real Documents\Gearbox_FW/mbed/TARGET_NUCLEO_F401RE/TOOLCHAIN_GCC_ARM/stm32f4xx_hal_pcd.o
LOAD C:\Users\Ryan\Real Documents\Gearbox_FW/mbed/TARGET_NUCLEO_F401RE/TOOLCHAIN_GCC_ARM/stm32f4xx_hal_pcd_ex.o
LOAD C:\Users\Ryan\Real Documents\Gearbox_FW/mbed/TARGET_NUCLEO_F401RE/TOOLCHAIN_GCC_ARM/stm32f4xx_hal_pwr.o
LOAD C:\Users\Ryan\Real Documents\Gearbox_FW/mbed/TARGET_NUCLEO_F401RE/TOOLCHAIN_GCC_ARM/stm32f4xx_hal_pwr_ex.o
LOAD C:\Users\Ryan\Real Documents\Gearbox_FW/mbed/TARGET_NUCLEO_F401RE/TOOLCHAIN_GCC_ARM/stm32f4xx_hal_qspi.o
LOAD C:\Users\Ryan\Real Documents\Gearbox_FW/mbed/TARGET_NUCLEO_F401RE/TOOLCHAIN_GCC_ARM/stm32f4xx_hal_rcc.o
LOAD C:\Users\Ryan\Real Documents\Gearbox_FW/mbed/TARGET_NUCLEO_F401RE/TOOLCHAIN_GCC_ARM/stm32f4xx_hal_rcc_ex.o
LOAD C:\Users\Ryan\Real Documents\Gearbox_FW/mbed/TARGET_NUCLEO_F401RE/TOOLCHAIN_GCC_ARM/stm32f4xx_hal_rng.o
LOAD C:\Users\Ryan\Real Documents\Gearbox_FW/mbed/TARGET_NUCLEO_F401RE/TOOLCHAIN_GCC_ARM/stm32f4xx_hal_rtc.o
LOAD C:\Users\Ryan\Real Documents\Gearbox_FW/mbed/TARGET_NUCLEO_F401RE/TOOLCHAIN_GCC_ARM/stm32f4xx_hal_rtc_ex.o
LOAD C:\Users\Ryan\Real Documents\Gearbox_FW/mbed/TARGET_NUCLEO_F401RE/TOOLCHAIN_GCC_ARM/stm32f4xx_hal_sai.o
LOAD C:\Users\Ryan\Real Documents\Gearbox_FW/mbed/TARGET_NUCLEO_F401RE/TOOLCHAIN_GCC_ARM/stm32f4xx_hal_sai_ex.o
LOAD C:\Users\Ryan\Real Documents\Gearbox_FW/mbed/TARGET_NUCLEO_F401RE/TOOLCHAIN_GCC_ARM/stm32f4xx_hal_sd.o
LOAD C:\Users\Ryan\Real Documents\Gearbox_FW/mbed/TARGET_NUCLEO_F401RE/TOOLCHAIN_GCC_ARM/stm32f4xx_hal_sdram.o
LOAD C:\Users\Ryan\Real Documents\Gearbox_FW/mbed/TARGET_NUCLEO_F401RE/TOOLCHAIN_GCC_ARM/stm32f4xx_hal_spdifrx.o
LOAD C:\Users\Ryan\Real Documents\Gearbox_FW/mbed/TARGET_NUCLEO_F401RE/TOOLCHAIN_GCC_ARM/stm32f4xx_hal_spi.o
LOAD C:\Users\Ryan\Real Documents\Gearbox_FW/mbed/TARGET_NUCLEO_F401RE/TOOLCHAIN_GCC_ARM/stm32f4xx_hal_sram.o
LOAD C:\Users\Ryan\Real Documents\Gearbox_FW/mbed/TARGET_NUCLEO_F401RE/TOOLCHAIN_GCC_ARM/stm32f4xx_hal_tim.o
LOAD C:\Users\Ryan\Real Documents\Gearbox_FW/mbed/TARGET_NUCLEO_F401RE/TOOLCHAIN_GCC_ARM/stm32f4xx_hal_tim_ex.o
LOAD C:\Users\Ryan\Real Documents\Gearbox_FW/mbed/TARGET_NUCLEO_F401RE/TOOLCHAIN_GCC_ARM/stm32f4xx_hal_uart.o
LOAD C:\Users\Ryan\Real Documents\Gearbox_FW/mbed/TARGET_NUCLEO_F401RE/TOOLCHAIN_GCC_ARM/stm32f4xx_hal_usart.o
LOAD C:\Users\Ryan\Real Documents\Gearbox_FW/mbed/TARGET_NUCLEO_F401RE/TOOLCHAIN_GCC_ARM/stm32f4xx_hal_wwdg.o
LOAD C:\Users\Ryan\Real Documents\Gearbox_FW/mbed/TARGET_NUCLEO_F401RE/TOOLCHAIN_GCC_ARM/stm32f4xx_ll_fmc.o
LOAD C:\Users\Ryan\Real Documents\Gearbox_FW/mbed/TARGET_NUCLEO_F401RE/TOOLCHAIN_GCC_ARM/stm32f4xx_ll_fsmc.o
LOAD C:\Users\Ryan\Real Documents\Gearbox_FW/mbed/TARGET_NUCLEO_F401RE/TOOLCHAIN_GCC_ARM/stm32f4xx_ll_sdmmc.o
LOAD C:\Users\Ryan\Real Documents\Gearbox_FW/mbed/TARGET_NUCLEO_F401RE/TOOLCHAIN_GCC_ARM/stm32f4xx_ll_usb.o
LOAD C:\Users\Ryan\Real Documents\Gearbox_FW/mbed/TARGET_NUCLEO_F401RE/TOOLCHAIN_GCC_ARM/system_stm32f4xx.o

.text           0x08000000     0x83bc
 *(.isr_vector)
 .isr_vector    0x08000000      0x194 C:\Users\Ryan\Real Documents\Gearbox_FW/mbed/TARGET_NUCLEO_F401RE/TOOLCHAIN_GCC_ARM/startup_stm32f401xe.o
                0x08000000                g_pfnVectors
 *(.text*)
 .text          0x08000194       0x5c c:/program files (x86)/gnu tools arm embedded/4.9 2015q3/bin/../lib/gcc/arm-none-eabi/4.9.3/armv7e-m/softfp/crtbegin.o
 .text          0x080001f0       0x74 c:/program files (x86)/gnu tools arm embedded/4.9 2015q3/bin/../lib/gcc/arm-none-eabi/4.9.3/../../../../arm-none-eabi/lib/armv7e-m/softfp/crt0.o
                0x080001f0                _start
                0x080001f0                _mainCRTStartup
 .text.mbed_die
                0x08000264       0x5c C:\Users\Ryan\Real Documents\Gearbox_FW/mbed/TARGET_NUCLEO_F401RE/TOOLCHAIN_GCC_ARM/board.o
                0x08000264                mbed_die
 .text.NVIC_SetVector
                0x080002c0       0x48 C:\Users\Ryan\Real Documents\Gearbox_FW/mbed/TARGET_NUCLEO_F401RE/TOOLCHAIN_GCC_ARM/cmsis_nvic.o
                0x080002c0                NVIC_SetVector
 .text.timer_irq_handler
                0x08000308       0x50 C:\Users\Ryan\Real Documents\Gearbox_FW/mbed/TARGET_NUCLEO_F401RE/TOOLCHAIN_GCC_ARM/hal_tick.o
                0x08000308                timer_irq_handler
 .text.HAL_InitTick
                0x08000358       0xb4 C:\Users\Ryan\Real Documents\Gearbox_FW/mbed/TARGET_NUCLEO_F401RE/TOOLCHAIN_GCC_ARM/hal_tick.o
                0x08000358                HAL_InitTick
 .text.mbed_sdk_init
                0x0800040c       0x10 C:\Users\Ryan\Real Documents\Gearbox_FW/mbed/TARGET_NUCLEO_F401RE/TOOLCHAIN_GCC_ARM/mbed_overrides.o
                0x0800040c                mbed_sdk_init
 .text._ZN4mbed10FileHandle4flenEv
                0x0800041c       0x34 C:\Users\Ryan\Real Documents\Gearbox_FW/mbed/TARGET_NUCLEO_F401RE/TOOLCHAIN_GCC_ARM/retarget.o
                0x0800041c                mbed::FileHandle::flen()
 .text._ZN4mbed10FileHandleD2Ev
                0x08000450       0x2c C:\Users\Ryan\Real Documents\Gearbox_FW/mbed/TARGET_NUCLEO_F401RE/TOOLCHAIN_GCC_ARM/retarget.o
                0x08000450                mbed::FileHandle::~FileHandle()
                0x08000450                mbed::FileHandle::~FileHandle()
 .text._ZN4mbed10FileHandleD0Ev
                0x0800047c       0x34 C:\Users\Ryan\Real Documents\Gearbox_FW/mbed/TARGET_NUCLEO_F401RE/TOOLCHAIN_GCC_ARM/retarget.o
                0x0800047c                mbed::FileHandle::~FileHandle()
 .text._ZL11init_serialv.part.0
                0x080004b0       0x10 C:\Users\Ryan\Real Documents\Gearbox_FW/mbed/TARGET_NUCLEO_F401RE/TOOLCHAIN_GCC_ARM/retarget.o
 .text._open    0x080004c0       0xf8 C:\Users\Ryan\Real Documents\Gearbox_FW/mbed/TARGET_NUCLEO_F401RE/TOOLCHAIN_GCC_ARM/retarget.o
                0x080004c0                _open
 .text._close   0x080005b8       0x2c C:\Users\Ryan\Real Documents\Gearbox_FW/mbed/TARGET_NUCLEO_F401RE/TOOLCHAIN_GCC_ARM/retarget.o
                0x080005b8                _close
 .text._write   0x080005e4       0x50 C:\Users\Ryan\Real Documents\Gearbox_FW/mbed/TARGET_NUCLEO_F401RE/TOOLCHAIN_GCC_ARM/retarget.o
                0x080005e4                _write
 .text._read    0x08000634       0x4c C:\Users\Ryan\Real Documents\Gearbox_FW/mbed/TARGET_NUCLEO_F401RE/TOOLCHAIN_GCC_ARM/retarget.o
                0x08000634                _read
 .text._isatty  0x08000680       0x28 C:\Users\Ryan\Real Documents\Gearbox_FW/mbed/TARGET_NUCLEO_F401RE/TOOLCHAIN_GCC_ARM/retarget.o
                0x08000680                _isatty
 .text._lseek   0x080006a8       0x28 C:\Users\Ryan\Real Documents\Gearbox_FW/mbed/TARGET_NUCLEO_F401RE/TOOLCHAIN_GCC_ARM/retarget.o
                0x080006a8                _lseek
 .text._fstat   0x080006d0       0x20 C:\Users\Ryan\Real Documents\Gearbox_FW/mbed/TARGET_NUCLEO_F401RE/TOOLCHAIN_GCC_ARM/retarget.o
                0x080006d0                _fstat
 .text.__cxa_pure_virtual
                0x080006f0        0x8 C:\Users\Ryan\Real Documents\Gearbox_FW/mbed/TARGET_NUCLEO_F401RE/TOOLCHAIN_GCC_ARM/retarget.o
                0x080006f0                __cxa_pure_virtual
 .text.mbed_main
                0x080006f8        0x4 C:\Users\Ryan\Real Documents\Gearbox_FW/mbed/TARGET_NUCLEO_F401RE/TOOLCHAIN_GCC_ARM/retarget.o
                0x080006f8                mbed_main
 .text.__wrap_main
                0x080006fc       0x14 C:\Users\Ryan\Real Documents\Gearbox_FW/mbed/TARGET_NUCLEO_F401RE/TOOLCHAIN_GCC_ARM/retarget.o
                0x080006fc                __wrap_main
 .text._sbrk    0x08000710       0x28 C:\Users\Ryan\Real Documents\Gearbox_FW/mbed/TARGET_NUCLEO_F401RE/TOOLCHAIN_GCC_ARM/retarget.o
                0x08000710                _sbrk
 .text._exit    0x08000738       0x24 C:\Users\Ryan\Real Documents\Gearbox_FW/mbed/TARGET_NUCLEO_F401RE/TOOLCHAIN_GCC_ARM/retarget.o
                0x08000738                _exit
 .text._ZN4mbed26mbed_set_unbuffered_streamEP7__sFILE
                0x0800075c        0x8 C:\Users\Ryan\Real Documents\Gearbox_FW/mbed/TARGET_NUCLEO_F401RE/TOOLCHAIN_GCC_ARM/retarget.o
                0x0800075c                mbed::mbed_set_unbuffered_stream(__sFILE*)
 .text.Reset_Handler
                0x08000764       0x54 C:\Users\Ryan\Real Documents\Gearbox_FW/mbed/TARGET_NUCLEO_F401RE/TOOLCHAIN_GCC_ARM/startup_stm32f401xe.o
                0x08000764                Reset_Handler
 .text.Default_Handler
                0x080007b8        0x4 C:\Users\Ryan\Real Documents\Gearbox_FW/mbed/TARGET_NUCLEO_F401RE/TOOLCHAIN_GCC_ARM/startup_stm32f401xe.o
                0x080007b8                RTC_Alarm_IRQHandler
                0x080007b8                EXTI2_IRQHandler
                0x080007b8                DebugMon_Handler
                0x080007b8                SPI4_IRQHandler
                0x080007b8                TIM1_CC_IRQHandler
                0x080007b8                DMA2_Stream5_IRQHandler
                0x080007b8                HardFault_Handler
                0x080007b8                DMA1_Stream5_IRQHandler
                0x080007b8                SysTick_Handler
                0x080007b8                PVD_IRQHandler
                0x080007b8                SDIO_IRQHandler
                0x080007b8                TAMP_STAMP_IRQHandler
                0x080007b8                PendSV_Handler
                0x080007b8                NMI_Handler
                0x080007b8                EXTI3_IRQHandler
                0x080007b8                TIM1_UP_TIM10_IRQHandler
                0x080007b8                I2C3_ER_IRQHandler
                0x080007b8                EXTI0_IRQHandler
                0x080007b8                I2C2_EV_IRQHandler
                0x080007b8                DMA1_Stream2_IRQHandler
                0x080007b8                FPU_IRQHandler
                0x080007b8                UsageFault_Handler
                0x080007b8                DMA2_Stream2_IRQHandler
                0x080007b8                SPI1_IRQHandler
                0x080007b8                TIM1_BRK_TIM9_IRQHandler
                0x080007b8                DMA2_Stream3_IRQHandler
                0x080007b8                USART6_IRQHandler
                0x080007b8                DMA2_Stream0_IRQHandler
                0x080007b8                TIM4_IRQHandler
                0x080007b8                I2C1_EV_IRQHandler
                0x080007b8                DMA1_Stream6_IRQHandler
                0x080007b8                DMA1_Stream1_IRQHandler
                0x080007b8                TIM3_IRQHandler
                0x080007b8                RCC_IRQHandler
                0x080007b8                Default_Handler
                0x080007b8                EXTI15_10_IRQHandler
                0x080007b8                ADC_IRQHandler
                0x080007b8                DMA1_Stream7_IRQHandler
                0x080007b8                TIM5_IRQHandler
                0x080007b8                DMA2_Stream7_IRQHandler
                0x080007b8                I2C3_EV_IRQHandler
                0x080007b8                EXTI9_5_IRQHandler
                0x080007b8                RTC_WKUP_IRQHandler
                0x080007b8                SPI2_IRQHandler
                0x080007b8                MemManage_Handler
                0x080007b8                DMA1_Stream0_IRQHandler
                0x080007b8                SVC_Handler
                0x080007b8                EXTI4_IRQHandler
                0x080007b8                WWDG_IRQHandler
                0x080007b8                TIM2_IRQHandler
                0x080007b8                OTG_FS_WKUP_IRQHandler
                0x080007b8                TIM1_TRG_COM_TIM11_IRQHandler
                0x080007b8                EXTI1_IRQHandler
                0x080007b8                USART2_IRQHandler
                0x080007b8                I2C2_ER_IRQHandler
                0x080007b8                DMA2_Stream1_IRQHandler
                0x080007b8                FLASH_IRQHandler
                0x080007b8                DMA2_Stream4_IRQHandler
                0x080007b8                BusFault_Handler
                0x080007b8                USART1_IRQHandler
                0x080007b8                OTG_FS_IRQHandler
                0x080007b8                SPI3_IRQHandler
                0x080007b8                DMA1_Stream4_IRQHandler
                0x080007b8                I2C1_ER_IRQHandler
                0x080007b8                DMA2_Stream6_IRQHandler
                0x080007b8                DMA1_Stream3_IRQHandler
 .text.HAL_MspInit
                0x080007bc        0x4 C:\Users\Ryan\Real Documents\Gearbox_FW/mbed/TARGET_NUCLEO_F401RE/TOOLCHAIN_GCC_ARM/stm32f4xx_hal.o
                0x080007bc                HAL_MspInit
 .text.HAL_Init
                0x080007c0       0x34 C:\Users\Ryan\Real Documents\Gearbox_FW/mbed/TARGET_NUCLEO_F401RE/TOOLCHAIN_GCC_ARM/stm32f4xx_hal.o
                0x080007c0                HAL_Init
 .text.HAL_IncTick
                0x080007f4       0x10 C:\Users\Ryan\Real Documents\Gearbox_FW/mbed/TARGET_NUCLEO_F401RE/TOOLCHAIN_GCC_ARM/stm32f4xx_hal.o
                0x080007f4                HAL_IncTick
 .text.HAL_GetTick
                0x08000804        0xc C:\Users\Ryan\Real Documents\Gearbox_FW/mbed/TARGET_NUCLEO_F401RE/TOOLCHAIN_GCC_ARM/stm32f4xx_hal.o
                0x08000804                HAL_GetTick
 .text.HAL_ADC_MspInit
                0x08000810        0x4 C:\Users\Ryan\Real Documents\Gearbox_FW/mbed/TARGET_NUCLEO_F401RE/TOOLCHAIN_GCC_ARM/stm32f4xx_hal_adc.o
                0x08000810                HAL_ADC_MspInit
 .text.HAL_ADC_Init
                0x08000814      0x148 C:\Users\Ryan\Real Documents\Gearbox_FW/mbed/TARGET_NUCLEO_F401RE/TOOLCHAIN_GCC_ARM/stm32f4xx_hal_adc.o
                0x08000814                HAL_ADC_Init
 .text.HAL_ADC_Start
                0x0800095c       0xb8 C:\Users\Ryan\Real Documents\Gearbox_FW/mbed/TARGET_NUCLEO_F401RE/TOOLCHAIN_GCC_ARM/stm32f4xx_hal_adc.o
                0x0800095c                HAL_ADC_Start
 .text.HAL_ADC_PollForConversion
                0x08000a14       0x68 C:\Users\Ryan\Real Documents\Gearbox_FW/mbed/TARGET_NUCLEO_F401RE/TOOLCHAIN_GCC_ARM/stm32f4xx_hal_adc.o
                0x08000a14                HAL_ADC_PollForConversion
 .text.HAL_ADC_GetValue
                0x08000a7c        0x8 C:\Users\Ryan\Real Documents\Gearbox_FW/mbed/TARGET_NUCLEO_F401RE/TOOLCHAIN_GCC_ARM/stm32f4xx_hal_adc.o
                0x08000a7c                HAL_ADC_GetValue
 .text.HAL_ADC_ConfigChannel
                0x08000a84      0x14c C:\Users\Ryan\Real Documents\Gearbox_FW/mbed/TARGET_NUCLEO_F401RE/TOOLCHAIN_GCC_ARM/stm32f4xx_hal_adc.o
                0x08000a84                HAL_ADC_ConfigChannel
 .text.HAL_NVIC_SetPriorityGrouping
                0x08000bd0       0x24 C:\Users\Ryan\Real Documents\Gearbox_FW/mbed/TARGET_NUCLEO_F401RE/TOOLCHAIN_GCC_ARM/stm32f4xx_hal_cortex.o
                0x08000bd0                HAL_NVIC_SetPriorityGrouping
 .text.HAL_GPIO_Init
                0x08000bf4      0x214 C:\Users\Ryan\Real Documents\Gearbox_FW/mbed/TARGET_NUCLEO_F401RE/TOOLCHAIN_GCC_ARM/stm32f4xx_hal_gpio.o
                0x08000bf4                HAL_GPIO_Init
 .text.HAL_I2C_MspInit
                0x08000e08        0x4 C:\Users\Ryan\Real Documents\Gearbox_FW/mbed/TARGET_NUCLEO_F401RE/TOOLCHAIN_GCC_ARM/stm32f4xx_hal_i2c.o
                0x08000e08                HAL_I2C_MspInit
 .text.HAL_I2C_Init
                0x08000e0c       0xec C:\Users\Ryan\Real Documents\Gearbox_FW/mbed/TARGET_NUCLEO_F401RE/TOOLCHAIN_GCC_ARM/stm32f4xx_hal_i2c.o
                0x08000e0c                HAL_I2C_Init
 .text.HAL_PWR_EnterSLEEPMode
                0x08000ef8       0x20 C:\Users\Ryan\Real Documents\Gearbox_FW/mbed/TARGET_NUCLEO_F401RE/TOOLCHAIN_GCC_ARM/stm32f4xx_hal_pwr.o
                0x08000ef8                HAL_PWR_EnterSLEEPMode
 .text.HAL_RCC_OscConfig
                0x08000f18      0x370 C:\Users\Ryan\Real Documents\Gearbox_FW/mbed/TARGET_NUCLEO_F401RE/TOOLCHAIN_GCC_ARM/stm32f4xx_hal_rcc.o
                0x08000f18                HAL_RCC_OscConfig
 .text.HAL_RCC_ClockConfig
                0x08001288      0x1fc C:\Users\Ryan\Real Documents\Gearbox_FW/mbed/TARGET_NUCLEO_F401RE/TOOLCHAIN_GCC_ARM/stm32f4xx_hal_rcc.o
                0x08001288                HAL_RCC_ClockConfig
 .text.HAL_RCC_GetSysClockFreq
                0x08001484       0x88 C:\Users\Ryan\Real Documents\Gearbox_FW/mbed/TARGET_NUCLEO_F401RE/TOOLCHAIN_GCC_ARM/stm32f4xx_hal_rcc.o
                0x08001484                HAL_RCC_GetSysClockFreq
 .text.HAL_RCC_GetHCLKFreq
                0x0800150c       0x38 C:\Users\Ryan\Real Documents\Gearbox_FW/mbed/TARGET_NUCLEO_F401RE/TOOLCHAIN_GCC_ARM/stm32f4xx_hal_rcc.o
                0x0800150c                HAL_RCC_GetHCLKFreq
 .text.HAL_RCC_GetPCLK1Freq
                0x08001544       0x30 C:\Users\Ryan\Real Documents\Gearbox_FW/mbed/TARGET_NUCLEO_F401RE/TOOLCHAIN_GCC_ARM/stm32f4xx_hal_rcc.o
                0x08001544                HAL_RCC_GetPCLK1Freq
 .text.HAL_RCC_GetPCLK2Freq
                0x08001574       0x30 C:\Users\Ryan\Real Documents\Gearbox_FW/mbed/TARGET_NUCLEO_F401RE/TOOLCHAIN_GCC_ARM/stm32f4xx_hal_rcc.o
                0x08001574                HAL_RCC_GetPCLK2Freq
 .text.HAL_RCC_GetClockConfig
                0x080015a4       0x44 C:\Users\Ryan\Real Documents\Gearbox_FW/mbed/TARGET_NUCLEO_F401RE/TOOLCHAIN_GCC_ARM/stm32f4xx_hal_rcc.o
                0x080015a4                HAL_RCC_GetClockConfig
 .text.TIM_OC1_SetConfig
                0x080015e8       0x58 C:\Users\Ryan\Real Documents\Gearbox_FW/mbed/TARGET_NUCLEO_F401RE/TOOLCHAIN_GCC_ARM/stm32f4xx_hal_tim.o
 .text.TIM_OC3_SetConfig
                0x08001640       0x5c C:\Users\Ryan\Real Documents\Gearbox_FW/mbed/TARGET_NUCLEO_F401RE/TOOLCHAIN_GCC_ARM/stm32f4xx_hal_tim.o
 .text.TIM_OC4_SetConfig
                0x0800169c       0x48 C:\Users\Ryan\Real Documents\Gearbox_FW/mbed/TARGET_NUCLEO_F401RE/TOOLCHAIN_GCC_ARM/stm32f4xx_hal_tim.o
 .text.HAL_TIM_OC_MspInit
                0x080016e4        0x4 C:\Users\Ryan\Real Documents\Gearbox_FW/mbed/TARGET_NUCLEO_F401RE/TOOLCHAIN_GCC_ARM/stm32f4xx_hal_tim.o
                0x080016e4                HAL_TIM_OC_MspInit
 .text.HAL_TIM_OC_Start
                0x080016e8       0x40 C:\Users\Ryan\Real Documents\Gearbox_FW/mbed/TARGET_NUCLEO_F401RE/TOOLCHAIN_GCC_ARM/stm32f4xx_hal_tim.o
                0x080016e8                HAL_TIM_OC_Start
 .text.HAL_TIM_PWM_MspInit
                0x08001728        0x4 C:\Users\Ryan\Real Documents\Gearbox_FW/mbed/TARGET_NUCLEO_F401RE/TOOLCHAIN_GCC_ARM/stm32f4xx_hal_tim.o
                0x08001728                HAL_TIM_PWM_MspInit
 .text.HAL_TIM_PWM_Start
                0x0800172c       0x40 C:\Users\Ryan\Real Documents\Gearbox_FW/mbed/TARGET_NUCLEO_F401RE/TOOLCHAIN_GCC_ARM/stm32f4xx_hal_tim.o
                0x0800172c                HAL_TIM_PWM_Start
 .text.TIM_Base_SetConfig
                0x0800176c       0xa0 C:\Users\Ryan\Real Documents\Gearbox_FW/mbed/TARGET_NUCLEO_F401RE/TOOLCHAIN_GCC_ARM/stm32f4xx_hal_tim.o
                0x0800176c                TIM_Base_SetConfig
 .text.HAL_TIM_OC_Init
                0x0800180c       0x38 C:\Users\Ryan\Real Documents\Gearbox_FW/mbed/TARGET_NUCLEO_F401RE/TOOLCHAIN_GCC_ARM/stm32f4xx_hal_tim.o
                0x0800180c                HAL_TIM_OC_Init
 .text.HAL_TIM_PWM_Init
                0x08001844       0x38 C:\Users\Ryan\Real Documents\Gearbox_FW/mbed/TARGET_NUCLEO_F401RE/TOOLCHAIN_GCC_ARM/stm32f4xx_hal_tim.o
                0x08001844                HAL_TIM_PWM_Init
 .text.TIM_OC2_SetConfig
                0x0800187c       0x5c C:\Users\Ryan\Real Documents\Gearbox_FW/mbed/TARGET_NUCLEO_F401RE/TOOLCHAIN_GCC_ARM/stm32f4xx_hal_tim.o
                0x0800187c                TIM_OC2_SetConfig
 .text.HAL_TIM_PWM_ConfigChannel
                0x080018d8       0xd4 C:\Users\Ryan\Real Documents\Gearbox_FW/mbed/TARGET_NUCLEO_F401RE/TOOLCHAIN_GCC_ARM/stm32f4xx_hal_tim.o
                0x080018d8                HAL_TIM_PWM_ConfigChannel
 .text.HAL_TIMEx_PWMN_Start
                0x080019ac       0x2c C:\Users\Ryan\Real Documents\Gearbox_FW/mbed/TARGET_NUCLEO_F401RE/TOOLCHAIN_GCC_ARM/stm32f4xx_hal_tim_ex.o
                0x080019ac                HAL_TIMEx_PWMN_Start
 .text.UART_SetConfig
                0x080019d8      0x1b4 C:\Users\Ryan\Real Documents\Gearbox_FW/mbed/TARGET_NUCLEO_F401RE/TOOLCHAIN_GCC_ARM/stm32f4xx_hal_uart.o
 .text.HAL_UART_MspInit
                0x08001b8c        0x4 C:\Users\Ryan\Real Documents\Gearbox_FW/mbed/TARGET_NUCLEO_F401RE/TOOLCHAIN_GCC_ARM/stm32f4xx_hal_uart.o
                0x08001b8c                HAL_UART_MspInit
 .text.HAL_UART_Init
                0x08001b90       0x5c C:\Users\Ryan\Real Documents\Gearbox_FW/mbed/TARGET_NUCLEO_F401RE/TOOLCHAIN_GCC_ARM/stm32f4xx_hal_uart.o
                0x08001b90                HAL_UART_Init
 .text.SystemCoreClockUpdate
                0x08001bec       0x70 C:\Users\Ryan\Real Documents\Gearbox_FW/mbed/TARGET_NUCLEO_F401RE/TOOLCHAIN_GCC_ARM/system_stm32f4xx.o
                0x08001bec                SystemCoreClockUpdate
 .text.SetSysClock_PLL_HSE
                0x08001c5c       0x94 C:\Users\Ryan\Real Documents\Gearbox_FW/mbed/TARGET_NUCLEO_F401RE/TOOLCHAIN_GCC_ARM/system_stm32f4xx.o
                0x08001c5c                SetSysClock_PLL_HSE
 .text.SetSysClock_PLL_HSI
                0x08001cf0       0x98 C:\Users\Ryan\Real Documents\Gearbox_FW/mbed/TARGET_NUCLEO_F401RE/TOOLCHAIN_GCC_ARM/system_stm32f4xx.o
                0x08001cf0                SetSysClock_PLL_HSI
 .text.SetSysClock
                0x08001d88       0x20 C:\Users\Ryan\Real Documents\Gearbox_FW/mbed/TARGET_NUCLEO_F401RE/TOOLCHAIN_GCC_ARM/system_stm32f4xx.o
                0x08001d88                SetSysClock
 .text.SystemInit
                0x08001da8       0x74 C:\Users\Ryan\Real Documents\Gearbox_FW/mbed/TARGET_NUCLEO_F401RE/TOOLCHAIN_GCC_ARM/system_stm32f4xx.o
                0x08001da8                SystemInit
 .text.gpio_write
                0x08001e1c       0x2c ..\obj\Current_Sense..o
 .text._ZN4mbed10DigitalOutC2E7PinName
                0x08001e48       0x1a ..\obj\Current_Sense..o
                0x08001e48                mbed::DigitalOut::DigitalOut(PinName)
                0x08001e48                mbed::DigitalOut::DigitalOut(PinName)
 .text._ZN13Current_SenseC2Ev
                0x08001e62       0x32 ..\obj\Current_Sense..o
                0x08001e62                Current_Sense::Current_Sense()
                0x08001e62                Current_Sense::Current_Sense()
 .text._ZN13Current_Sense8set_gainE10sense_gain
                0x08001e94       0x48 ..\obj\Current_Sense..o
                0x08001e94                Current_Sense::set_gain(sense_gain)
 .text._ZN13Current_Sense4initEv
                0x08001edc       0x1a ..\obj\Current_Sense..o
                0x08001edc                Current_Sense::init()
 .text._ZN13Current_Sense3offEv
                0x08001ef6       0x24 ..\obj\Current_Sense..o
                0x08001ef6                Current_Sense::off()
 *fill*         0x08001f1a        0x2 
 .text.startup._GLOBAL__sub_I_Button_P
                0x08001f1c       0x68 ..\obj\Declarations.o
 .text._ZN7MMA8652D2Ev
                0x08001f84        0x2 ..\obj\MMA8652.o
                0x08001f84                MMA8652::~MMA8652()
                0x08001f84                MMA8652::~MMA8652()
 .text._ZN7MMA86527RegReadEcPci
                0x08001f86       0x2c ..\obj\MMA8652.o
                0x08001f86                MMA8652::RegRead(char, char*, int)
 .text._ZN7MMA86525beginEv
                0x08001fb2       0x50 ..\obj\MMA8652.o
                0x08001fb2                MMA8652::begin()
 .text._ZN7MMA8652C2E7PinNameS0_
                0x08002002       0x12 ..\obj\MMA8652.o
                0x08002002                MMA8652::MMA8652(PinName, PinName)
                0x08002002                MMA8652::MMA8652(PinName, PinName)
 .text._ZN7MMA86527ReadXYZEPf
                0x08002014       0x74 ..\obj\MMA8652.o
                0x08002014                MMA8652::ReadXYZ(float*)
 .text.gpio_write
                0x08002088       0x2c ..\obj\Motor.o
 .text._ZN10Motor_CtrlC2Ev
                0x080020b4       0x5c ..\obj\Motor.o
                0x080020b4                Motor_Ctrl::Motor_Ctrl()
                0x080020b4                Motor_Ctrl::Motor_Ctrl()
 .text._ZN10Motor_Ctrl5run_FEf
                0x08002110       0x2e ..\obj\Motor.o
                0x08002110                Motor_Ctrl::run_F(float)
 .text._ZN10Motor_Ctrl5run_REf
                0x0800213e       0x2e ..\obj\Motor.o
                0x0800213e                Motor_Ctrl::run_R(float)
 .text._ZN10Motor_Ctrl3offEv
                0x0800216c       0x2e ..\obj\Motor.o
                0x0800216c                Motor_Ctrl::off()
 *fill*         0x0800219a        0x6 
 .text._ZN3PIDC2ER10Motor_CtrlR13Current_SenseR7MMA8652ffff
                0x080021a0       0x8c ..\obj\PID_Control.o
                0x080021a0                PID::PID(Motor_Ctrl&, Current_Sense&, MMA8652&, float, float, float, float)
                0x080021a0                PID::PID(Motor_Ctrl&, Current_Sense&, MMA8652&, float, float, float, float)
 .text._ZN3PID14Fill_XY_BufferEv
                0x0800222c       0x2c ..\obj\PID_Control.o
                0x0800222c                PID::Fill_XY_Buffer()
 .text._ZN3PID8Read_AccEv
                0x08002258       0x90 ..\obj\PID_Control.o
                0x08002258                PID::Read_Acc()
 .text._ZN3PID17Fill_Angle_BufferEv
                0x080022e8       0x6c ..\obj\PID_Control.o
                0x080022e8                PID::Fill_Angle_Buffer()
 *fill*         0x08002354        0x4 
 .text._ZN3PID10Read_AngleEv
                0x08002358       0x80 ..\obj\PID_Control.o
                0x08002358                PID::Read_Angle()
 .text._ZN3PID23Fill_Angular_Spd_BufferEv
                0x080023d8       0x3c ..\obj\PID_Control.o
                0x080023d8                PID::Fill_Angular_Spd_Buffer()
 .text._ZN3PID16Calc_Angular_SpdEv
                0x08002414       0x50 ..\obj\PID_Control.o
                0x08002414                PID::Calc_Angular_Spd()
 .text._ZN3PID18Clear_Error_BufferEv
                0x08002464       0x14 ..\obj\PID_Control.o
                0x08002464                PID::Clear_Error_Buffer()
 .text._ZN3PID8PID_InitEv
                0x08002478       0x2c ..\obj\PID_Control.o
                0x08002478                PID::PID_Init()
 .text._ZN3PID10Calc_ErrorEv
                0x080024a4       0x5c ..\obj\PID_Control.o
                0x080024a4                PID::Calc_Error()
 .text._ZN3PID15Integrate_ErrorEv
                0x08002500       0x2c ..\obj\PID_Control.o
                0x08002500                PID::Integrate_Error()
 .text._ZN3PID14Derivate_ErrorEv
                0x0800252c       0x2c ..\obj\PID_Control.o
                0x0800252c                PID::Derivate_Error()
 .text._ZN3PID11PID_ControlEv
                0x08002558      0x174 ..\obj\PID_Control.o
                0x08002558                PID::PID_Control()
 .text._ZN3PID9set_speedEf
                0x080026cc        0x8 ..\obj\PID_Control.o
                0x080026cc                PID::set_speed(float)
 .text._ZN4mbed10SerialBaseD2Ev
                0x080026d4        0x2 ..\obj\main.o
                0x080026d4                mbed::SerialBase::~SerialBase()
                0x080026d4                mbed::SerialBase::~SerialBase()
 .text._ZN4mbed19FunctionPointerArg1IvvE12membercallerI3PIDEEvPvPj
                0x080026d6       0x18 ..\obj\main.o
                0x080026d6                void mbed::FunctionPointerArg1<void, void>::membercaller<PID>(void*, unsigned int*)
 *fill*         0x080026ee        0x2 
 .text._ZN4mbed6TickerD2Ev
                0x080026f0       0x1c ..\obj\main.o
                0x080026f0                mbed::Ticker::~Ticker()
                0x080026f0                mbed::Ticker::~Ticker()
 .text._ZN4mbed7TimeoutD2Ev
                0x0800270c       0x14 ..\obj\main.o
                0x0800270c                mbed::Timeout::~Timeout()
                0x0800270c                mbed::Timeout::~Timeout()
 .text._ZN4mbed10SerialBaseD0Ev
                0x08002720        0xc ..\obj\main.o
                0x08002720                mbed::SerialBase::~SerialBase()
 .text._ZN4mbed6SerialD2Ev
                0x0800272c       0x20 ..\obj\main.o
                0x0800272c                mbed::Serial::~Serial()
                0x0800272c                mbed::Serial::~Serial()
 .text._ZN4mbed6SerialD1Ev
                0x0800274c       0x10 ..\obj\main.o
                0x0800274c                non-virtual thunk to mbed::Serial::~Serial()
                0x08002754                non-virtual thunk to mbed::Serial::~Serial()
 .text._Z9pressed_Rv
                0x0800275c       0xb4 ..\obj\main.o
                0x0800275c                pressed_R()
 .text._Z9pressed_Fv
                0x08002810       0xb4 ..\obj\main.o
                0x08002810                pressed_F()
 .text._ZN4mbed6TickerD0Ev
                0x080028c4       0x12 ..\obj\main.o
                0x080028c4                mbed::Ticker::~Ticker()
 *fill*         0x080028d6        0x2 
 .text.startup.main
                0x080028d8       0xe0 ..\obj\main.o
                0x080028d8                main
 .text._ZN4mbed6SerialD0Ev
                0x080029b8       0x1e ..\obj\main.o
                0x080029b8                mbed::Serial::~Serial()
                0x080029ca                non-virtual thunk to mbed::Serial::~Serial()
                0x080029d0                non-virtual thunk to mbed::Serial::~Serial()
 .text._ZN4mbed7TimeoutD0Ev
                0x080029d6       0x12 ..\obj\main.o
                0x080029d6                mbed::Timeout::~Timeout()
 .text.startup._GLOBAL__sub_I_pc
                0x080029e8       0xe8 ..\obj\main.o
 .text._ZN10power_mgmtC2ER10Motor_CtrlR13Current_Sense
                0x08002ad0       0x16 ..\obj\power.o
                0x08002ad0                power_mgmt::power_mgmt(Motor_Ctrl&, Current_Sense&)
                0x08002ad0                power_mgmt::power_mgmt(Motor_Ctrl&, Current_Sense&)
 *fill*         0x08002ae6        0x2 
 .text._ZN10power_mgmt14battery_statusEv
                0x08002ae8      0x1b0 ..\obj\power.o
                0x08002ae8                power_mgmt::battery_status()
 .text._ZN10power_mgmt5sleepEv
                0x08002c98       0x20 ..\obj\power.o
                0x08002c98                power_mgmt::sleep()
 .text._ZN10power_mgmt4wakeEv
                0x08002cb8        0x6 ..\obj\power.o
                0x08002cb8                power_mgmt::wake()
 *fill*         0x08002cbe        0x2 
 .text.analogin_init
                0x08002cc0       0xb0 C:\Users\Ryan\Real Documents\Gearbox_FW/mbed/TARGET_NUCLEO_F401RE/TOOLCHAIN_GCC_ARM\libmbed.a(analogin_api.o)
                0x08002cc0                analogin_init
 .text.analogin_read
                0x08002d70       0xe4 C:\Users\Ryan\Real Documents\Gearbox_FW/mbed/TARGET_NUCLEO_F401RE/TOOLCHAIN_GCC_ARM\libmbed.a(analogin_api.o)
                0x08002d70                analogin_read
 .text.pwmout_write
                0x08002e54       0xb0 C:\Users\Ryan\Real Documents\Gearbox_FW/mbed/TARGET_NUCLEO_F401RE/TOOLCHAIN_GCC_ARM\libmbed.a(pwmout_api.o)
                0x08002e54                pwmout_write
 .text.pwmout_period_us
                0x08002f04      0x138 C:\Users\Ryan\Real Documents\Gearbox_FW/mbed/TARGET_NUCLEO_F401RE/TOOLCHAIN_GCC_ARM\libmbed.a(pwmout_api.o)
                0x08002f04                pwmout_period_us
 .text.pwmout_init
                0x0800303c      0x158 C:\Users\Ryan\Real Documents\Gearbox_FW/mbed/TARGET_NUCLEO_F401RE/TOOLCHAIN_GCC_ARM\libmbed.a(pwmout_api.o)
                0x0800303c                pwmout_init
 .text.pwmout_period
                0x08003194       0x1c C:\Users\Ryan\Real Documents\Gearbox_FW/mbed/TARGET_NUCLEO_F401RE/TOOLCHAIN_GCC_ARM\libmbed.a(pwmout_api.o)
                0x08003194                pwmout_period
 .text.init_uart
                0x080031b0       0x58 C:\Users\Ryan\Real Documents\Gearbox_FW/mbed/TARGET_NUCLEO_F401RE/TOOLCHAIN_GCC_ARM\libmbed.a(serial_api.o)
 .text.serial_init
                0x08003208      0x120 C:\Users\Ryan\Real Documents\Gearbox_FW/mbed/TARGET_NUCLEO_F401RE/TOOLCHAIN_GCC_ARM\libmbed.a(serial_api.o)
                0x08003208                serial_init
 .text.serial_baud
                0x08003328        0x8 C:\Users\Ryan\Real Documents\Gearbox_FW/mbed/TARGET_NUCLEO_F401RE/TOOLCHAIN_GCC_ARM\libmbed.a(serial_api.o)
                0x08003328                serial_baud
 .text.serial_irq_handler
                0x08003330       0x1c C:\Users\Ryan\Real Documents\Gearbox_FW/mbed/TARGET_NUCLEO_F401RE/TOOLCHAIN_GCC_ARM\libmbed.a(serial_api.o)
                0x08003330                serial_irq_handler
 .text.serial_getc
                0x0800334c       0x18 C:\Users\Ryan\Real Documents\Gearbox_FW/mbed/TARGET_NUCLEO_F401RE/TOOLCHAIN_GCC_ARM\libmbed.a(serial_api.o)
                0x0800334c                serial_getc
 .text.serial_putc
                0x08003364       0x18 C:\Users\Ryan\Real Documents\Gearbox_FW/mbed/TARGET_NUCLEO_F401RE/TOOLCHAIN_GCC_ARM\libmbed.a(serial_api.o)
                0x08003364                serial_putc
 .text.sleep    0x0800337c       0x2c C:\Users\Ryan\Real Documents\Gearbox_FW/mbed/TARGET_NUCLEO_F401RE/TOOLCHAIN_GCC_ARM\libmbed.a(sleep.o)
                0x0800337c                sleep
 .text._ZN4mbed8FilePathC2EPKc
                0x080033a8       0x58 C:\Users\Ryan\Real Documents\Gearbox_FW/mbed/TARGET_NUCLEO_F401RE/TOOLCHAIN_GCC_ARM\libmbed.a(FilePath.o)
                0x080033a8                mbed::FilePath::FilePath(char const*)
                0x080033a8                mbed::FilePath::FilePath(char const*)
 .text._ZN4mbed8FilePath8fileNameEv
                0x08003400        0x4 C:\Users\Ryan\Real Documents\Gearbox_FW/mbed/TARGET_NUCLEO_F401RE/TOOLCHAIN_GCC_ARM\libmbed.a(FilePath.o)
                0x08003400                mbed::FilePath::fileName()
 .text._ZN4mbed8FilePath10fileSystemEv
                0x08003404       0x18 C:\Users\Ryan\Real Documents\Gearbox_FW/mbed/TARGET_NUCLEO_F401RE/TOOLCHAIN_GCC_ARM\libmbed.a(FilePath.o)
                0x08003404                mbed::FilePath::fileSystem()
 .text._ZN4mbed8FilePath6isFileEv
                0x0800341c       0x14 C:\Users\Ryan\Real Documents\Gearbox_FW/mbed/TARGET_NUCLEO_F401RE/TOOLCHAIN_GCC_ARM\libmbed.a(FilePath.o)
                0x0800341c                mbed::FilePath::isFile()
 .text._ZN4mbed8FilePath4fileEv
                0x08003430       0x1c C:\Users\Ryan\Real Documents\Gearbox_FW/mbed/TARGET_NUCLEO_F401RE/TOOLCHAIN_GCC_ARM\libmbed.a(FilePath.o)
                0x08003430                mbed::FilePath::file()
 .text._ZN4mbed8FilePath6existsEv
                0x0800344c        0xc C:\Users\Ryan\Real Documents\Gearbox_FW/mbed/TARGET_NUCLEO_F401RE/TOOLCHAIN_GCC_ARM\libmbed.a(FilePath.o)
                0x0800344c                mbed::FilePath::exists()
 .text._ZN4mbed3I2CC2E7PinNameS1_
                0x08003458       0x24 C:\Users\Ryan\Real Documents\Gearbox_FW/mbed/TARGET_NUCLEO_F401RE/TOOLCHAIN_GCC_ARM\libmbed.a(I2C.o)
                0x08003458                mbed::I2C::I2C(PinName, PinName)
                0x08003458                mbed::I2C::I2C(PinName, PinName)
 .text._ZN4mbed3I2C6aquireEv
                0x0800347c       0x1c C:\Users\Ryan\Real Documents\Gearbox_FW/mbed/TARGET_NUCLEO_F401RE/TOOLCHAIN_GCC_ARM\libmbed.a(I2C.o)
                0x0800347c                mbed::I2C::aquire()
 .text._ZN4mbed3I2C5writeEiPKcib
                0x08003498       0x34 C:\Users\Ryan\Real Documents\Gearbox_FW/mbed/TARGET_NUCLEO_F401RE/TOOLCHAIN_GCC_ARM\libmbed.a(I2C.o)
                0x08003498                mbed::I2C::write(int, char const*, int, bool)
 .text._ZN4mbed3I2C4readEiPcib
                0x080034cc       0x34 C:\Users\Ryan\Real Documents\Gearbox_FW/mbed/TARGET_NUCLEO_F401RE/TOOLCHAIN_GCC_ARM\libmbed.a(I2C.o)
                0x080034cc                mbed::I2C::read(int, char*, int, bool)
 .text._ZN4mbed11InterruptInD2Ev
                0x08003500       0x18 C:\Users\Ryan\Real Documents\Gearbox_FW/mbed/TARGET_NUCLEO_F401RE/TOOLCHAIN_GCC_ARM\libmbed.a(InterruptIn.o)
                0x08003500                mbed::InterruptIn::~InterruptIn()
                0x08003500                mbed::InterruptIn::~InterruptIn()
 .text._ZN4mbed11InterruptInD0Ev
                0x08003518       0x1c C:\Users\Ryan\Real Documents\Gearbox_FW/mbed/TARGET_NUCLEO_F401RE/TOOLCHAIN_GCC_ARM\libmbed.a(InterruptIn.o)
                0x08003518                mbed::InterruptIn::~InterruptIn()
 .text._ZN4mbed11InterruptIn12_irq_handlerEm14gpio_irq_event
                0x08003534       0x44 C:\Users\Ryan\Real Documents\Gearbox_FW/mbed/TARGET_NUCLEO_F401RE/TOOLCHAIN_GCC_ARM\libmbed.a(InterruptIn.o)
                0x08003534                mbed::InterruptIn::_irq_handler(unsigned long, gpio_irq_event)
 .text._ZN4mbed11InterruptInC2E7PinName
                0x08003578       0x44 C:\Users\Ryan\Real Documents\Gearbox_FW/mbed/TARGET_NUCLEO_F401RE/TOOLCHAIN_GCC_ARM\libmbed.a(InterruptIn.o)
                0x08003578                mbed::InterruptIn::InterruptIn(PinName)
                0x08003578                mbed::InterruptIn::InterruptIn(PinName)
 .text._ZN4mbed11InterruptIn4fallEPFvvE
                0x080035bc       0x1c C:\Users\Ryan\Real Documents\Gearbox_FW/mbed/TARGET_NUCLEO_F401RE/TOOLCHAIN_GCC_ARM\libmbed.a(InterruptIn.o)
                0x080035bc                mbed::InterruptIn::fall(void (*)())
 .text._ZN4mbed6Serial5_getcEv
                0x080035d8        0x4 C:\Users\Ryan\Real Documents\Gearbox_FW/mbed/TARGET_NUCLEO_F401RE/TOOLCHAIN_GCC_ARM\libmbed.a(Serial.o)
                0x080035d8                mbed::Serial::_getc()
 .text._ZThn84_N4mbed6Serial5_getcEv
                0x080035dc        0x8 C:\Users\Ryan\Real Documents\Gearbox_FW/mbed/TARGET_NUCLEO_F401RE/TOOLCHAIN_GCC_ARM\libmbed.a(Serial.o)
                0x080035dc                non-virtual thunk to mbed::Serial::_getc()
 .text._ZN4mbed6Serial5_putcEi
                0x080035e4        0x4 C:\Users\Ryan\Real Documents\Gearbox_FW/mbed/TARGET_NUCLEO_F401RE/TOOLCHAIN_GCC_ARM\libmbed.a(Serial.o)
                0x080035e4                mbed::Serial::_putc(int)
 .text._ZThn84_N4mbed6Serial5_putcEi
                0x080035e8        0x8 C:\Users\Ryan\Real Documents\Gearbox_FW/mbed/TARGET_NUCLEO_F401RE/TOOLCHAIN_GCC_ARM\libmbed.a(Serial.o)
                0x080035e8                non-virtual thunk to mbed::Serial::_putc(int)
 .text._ZN4mbed6SerialC2E7PinNameS1_PKc
                0x080035f0       0x30 C:\Users\Ryan\Real Documents\Gearbox_FW/mbed/TARGET_NUCLEO_F401RE/TOOLCHAIN_GCC_ARM\libmbed.a(Serial.o)
                0x080035f0                mbed::Serial::Serial(PinName, PinName, char const*)
                0x080035f0                mbed::Serial::Serial(PinName, PinName, char const*)
 .text._ZN4mbed10SerialBase12_irq_handlerEm9SerialIrq
                0x08003620       0x24 C:\Users\Ryan\Real Documents\Gearbox_FW/mbed/TARGET_NUCLEO_F401RE/TOOLCHAIN_GCC_ARM\libmbed.a(SerialBase.o)
                0x08003620                mbed::SerialBase::_irq_handler(unsigned long, SerialIrq)
 .text._ZN4mbed10SerialBaseC2E7PinNameS1_
                0x08003644       0x48 C:\Users\Ryan\Real Documents\Gearbox_FW/mbed/TARGET_NUCLEO_F401RE/TOOLCHAIN_GCC_ARM\libmbed.a(SerialBase.o)
                0x08003644                mbed::SerialBase::SerialBase(PinName, PinName)
                0x08003644                mbed::SerialBase::SerialBase(PinName, PinName)
 .text._ZN4mbed10SerialBase4baudEi
                0x0800368c       0x10 C:\Users\Ryan\Real Documents\Gearbox_FW/mbed/TARGET_NUCLEO_F401RE/TOOLCHAIN_GCC_ARM\libmbed.a(SerialBase.o)
                0x0800368c                mbed::SerialBase::baud(int)
 .text._ZN4mbed10SerialBase10_base_getcEv
                0x0800369c        0x8 C:\Users\Ryan\Real Documents\Gearbox_FW/mbed/TARGET_NUCLEO_F401RE/TOOLCHAIN_GCC_ARM\libmbed.a(SerialBase.o)
                0x0800369c                mbed::SerialBase::_base_getc()
 .text._ZN4mbed10SerialBase10_base_putcEi
                0x080036a4       0x10 C:\Users\Ryan\Real Documents\Gearbox_FW/mbed/TARGET_NUCLEO_F401RE/TOOLCHAIN_GCC_ARM\libmbed.a(SerialBase.o)
                0x080036a4                mbed::SerialBase::_base_putc(int)
 .text._ZN4mbed6Stream5closeEv
                0x080036b4        0x4 C:\Users\Ryan\Real Documents\Gearbox_FW/mbed/TARGET_NUCLEO_F401RE/TOOLCHAIN_GCC_ARM\libmbed.a(Stream.o)
                0x080036b4                mbed::Stream::close()
 .text._ZN4mbed6Stream5writeEPKvj
                0x080036b8       0x30 C:\Users\Ryan\Real Documents\Gearbox_FW/mbed/TARGET_NUCLEO_F401RE/TOOLCHAIN_GCC_ARM\libmbed.a(Stream.o)
                0x080036b8                mbed::Stream::write(void const*, unsigned int)
 .text._ZN4mbed6Stream4readEPvj
                0x080036e8       0x30 C:\Users\Ryan\Real Documents\Gearbox_FW/mbed/TARGET_NUCLEO_F401RE/TOOLCHAIN_GCC_ARM\libmbed.a(Stream.o)
                0x080036e8                mbed::Stream::read(void*, unsigned int)
 .text._ZN4mbed6Stream5lseekEli
                0x08003718        0x4 C:\Users\Ryan\Real Documents\Gearbox_FW/mbed/TARGET_NUCLEO_F401RE/TOOLCHAIN_GCC_ARM\libmbed.a(Stream.o)
                0x08003718                mbed::Stream::lseek(long, int)
 .text._ZN4mbed6Stream6isattyEv
                0x0800371c        0x4 C:\Users\Ryan\Real Documents\Gearbox_FW/mbed/TARGET_NUCLEO_F401RE/TOOLCHAIN_GCC_ARM\libmbed.a(Stream.o)
                0x0800371c                mbed::Stream::isatty()
 .text._ZN4mbed6Stream5fsyncEv
                0x08003720        0x4 C:\Users\Ryan\Real Documents\Gearbox_FW/mbed/TARGET_NUCLEO_F401RE/TOOLCHAIN_GCC_ARM\libmbed.a(Stream.o)
                0x08003720                mbed::Stream::fsync()
 .text._ZN4mbed6Stream4flenEv
                0x08003724        0x4 C:\Users\Ryan\Real Documents\Gearbox_FW/mbed/TARGET_NUCLEO_F401RE/TOOLCHAIN_GCC_ARM\libmbed.a(Stream.o)
                0x08003724                mbed::Stream::flen()
 .text._ZN4mbed6StreamD2Ev
                0x08003728       0x24 C:\Users\Ryan\Real Documents\Gearbox_FW/mbed/TARGET_NUCLEO_F401RE/TOOLCHAIN_GCC_ARM\libmbed.a(Stream.o)
                0x08003728                mbed::Stream::~Stream()
                0x08003728                mbed::Stream::~Stream()
 .text._ZThn4_N4mbed6StreamD1Ev
                0x0800374c        0x8 C:\Users\Ryan\Real Documents\Gearbox_FW/mbed/TARGET_NUCLEO_F401RE/TOOLCHAIN_GCC_ARM\libmbed.a(Stream.o)
                0x0800374c                non-virtual thunk to mbed::Stream::~Stream()
 .text._ZN4mbed6StreamD0Ev
                0x08003754       0x14 C:\Users\Ryan\Real Documents\Gearbox_FW/mbed/TARGET_NUCLEO_F401RE/TOOLCHAIN_GCC_ARM\libmbed.a(Stream.o)
                0x08003754                mbed::Stream::~Stream()
 .text._ZThn4_N4mbed6StreamD0Ev
                0x08003768        0x8 C:\Users\Ryan\Real Documents\Gearbox_FW/mbed/TARGET_NUCLEO_F401RE/TOOLCHAIN_GCC_ARM\libmbed.a(Stream.o)
                0x08003768                non-virtual thunk to mbed::Stream::~Stream()
 .text._ZN4mbed6StreamC2EPKc
                0x08003770       0x44 C:\Users\Ryan\Real Documents\Gearbox_FW/mbed/TARGET_NUCLEO_F401RE/TOOLCHAIN_GCC_ARM\libmbed.a(Stream.o)
                0x08003770                mbed::Stream::Stream(char const*)
                0x08003770                mbed::Stream::Stream(char const*)
 .text._ZN4mbed6Stream6printfEPKcz
                0x080037b4       0x2c C:\Users\Ryan\Real Documents\Gearbox_FW/mbed/TARGET_NUCLEO_F401RE/TOOLCHAIN_GCC_ARM\libmbed.a(Stream.o)
                0x080037b4                mbed::Stream::printf(char const*, ...)
 .text._ZN4mbed6Ticker7handlerEv
                0x080037e0       0x28 C:\Users\Ryan\Real Documents\Gearbox_FW/mbed/TARGET_NUCLEO_F401RE/TOOLCHAIN_GCC_ARM\libmbed.a(Ticker.o)
                0x080037e0                mbed::Ticker::handler()
 .text._ZN4mbed6Ticker6detachEv
                0x08003808       0x10 C:\Users\Ryan\Real Documents\Gearbox_FW/mbed/TARGET_NUCLEO_F401RE/TOOLCHAIN_GCC_ARM\libmbed.a(Ticker.o)
                0x08003808                mbed::Ticker::detach()
 .text._ZN4mbed6Ticker5setupEm
                0x08003818       0x20 C:\Users\Ryan\Real Documents\Gearbox_FW/mbed/TARGET_NUCLEO_F401RE/TOOLCHAIN_GCC_ARM\libmbed.a(Ticker.o)
                0x08003818                mbed::Ticker::setup(unsigned long)
 .text._ZN4mbed7Timeout7handlerEv
                0x08003838       0x1c C:\Users\Ryan\Real Documents\Gearbox_FW/mbed/TARGET_NUCLEO_F401RE/TOOLCHAIN_GCC_ARM\libmbed.a(Timeout.o)
                0x08003838                mbed::Timeout::handler()
 .text._ZN4mbed10TimerEvent3irqEm
                0x08003854        0xc C:\Users\Ryan\Real Documents\Gearbox_FW/mbed/TARGET_NUCLEO_F401RE/TOOLCHAIN_GCC_ARM\libmbed.a(TimerEvent.o)
                0x08003854                mbed::TimerEvent::irq(unsigned long)
 .text._ZN4mbed10TimerEventD2Ev
                0x08003860       0x18 C:\Users\Ryan\Real Documents\Gearbox_FW/mbed/TARGET_NUCLEO_F401RE/TOOLCHAIN_GCC_ARM\libmbed.a(TimerEvent.o)
                0x08003860                mbed::TimerEvent::~TimerEvent()
                0x08003860                mbed::TimerEvent::~TimerEvent()
 .text._ZN4mbed10TimerEventD0Ev
                0x08003878       0x20 C:\Users\Ryan\Real Documents\Gearbox_FW/mbed/TARGET_NUCLEO_F401RE/TOOLCHAIN_GCC_ARM\libmbed.a(TimerEvent.o)
                0x08003878                mbed::TimerEvent::~TimerEvent()
 .text._ZN4mbed10TimerEventC2Ev
                0x08003898       0x28 C:\Users\Ryan\Real Documents\Gearbox_FW/mbed/TARGET_NUCLEO_F401RE/TOOLCHAIN_GCC_ARM\libmbed.a(TimerEvent.o)
                0x08003898                mbed::TimerEvent::TimerEvent()
                0x08003898                mbed::TimerEvent::TimerEvent()
 .text._ZN4mbed10TimerEvent6insertEm
                0x080038c0        0xc C:\Users\Ryan\Real Documents\Gearbox_FW/mbed/TARGET_NUCLEO_F401RE/TOOLCHAIN_GCC_ARM\libmbed.a(TimerEvent.o)
                0x080038c0                mbed::TimerEvent::insert(unsigned long)
 .text._ZN4mbed10TimerEvent6removeEv
                0x080038cc        0x8 C:\Users\Ryan\Real Documents\Gearbox_FW/mbed/TARGET_NUCLEO_F401RE/TOOLCHAIN_GCC_ARM\libmbed.a(TimerEvent.o)
                0x080038cc                mbed::TimerEvent::remove()
 .text.mbed_assert_internal
                0x080038d4       0x18 C:\Users\Ryan\Real Documents\Gearbox_FW/mbed/TARGET_NUCLEO_F401RE/TOOLCHAIN_GCC_ARM\libmbed.a(assert.o)
                0x080038d4                mbed_assert_internal
 .text.error    0x080038ec       0x24 C:\Users\Ryan\Real Documents\Gearbox_FW/mbed/TARGET_NUCLEO_F401RE/TOOLCHAIN_GCC_ARM\libmbed.a(error.o)
                0x080038ec                error
 .text.gpio_init_in
                0x08003910       0x24 C:\Users\Ryan\Real Documents\Gearbox_FW/mbed/TARGET_NUCLEO_F401RE/TOOLCHAIN_GCC_ARM\libmbed.a(gpio.o)
                0x08003910                gpio_init_in
 .text.gpio_init_out
                0x08003934       0x48 C:\Users\Ryan\Real Documents\Gearbox_FW/mbed/TARGET_NUCLEO_F401RE/TOOLCHAIN_GCC_ARM\libmbed.a(gpio.o)
                0x08003934                gpio_init_out
 .text.pinmap_pinout
                0x0800397c       0x44 C:\Users\Ryan\Real Documents\Gearbox_FW/mbed/TARGET_NUCLEO_F401RE/TOOLCHAIN_GCC_ARM\libmbed.a(pinmap_common.o)
                0x0800397c                pinmap_pinout
 .text.pinmap_merge
                0x080039c0       0x24 C:\Users\Ryan\Real Documents\Gearbox_FW/mbed/TARGET_NUCLEO_F401RE/TOOLCHAIN_GCC_ARM\libmbed.a(pinmap_common.o)
                0x080039c0                pinmap_merge
 .text.pinmap_peripheral
                0x080039e4       0x34 C:\Users\Ryan\Real Documents\Gearbox_FW/mbed/TARGET_NUCLEO_F401RE/TOOLCHAIN_GCC_ARM\libmbed.a(pinmap_common.o)
                0x080039e4                pinmap_peripheral
 .text.pinmap_function
                0x08003a18       0x34 C:\Users\Ryan\Real Documents\Gearbox_FW/mbed/TARGET_NUCLEO_F401RE/TOOLCHAIN_GCC_ARM\libmbed.a(pinmap_common.o)
                0x08003a18                pinmap_function
 .text.ticker_set_handler
                0x08003a4c       0x14 C:\Users\Ryan\Real Documents\Gearbox_FW/mbed/TARGET_NUCLEO_F401RE/TOOLCHAIN_GCC_ARM\libmbed.a(ticker_api.o)
                0x08003a4c                ticker_set_handler
 .text.ticker_irq_handler
                0x08003a60       0x48 C:\Users\Ryan\Real Documents\Gearbox_FW/mbed/TARGET_NUCLEO_F401RE/TOOLCHAIN_GCC_ARM\libmbed.a(ticker_api.o)
                0x08003a60                ticker_irq_handler
 .text.ticker_insert_event
                0x08003aa8       0x48 C:\Users\Ryan\Real Documents\Gearbox_FW/mbed/TARGET_NUCLEO_F401RE/TOOLCHAIN_GCC_ARM\libmbed.a(ticker_api.o)
                0x08003aa8                ticker_insert_event
 .text.ticker_remove_event
                0x08003af0       0x48 C:\Users\Ryan\Real Documents\Gearbox_FW/mbed/TARGET_NUCLEO_F401RE/TOOLCHAIN_GCC_ARM\libmbed.a(ticker_api.o)
                0x08003af0                ticker_remove_event
 .text.ticker_read
                0x08003b38        0xc C:\Users\Ryan\Real Documents\Gearbox_FW/mbed/TARGET_NUCLEO_F401RE/TOOLCHAIN_GCC_ARM\libmbed.a(ticker_api.o)
                0x08003b38                ticker_read
 .text.get_us_ticker_data
                0x08003b44        0x8 C:\Users\Ryan\Real Documents\Gearbox_FW/mbed/TARGET_NUCLEO_F401RE/TOOLCHAIN_GCC_ARM\libmbed.a(us_ticker_api.o)
                0x08003b44                get_us_ticker_data
 .text.us_ticker_irq_handler
                0x08003b4c        0xc C:\Users\Ryan\Real Documents\Gearbox_FW/mbed/TARGET_NUCLEO_F401RE/TOOLCHAIN_GCC_ARM\libmbed.a(us_ticker_api.o)
                0x08003b4c                us_ticker_irq_handler
 .text.wait_us  0x08003b58       0x18 C:\Users\Ryan\Real Documents\Gearbox_FW/mbed/TARGET_NUCLEO_F401RE/TOOLCHAIN_GCC_ARM\libmbed.a(wait_api.o)
                0x08003b58                wait_us
 .text.wait     0x08003b70       0x1c C:\Users\Ryan\Real Documents\Gearbox_FW/mbed/TARGET_NUCLEO_F401RE/TOOLCHAIN_GCC_ARM\libmbed.a(wait_api.o)
                0x08003b70                wait
 .text.wait_ms  0x08003b8c        0xc C:\Users\Ryan\Real Documents\Gearbox_FW/mbed/TARGET_NUCLEO_F401RE/TOOLCHAIN_GCC_ARM\libmbed.a(wait_api.o)
                0x08003b8c                wait_ms
 .text.gpio_set
                0x08003b98       0x30 C:\Users\Ryan\Real Documents\Gearbox_FW/mbed/TARGET_NUCLEO_F401RE/TOOLCHAIN_GCC_ARM\libmbed.a(gpio_api.o)
                0x08003b98                gpio_set
 .text.gpio_init
                0x08003bc8       0x2c C:\Users\Ryan\Real Documents\Gearbox_FW/mbed/TARGET_NUCLEO_F401RE/TOOLCHAIN_GCC_ARM\libmbed.a(gpio_api.o)
                0x08003bc8                gpio_init
 .text.gpio_mode
                0x08003bf4        0x8 C:\Users\Ryan\Real Documents\Gearbox_FW/mbed/TARGET_NUCLEO_F401RE/TOOLCHAIN_GCC_ARM\libmbed.a(gpio_api.o)
                0x08003bf4                gpio_mode
 .text.gpio_dir
                0x08003bfc       0x40 C:\Users\Ryan\Real Documents\Gearbox_FW/mbed/TARGET_NUCLEO_F401RE/TOOLCHAIN_GCC_ARM\libmbed.a(gpio_api.o)
                0x08003bfc                gpio_dir
 .text.handle_interrupt_in
                0x08003c3c       0x74 C:\Users\Ryan\Real Documents\Gearbox_FW/mbed/TARGET_NUCLEO_F401RE/TOOLCHAIN_GCC_ARM\libmbed.a(gpio_irq_api.o)
 .text.gpio_irq0
                0x08003cb0        0x8 C:\Users\Ryan\Real Documents\Gearbox_FW/mbed/TARGET_NUCLEO_F401RE/TOOLCHAIN_GCC_ARM\libmbed.a(gpio_irq_api.o)
 .text.gpio_irq1
                0x08003cb8        0x8 C:\Users\Ryan\Real Documents\Gearbox_FW/mbed/TARGET_NUCLEO_F401RE/TOOLCHAIN_GCC_ARM\libmbed.a(gpio_irq_api.o)
 .text.gpio_irq2
                0x08003cc0        0x8 C:\Users\Ryan\Real Documents\Gearbox_FW/mbed/TARGET_NUCLEO_F401RE/TOOLCHAIN_GCC_ARM\libmbed.a(gpio_irq_api.o)
 .text.gpio_irq3
                0x08003cc8        0x8 C:\Users\Ryan\Real Documents\Gearbox_FW/mbed/TARGET_NUCLEO_F401RE/TOOLCHAIN_GCC_ARM\libmbed.a(gpio_irq_api.o)
 .text.gpio_irq4
                0x08003cd0        0x8 C:\Users\Ryan\Real Documents\Gearbox_FW/mbed/TARGET_NUCLEO_F401RE/TOOLCHAIN_GCC_ARM\libmbed.a(gpio_irq_api.o)
 .text.gpio_irq5
                0x08003cd8        0x8 C:\Users\Ryan\Real Documents\Gearbox_FW/mbed/TARGET_NUCLEO_F401RE/TOOLCHAIN_GCC_ARM\libmbed.a(gpio_irq_api.o)
 .text.gpio_irq6
                0x08003ce0        0x8 C:\Users\Ryan\Real Documents\Gearbox_FW/mbed/TARGET_NUCLEO_F401RE/TOOLCHAIN_GCC_ARM\libmbed.a(gpio_irq_api.o)
 .text.gpio_irq_init
                0x08003ce8      0x154 C:\Users\Ryan\Real Documents\Gearbox_FW/mbed/TARGET_NUCLEO_F401RE/TOOLCHAIN_GCC_ARM\libmbed.a(gpio_irq_api.o)
                0x08003ce8                gpio_irq_init
 .text.gpio_irq_free
                0x08003e3c       0x48 C:\Users\Ryan\Real Documents\Gearbox_FW/mbed/TARGET_NUCLEO_F401RE/TOOLCHAIN_GCC_ARM\libmbed.a(gpio_irq_api.o)
                0x08003e3c                gpio_irq_free
 .text.gpio_irq_set
                0x08003e84       0x80 C:\Users\Ryan\Real Documents\Gearbox_FW/mbed/TARGET_NUCLEO_F401RE/TOOLCHAIN_GCC_ARM\libmbed.a(gpio_irq_api.o)
                0x08003e84                gpio_irq_set
 .text.i2c_frequency
                0x08003f04       0x70 C:\Users\Ryan\Real Documents\Gearbox_FW/mbed/TARGET_NUCLEO_F401RE/TOOLCHAIN_GCC_ARM\libmbed.a(i2c_api.o)
                0x08003f04                i2c_frequency
 .text.i2c_write
                0x08003f74       0xb8 C:\Users\Ryan\Real Documents\Gearbox_FW/mbed/TARGET_NUCLEO_F401RE/TOOLCHAIN_GCC_ARM\libmbed.a(i2c_api.o)
                0x08003f74                i2c_write
 .text.i2c_byte_read
                0x0800402c       0x38 C:\Users\Ryan\Real Documents\Gearbox_FW/mbed/TARGET_NUCLEO_F401RE/TOOLCHAIN_GCC_ARM\libmbed.a(i2c_api.o)
                0x0800402c                i2c_byte_read
 .text.i2c_read
                0x08004064       0xb8 C:\Users\Ryan\Real Documents\Gearbox_FW/mbed/TARGET_NUCLEO_F401RE/TOOLCHAIN_GCC_ARM\libmbed.a(i2c_api.o)
                0x08004064                i2c_read
 .text.i2c_reset
                0x0800411c       0x78 C:\Users\Ryan\Real Documents\Gearbox_FW/mbed/TARGET_NUCLEO_F401RE/TOOLCHAIN_GCC_ARM\libmbed.a(i2c_api.o)
                0x0800411c                i2c_reset
 .text.i2c_init
                0x08004194      0x15c C:\Users\Ryan\Real Documents\Gearbox_FW/mbed/TARGET_NUCLEO_F401RE/TOOLCHAIN_GCC_ARM\libmbed.a(i2c_api.o)
                0x08004194                i2c_init
 .text.Set_GPIO_Clock
                0x080042f0       0xec C:\Users\Ryan\Real Documents\Gearbox_FW/mbed/TARGET_NUCLEO_F401RE/TOOLCHAIN_GCC_ARM\libmbed.a(pinmap.o)
                0x080042f0                Set_GPIO_Clock
 .text.pin_function
                0x080043dc       0x60 C:\Users\Ryan\Real Documents\Gearbox_FW/mbed/TARGET_NUCLEO_F401RE/TOOLCHAIN_GCC_ARM\libmbed.a(pinmap.o)
                0x080043dc                pin_function
 .text.pin_mode
                0x0800443c       0x50 C:\Users\Ryan\Real Documents\Gearbox_FW/mbed/TARGET_NUCLEO_F401RE/TOOLCHAIN_GCC_ARM\libmbed.a(pinmap.o)
                0x0800443c                pin_mode
 .text.us_ticker_init
                0x0800448c       0x24 C:\Users\Ryan\Real Documents\Gearbox_FW/mbed/TARGET_NUCLEO_F401RE/TOOLCHAIN_GCC_ARM\libmbed.a(us_ticker.o)
                0x0800448c                us_ticker_init
 .text.us_ticker_read
                0x080044b0       0x1c C:\Users\Ryan\Real Documents\Gearbox_FW/mbed/TARGET_NUCLEO_F401RE/TOOLCHAIN_GCC_ARM\libmbed.a(us_ticker.o)
                0x080044b0                us_ticker_read
 .text.us_ticker_set_interrupt
                0x080044cc       0x14 C:\Users\Ryan\Real Documents\Gearbox_FW/mbed/TARGET_NUCLEO_F401RE/TOOLCHAIN_GCC_ARM\libmbed.a(us_ticker.o)
                0x080044cc                us_ticker_set_interrupt
 .text.us_ticker_disable_interrupt
                0x080044e0       0x14 C:\Users\Ryan\Real Documents\Gearbox_FW/mbed/TARGET_NUCLEO_F401RE/TOOLCHAIN_GCC_ARM\libmbed.a(us_ticker.o)
                0x080044e0                us_ticker_disable_interrupt
 .text.us_ticker_clear_interrupt
                0x080044f4       0x10 C:\Users\Ryan\Real Documents\Gearbox_FW/mbed/TARGET_NUCLEO_F401RE/TOOLCHAIN_GCC_ARM\libmbed.a(us_ticker.o)
                0x080044f4                us_ticker_clear_interrupt
 .text._ZN4mbed8FileBaseD2Ev
                0x08004504       0x30 C:\Users\Ryan\Real Documents\Gearbox_FW/mbed/TARGET_NUCLEO_F401RE/TOOLCHAIN_GCC_ARM\libmbed.a(FileBase.o)
                0x08004504                mbed::FileBase::~FileBase()
                0x08004504                mbed::FileBase::~FileBase()
 .text._ZN4mbed8FileBaseD0Ev
                0x08004534       0x3c C:\Users\Ryan\Real Documents\Gearbox_FW/mbed/TARGET_NUCLEO_F401RE/TOOLCHAIN_GCC_ARM\libmbed.a(FileBase.o)
                0x08004534                mbed::FileBase::~FileBase()
 .text._ZN4mbed8FileBaseC2EPKcNS_8PathTypeE
                0x08004570       0x20 C:\Users\Ryan\Real Documents\Gearbox_FW/mbed/TARGET_NUCLEO_F401RE/TOOLCHAIN_GCC_ARM\libmbed.a(FileBase.o)
                0x08004570                mbed::FileBase::FileBase(char const*, mbed::PathType)
                0x08004570                mbed::FileBase::FileBase(char const*, mbed::PathType)
 .text._ZN4mbed8FileBase6lookupEPKcj
                0x08004590       0x3c C:\Users\Ryan\Real Documents\Gearbox_FW/mbed/TARGET_NUCLEO_F401RE/TOOLCHAIN_GCC_ARM\libmbed.a(FileBase.o)
                0x08004590                mbed::FileBase::lookup(char const*, unsigned int)
 .text._ZN4mbed8FileBase11getPathTypeEv
                0x080045cc        0x4 C:\Users\Ryan\Real Documents\Gearbox_FW/mbed/TARGET_NUCLEO_F401RE/TOOLCHAIN_GCC_ARM\libmbed.a(FileBase.o)
                0x080045cc                mbed::FileBase::getPathType()
 .text._ZN4mbed8FileLikeD2Ev
                0x080045d0       0x24 C:\Users\Ryan\Real Documents\Gearbox_FW/mbed/TARGET_NUCLEO_F401RE/TOOLCHAIN_GCC_ARM\libmbed.a(FileLike.o)
                0x080045d0                mbed::FileLike::~FileLike()
                0x080045d0                mbed::FileLike::~FileLike()
 .text._ZThn4_N4mbed8FileLikeD1Ev
                0x080045f4        0x8 C:\Users\Ryan\Real Documents\Gearbox_FW/mbed/TARGET_NUCLEO_F401RE/TOOLCHAIN_GCC_ARM\libmbed.a(FileLike.o)
                0x080045f4                non-virtual thunk to mbed::FileLike::~FileLike()
 .text._ZN4mbed8FileLikeD0Ev
                0x080045fc       0x2c C:\Users\Ryan\Real Documents\Gearbox_FW/mbed/TARGET_NUCLEO_F401RE/TOOLCHAIN_GCC_ARM\libmbed.a(FileLike.o)
                0x080045fc                mbed::FileLike::~FileLike()
 .text._ZThn4_N4mbed8FileLikeD0Ev
                0x08004628        0x8 C:\Users\Ryan\Real Documents\Gearbox_FW/mbed/TARGET_NUCLEO_F401RE/TOOLCHAIN_GCC_ARM\libmbed.a(FileLike.o)
                0x08004628                non-virtual thunk to mbed::FileLike::~FileLike()
 .text._ZN4mbed8FileLikeC2EPKc
                0x08004630       0x28 C:\Users\Ryan\Real Documents\Gearbox_FW/mbed/TARGET_NUCLEO_F401RE/TOOLCHAIN_GCC_ARM\libmbed.a(FileLike.o)
                0x08004630                mbed::FileLike::FileLike(char const*)
                0x08004630                mbed::FileLike::FileLike(char const*)
 .text.__aeabi_atexit
                0x08004658        0xa c:/program files (x86)/gnu tools arm embedded/4.9 2015q3/bin/../lib/gcc/arm-none-eabi/4.9.3/../../../../arm-none-eabi/lib/armv7e-m/softfp\libstdc++_nano.a(atexit_arm.o)
                0x08004658                __aeabi_atexit
 .text._ZdlPv   0x08004662        0x4 c:/program files (x86)/gnu tools arm embedded/4.9 2015q3/bin/../lib/gcc/arm-none-eabi/4.9.3/../../../../arm-none-eabi/lib/armv7e-m/softfp\libstdc++_nano.a(del_op.o)
                0x08004662                operator delete(void*)
 *fill*         0x08004666        0x2 
 .text.atan2    0x08004668        0x4 c:/program files (x86)/gnu tools arm embedded/4.9 2015q3/bin/../lib/gcc/arm-none-eabi/4.9.3/../../../../arm-none-eabi/lib/armv7e-m/softfp\libm.a(lib_a-w_atan2.o)
                0x08004668                atan2
 *fill*         0x0800466c        0x4 
 .text.__ieee754_atan2
                0x08004670      0x204 c:/program files (x86)/gnu tools arm embedded/4.9 2015q3/bin/../lib/gcc/arm-none-eabi/4.9.3/../../../../arm-none-eabi/lib/armv7e-m/softfp\libm.a(lib_a-e_atan2.o)
                0x08004670                __ieee754_atan2
 *fill*         0x08004874        0x4 
 .text.atan     0x08004878      0x340 c:/program files (x86)/gnu tools arm embedded/4.9 2015q3/bin/../lib/gcc/arm-none-eabi/4.9.3/../../../../arm-none-eabi/lib/armv7e-m/softfp\libm.a(lib_a-s_atan.o)
                0x08004878                atan
 .text.fabs     0x08004bb8        0x8 c:/program files (x86)/gnu tools arm embedded/4.9 2015q3/bin/../lib/gcc/arm-none-eabi/4.9.3/../../../../arm-none-eabi/lib/armv7e-m/softfp\libm.a(lib_a-s_fabs.o)
                0x08004bb8                fabs
 .text          0x08004bc0      0x370 c:/program files (x86)/gnu tools arm embedded/4.9 2015q3/bin/../lib/gcc/arm-none-eabi/4.9.3/armv7e-m/softfp\libgcc.a(_arm_addsubdf3.o)
                0x08004bc0                __aeabi_drsub
                0x08004bc8                __aeabi_dsub
                0x08004bc8                __subdf3
                0x08004bcc                __aeabi_dadd
                0x08004bcc                __adddf3
                0x08004e44                __floatunsidf
                0x08004e44                __aeabi_ui2d
                0x08004e64                __floatsidf
                0x08004e64                __aeabi_i2d
                0x08004e88                __aeabi_f2d
                0x08004e88                __extendsfdf2
                0x08004ec4                __floatundidf
                0x08004ec4                __aeabi_ul2d
                0x08004ed4                __floatdidf
                0x08004ed4                __aeabi_l2d
 .text          0x08004f30      0x424 c:/program files (x86)/gnu tools arm embedded/4.9 2015q3/bin/../lib/gcc/arm-none-eabi/4.9.3/armv7e-m/softfp\libgcc.a(_arm_muldivdf3.o)
                0x08004f30                __aeabi_dmul
                0x08004f30                __muldf3
                0x08005184                __divdf3
                0x08005184                __aeabi_ddiv
 .text          0x08005354      0x110 c:/program files (x86)/gnu tools arm embedded/4.9 2015q3/bin/../lib/gcc/arm-none-eabi/4.9.3/armv7e-m/softfp\libgcc.a(_arm_cmpdf2.o)
                0x08005354                __gtdf2
                0x08005354                __gedf2
                0x0800535c                __ltdf2
                0x0800535c                __ledf2
                0x08005364                __nedf2
                0x08005364                __eqdf2
                0x08005364                __cmpdf2
                0x080053e0                __aeabi_cdrcmple
                0x080053f0                __aeabi_cdcmpeq
                0x080053f0                __aeabi_cdcmple
                0x08005400                __aeabi_dcmpeq
                0x08005414                __aeabi_dcmplt
                0x08005428                __aeabi_dcmple
                0x0800543c                __aeabi_dcmpge
                0x08005450                __aeabi_dcmpgt
 .text          0x08005464       0x50 c:/program files (x86)/gnu tools arm embedded/4.9 2015q3/bin/../lib/gcc/arm-none-eabi/4.9.3/armv7e-m/softfp\libgcc.a(_arm_fixdfsi.o)
                0x08005464                __aeabi_d2iz
                0x08005464                __fixdfsi
 .text          0x080054b4       0xa0 c:/program files (x86)/gnu tools arm embedded/4.9 2015q3/bin/../lib/gcc/arm-none-eabi/4.9.3/armv7e-m/softfp\libgcc.a(_arm_truncdfsf2.o)
                0x080054b4                __truncdfsf2
                0x080054b4                __aeabi_d2f
 .text.__cxa_atexit
                0x08005554       0x1c c:/program files (x86)/gnu tools arm embedded/4.9 2015q3/bin/../lib/gcc/arm-none-eabi/4.9.3/../../../../arm-none-eabi/lib/armv7e-m/softfp\libc_nano.a(lib_a-cxa_atexit.o)
                0x08005554                __cxa_atexit
 .text.__errno  0x08005570        0xc c:/program files (x86)/gnu tools arm embedded/4.9 2015q3/bin/../lib/gcc/arm-none-eabi/4.9.3/../../../../arm-none-eabi/lib/armv7e-m/softfp\libc_nano.a(lib_a-errno.o)
                0x08005570                __errno
 .text.exit     0x0800557c       0x28 c:/program files (x86)/gnu tools arm embedded/4.9 2015q3/bin/../lib/gcc/arm-none-eabi/4.9.3/../../../../arm-none-eabi/lib/armv7e-m/softfp\libc_nano.a(lib_a-exit.o)
                0x0800557c                exit
 .text._fclose_r
                0x080055a4       0xa4 c:/program files (x86)/gnu tools arm embedded/4.9 2015q3/bin/../lib/gcc/arm-none-eabi/4.9.3/../../../../arm-none-eabi/lib/armv7e-m/softfp\libc_nano.a(lib_a-fclose.o)
                0x080055a4                _fclose_r
 .text.fclose   0x08005648       0x10 c:/program files (x86)/gnu tools arm embedded/4.9 2015q3/bin/../lib/gcc/arm-none-eabi/4.9.3/../../../../arm-none-eabi/lib/armv7e-m/softfp\libc_nano.a(lib_a-fclose.o)
                0x08005648                fclose
 .text.__sflush_r
                0x08005658      0x108 c:/program files (x86)/gnu tools arm embedded/4.9 2015q3/bin/../lib/gcc/arm-none-eabi/4.9.3/../../../../arm-none-eabi/lib/armv7e-m/softfp\libc_nano.a(lib_a-fflush.o)
                0x08005658                __sflush_r
 .text._fflush_r
                0x08005760       0x54 c:/program files (x86)/gnu tools arm embedded/4.9 2015q3/bin/../lib/gcc/arm-none-eabi/4.9.3/../../../../arm-none-eabi/lib/armv7e-m/softfp\libc_nano.a(lib_a-fflush.o)
                0x08005760                _fflush_r
 .text.fflush   0x080057b4       0x24 c:/program files (x86)/gnu tools arm embedded/4.9 2015q3/bin/../lib/gcc/arm-none-eabi/4.9.3/../../../../arm-none-eabi/lib/armv7e-m/softfp\libc_nano.a(lib_a-fflush.o)
                0x080057b4                fflush
 .text._cleanup_r
                0x080057d8        0xc c:/program files (x86)/gnu tools arm embedded/4.9 2015q3/bin/../lib/gcc/arm-none-eabi/4.9.3/../../../../arm-none-eabi/lib/armv7e-m/softfp\libc_nano.a(lib_a-findfp.o)
                0x080057d8                _cleanup_r
 .text.std.isra.0
                0x080057e4       0x48 c:/program files (x86)/gnu tools arm embedded/4.9 2015q3/bin/../lib/gcc/arm-none-eabi/4.9.3/../../../../arm-none-eabi/lib/armv7e-m/softfp\libc_nano.a(lib_a-findfp.o)
 .text.__sfmoreglue
                0x0800582c       0x2c c:/program files (x86)/gnu tools arm embedded/4.9 2015q3/bin/../lib/gcc/arm-none-eabi/4.9.3/../../../../arm-none-eabi/lib/armv7e-m/softfp\libc_nano.a(lib_a-findfp.o)
                0x0800582c                __sfmoreglue
 .text.__sinit  0x08005858       0x60 c:/program files (x86)/gnu tools arm embedded/4.9 2015q3/bin/../lib/gcc/arm-none-eabi/4.9.3/../../../../arm-none-eabi/lib/armv7e-m/softfp\libc_nano.a(lib_a-findfp.o)
                0x08005858                __sinit
 .text.__sfp    0x080058b8       0x74 c:/program files (x86)/gnu tools arm embedded/4.9 2015q3/bin/../lib/gcc/arm-none-eabi/4.9.3/../../../../arm-none-eabi/lib/armv7e-m/softfp\libc_nano.a(lib_a-findfp.o)
                0x080058b8                __sfp
 .text.__sfp_lock_acquire
                0x0800592c        0x2 c:/program files (x86)/gnu tools arm embedded/4.9 2015q3/bin/../lib/gcc/arm-none-eabi/4.9.3/../../../../arm-none-eabi/lib/armv7e-m/softfp\libc_nano.a(lib_a-findfp.o)
                0x0800592c                __sfp_lock_acquire
 .text.__sfp_lock_release
                0x0800592e        0x2 c:/program files (x86)/gnu tools arm embedded/4.9 2015q3/bin/../lib/gcc/arm-none-eabi/4.9.3/../../../../arm-none-eabi/lib/armv7e-m/softfp\libc_nano.a(lib_a-findfp.o)
                0x0800592e                __sfp_lock_release
 .text._fopen_r
                0x08005930       0x80 c:/program files (x86)/gnu tools arm embedded/4.9 2015q3/bin/../lib/gcc/arm-none-eabi/4.9.3/../../../../arm-none-eabi/lib/armv7e-m/softfp\libc_nano.a(lib_a-fopen.o)
                0x08005930                _fopen_r
 .text.fopen    0x080059b0       0x14 c:/program files (x86)/gnu tools arm embedded/4.9 2015q3/bin/../lib/gcc/arm-none-eabi/4.9.3/../../../../arm-none-eabi/lib/armv7e-m/softfp\libc_nano.a(lib_a-fopen.o)
                0x080059b0                fopen
 .text._fseek_r
                0x080059c4        0x4 c:/program files (x86)/gnu tools arm embedded/4.9 2015q3/bin/../lib/gcc/arm-none-eabi/4.9.3/../../../../arm-none-eabi/lib/armv7e-m/softfp\libc_nano.a(lib_a-fseek.o)
                0x080059c4                _fseek_r
 .text._fseeko_r
                0x080059c8      0x118 c:/program files (x86)/gnu tools arm embedded/4.9 2015q3/bin/../lib/gcc/arm-none-eabi/4.9.3/../../../../arm-none-eabi/lib/armv7e-m/softfp\libc_nano.a(lib_a-fseeko.o)
                0x080059c8                _fseeko_r
 .text._fwalk_reent
                0x08005ae0       0x3c c:/program files (x86)/gnu tools arm embedded/4.9 2015q3/bin/../lib/gcc/arm-none-eabi/4.9.3/../../../../arm-none-eabi/lib/armv7e-m/softfp\libc_nano.a(lib_a-fwalk.o)
                0x08005ae0                _fwalk_reent
 .text.__libc_init_array
                0x08005b1c       0x4c c:/program files (x86)/gnu tools arm embedded/4.9 2015q3/bin/../lib/gcc/arm-none-eabi/4.9.3/../../../../arm-none-eabi/lib/armv7e-m/softfp\libc_nano.a(lib_a-init.o)
                0x08005b1c                __libc_init_array
 .text.__smakebuf_r
                0x08005b68       0x9c c:/program files (x86)/gnu tools arm embedded/4.9 2015q3/bin/../lib/gcc/arm-none-eabi/4.9.3/../../../../arm-none-eabi/lib/armv7e-m/softfp\libc_nano.a(lib_a-makebuf.o)
                0x08005b68                __smakebuf_r
 .text.malloc   0x08005c04       0x10 c:/program files (x86)/gnu tools arm embedded/4.9 2015q3/bin/../lib/gcc/arm-none-eabi/4.9.3/../../../../arm-none-eabi/lib/armv7e-m/softfp\libc_nano.a(lib_a-malloc.o)
                0x08005c04                malloc
 .text.free     0x08005c14       0x10 c:/program files (x86)/gnu tools arm embedded/4.9 2015q3/bin/../lib/gcc/arm-none-eabi/4.9.3/../../../../arm-none-eabi/lib/armv7e-m/softfp\libc_nano.a(lib_a-malloc.o)
                0x08005c14                free
 .text.memchr   0x08005c24       0x1e c:/program files (x86)/gnu tools arm embedded/4.9 2015q3/bin/../lib/gcc/arm-none-eabi/4.9.3/../../../../arm-none-eabi/lib/armv7e-m/softfp\libc_nano.a(lib_a-memchr.o)
                0x08005c24                memchr
 .text.memcpy   0x08005c42       0x16 c:/program files (x86)/gnu tools arm embedded/4.9 2015q3/bin/../lib/gcc/arm-none-eabi/4.9.3/../../../../arm-none-eabi/lib/armv7e-m/softfp\libc_nano.a(lib_a-memcpy.o)
                0x08005c42                memcpy
 .text.memset   0x08005c58       0x10 c:/program files (x86)/gnu tools arm embedded/4.9 2015q3/bin/../lib/gcc/arm-none-eabi/4.9.3/../../../../arm-none-eabi/lib/armv7e-m/softfp\libc_nano.a(lib_a-memset.o)
                0x08005c58                memset
 .text._free_r  0x08005c68       0x88 c:/program files (x86)/gnu tools arm embedded/4.9 2015q3/bin/../lib/gcc/arm-none-eabi/4.9.3/../../../../arm-none-eabi/lib/armv7e-m/softfp\libc_nano.a(lib_a-nano-freer.o)
                0x08005c68                _free_r
 .text._malloc_r
                0x08005cf0       0xac c:/program files (x86)/gnu tools arm embedded/4.9 2015q3/bin/../lib/gcc/arm-none-eabi/4.9.3/../../../../arm-none-eabi/lib/armv7e-m/softfp\libc_nano.a(lib_a-nano-mallocr.o)
                0x08005cf0                _malloc_r
 .text.__sfputc_r
                0x08005d9c       0x2c c:/program files (x86)/gnu tools arm embedded/4.9 2015q3/bin/../lib/gcc/arm-none-eabi/4.9.3/../../../../arm-none-eabi/lib/armv7e-m/softfp\libc_nano.a(lib_a-nano-vfprintf.o)
 .text.__sfputs_r
                0x08005dc8       0x24 c:/program files (x86)/gnu tools arm embedded/4.9 2015q3/bin/../lib/gcc/arm-none-eabi/4.9.3/../../../../arm-none-eabi/lib/armv7e-m/softfp\libc_nano.a(lib_a-nano-vfprintf.o)
                0x08005dc8                __sfputs_r
 .text._vfprintf_r
                0x08005dec      0x210 c:/program files (x86)/gnu tools arm embedded/4.9 2015q3/bin/../lib/gcc/arm-none-eabi/4.9.3/../../../../arm-none-eabi/lib/armv7e-m/softfp\libc_nano.a(lib_a-nano-vfprintf.o)
                0x08005dec                _vfprintf_r
                0x08005dec                _vfiprintf_r
 .text.vfprintf
                0x08005ffc       0x1c c:/program files (x86)/gnu tools arm embedded/4.9 2015q3/bin/../lib/gcc/arm-none-eabi/4.9.3/../../../../arm-none-eabi/lib/armv7e-m/softfp\libc_nano.a(lib_a-nano-vfprintf.o)
                0x08005ffc                vfprintf
                0x08005ffc                vfiprintf
 .text._printf_common
                0x08006018       0xea c:/program files (x86)/gnu tools arm embedded/4.9 2015q3/bin/../lib/gcc/arm-none-eabi/4.9.3/../../../../arm-none-eabi/lib/armv7e-m/softfp\libc_nano.a(lib_a-nano-vfprintf_i.o)
                0x08006018                _printf_common
 *fill*         0x08006102        0x2 
 .text._printf_i
                0x08006104      0x240 c:/program files (x86)/gnu tools arm embedded/4.9 2015q3/bin/../lib/gcc/arm-none-eabi/4.9.3/../../../../arm-none-eabi/lib/armv7e-m/softfp\libc_nano.a(lib_a-nano-vfprintf_i.o)
                0x08006104                _printf_i
 .text._scanf_chars
                0x08006344       0xc0 c:/program files (x86)/gnu tools arm embedded/4.9 2015q3/bin/../lib/gcc/arm-none-eabi/4.9.3/../../../../arm-none-eabi/lib/armv7e-m/softfp\libc_nano.a(lib_a-nano-vfscanf_i.o)
                0x08006344                _scanf_chars
 .text._scanf_i
                0x08006404      0x1e4 c:/program files (x86)/gnu tools arm embedded/4.9 2015q3/bin/../lib/gcc/arm-none-eabi/4.9.3/../../../../arm-none-eabi/lib/armv7e-m/softfp\libc_nano.a(lib_a-nano-vfscanf_i.o)
                0x08006404                _scanf_i
 .text._open_r  0x080065e8       0x24 c:/program files (x86)/gnu tools arm embedded/4.9 2015q3/bin/../lib/gcc/arm-none-eabi/4.9.3/../../../../arm-none-eabi/lib/armv7e-m/softfp\libc_nano.a(lib_a-openr.o)
                0x080065e8                _open_r
 .text.printf   0x0800660c       0x30 c:/program files (x86)/gnu tools arm embedded/4.9 2015q3/bin/../lib/gcc/arm-none-eabi/4.9.3/../../../../arm-none-eabi/lib/armv7e-m/softfp\libc_nano.a(lib_a-printf.o)
                0x0800660c                iprintf
                0x0800660c                printf
 .text._puts_r  0x0800663c       0xf0 c:/program files (x86)/gnu tools arm embedded/4.9 2015q3/bin/../lib/gcc/arm-none-eabi/4.9.3/../../../../arm-none-eabi/lib/armv7e-m/softfp\libc_nano.a(lib_a-puts.o)
                0x0800663c                _puts_r
 .text.puts     0x0800672c       0x10 c:/program files (x86)/gnu tools arm embedded/4.9 2015q3/bin/../lib/gcc/arm-none-eabi/4.9.3/../../../../arm-none-eabi/lib/armv7e-m/softfp\libc_nano.a(lib_a-puts.o)
                0x0800672c                puts
 .text._sbrk_r  0x0800673c       0x20 c:/program files (x86)/gnu tools arm embedded/4.9 2015q3/bin/../lib/gcc/arm-none-eabi/4.9.3/../../../../arm-none-eabi/lib/armv7e-m/softfp\libc_nano.a(lib_a-sbrkr.o)
                0x0800673c                _sbrk_r
 .text.__sccl   0x0800675c       0x64 c:/program files (x86)/gnu tools arm embedded/4.9 2015q3/bin/../lib/gcc/arm-none-eabi/4.9.3/../../../../arm-none-eabi/lib/armv7e-m/softfp\libc_nano.a(lib_a-sccl.o)
                0x0800675c                __sccl
 .text.setbuf   0x080067c0       0x10 c:/program files (x86)/gnu tools arm embedded/4.9 2015q3/bin/../lib/gcc/arm-none-eabi/4.9.3/../../../../arm-none-eabi/lib/armv7e-m/softfp\libc_nano.a(lib_a-setbuf.o)
                0x080067c0                setbuf
 .text.setvbuf  0x080067d0      0x110 c:/program files (x86)/gnu tools arm embedded/4.9 2015q3/bin/../lib/gcc/arm-none-eabi/4.9.3/../../../../arm-none-eabi/lib/armv7e-m/softfp\libc_nano.a(lib_a-setvbuf.o)
                0x080067d0                setvbuf
 .text.sprintf  0x080068e0       0x48 c:/program files (x86)/gnu tools arm embedded/4.9 2015q3/bin/../lib/gcc/arm-none-eabi/4.9.3/../../../../arm-none-eabi/lib/armv7e-m/softfp\libc_nano.a(lib_a-sprintf.o)
                0x080068e0                siprintf
                0x080068e0                sprintf
 .text.sscanf   0x08006928       0x54 c:/program files (x86)/gnu tools arm embedded/4.9 2015q3/bin/../lib/gcc/arm-none-eabi/4.9.3/../../../../arm-none-eabi/lib/armv7e-m/softfp\libc_nano.a(lib_a-sscanf.o)
                0x08006928                siscanf
                0x08006928                sscanf
 .text.__sread  0x0800697c       0x22 c:/program files (x86)/gnu tools arm embedded/4.9 2015q3/bin/../lib/gcc/arm-none-eabi/4.9.3/../../../../arm-none-eabi/lib/armv7e-m/softfp\libc_nano.a(lib_a-stdio.o)
                0x0800697c                __sread
 .text.__seofread
                0x0800699e        0x4 c:/program files (x86)/gnu tools arm embedded/4.9 2015q3/bin/../lib/gcc/arm-none-eabi/4.9.3/../../../../arm-none-eabi/lib/armv7e-m/softfp\libc_nano.a(lib_a-stdio.o)
                0x0800699e                __seofread
 .text.__swrite
                0x080069a2       0x38 c:/program files (x86)/gnu tools arm embedded/4.9 2015q3/bin/../lib/gcc/arm-none-eabi/4.9.3/../../../../arm-none-eabi/lib/armv7e-m/softfp\libc_nano.a(lib_a-stdio.o)
                0x080069a2                __swrite
 .text.__sseek  0x080069da       0x24 c:/program files (x86)/gnu tools arm embedded/4.9 2015q3/bin/../lib/gcc/arm-none-eabi/4.9.3/../../../../arm-none-eabi/lib/armv7e-m/softfp\libc_nano.a(lib_a-stdio.o)
                0x080069da                __sseek
 .text.__sclose
                0x080069fe        0x8 c:/program files (x86)/gnu tools arm embedded/4.9 2015q3/bin/../lib/gcc/arm-none-eabi/4.9.3/../../../../arm-none-eabi/lib/armv7e-m/softfp\libc_nano.a(lib_a-stdio.o)
                0x080069fe                __sclose
 .text          0x08006a06       0x14 c:/program files (x86)/gnu tools arm embedded/4.9 2015q3/bin/../lib/gcc/arm-none-eabi/4.9.3/../../../../arm-none-eabi/lib/armv7e-m/softfp\libc_nano.a(lib_a-strcmp.o)
                0x08006a06                strcmp
 .text.strlen   0x08006a1a       0x10 c:/program files (x86)/gnu tools arm embedded/4.9 2015q3/bin/../lib/gcc/arm-none-eabi/4.9.3/../../../../arm-none-eabi/lib/armv7e-m/softfp\libc_nano.a(lib_a-strlen.o)
                0x08006a1a                strlen
 .text.strncmp  0x08006a2a       0x34 c:/program files (x86)/gnu tools arm embedded/4.9 2015q3/bin/../lib/gcc/arm-none-eabi/4.9.3/../../../../arm-none-eabi/lib/armv7e-m/softfp\libc_nano.a(lib_a-strncmp.o)
                0x08006a2a                strncmp
 *fill*         0x08006a5e        0x2 
 .text._strtol_r
                0x08006a60      0x10c c:/program files (x86)/gnu tools arm embedded/4.9 2015q3/bin/../lib/gcc/arm-none-eabi/4.9.3/../../../../arm-none-eabi/lib/armv7e-m/softfp\libc_nano.a(lib_a-strtol.o)
                0x08006a60                _strtol_r
 .text._strtoul_r
                0x08006b6c       0xf8 c:/program files (x86)/gnu tools arm embedded/4.9 2015q3/bin/../lib/gcc/arm-none-eabi/4.9.3/../../../../arm-none-eabi/lib/armv7e-m/softfp\libc_nano.a(lib_a-strtoul.o)
                0x08006b6c                _strtoul_r
 .text.__submore
                0x08006c64       0x76 c:/program files (x86)/gnu tools arm embedded/4.9 2015q3/bin/../lib/gcc/arm-none-eabi/4.9.3/../../../../arm-none-eabi/lib/armv7e-m/softfp\libc_nano.a(lib_a-ungetc.o)
                0x08006c64                __submore
 *fill*         0x08006cda        0x2 
 .text.__swbuf_r
                0x08006cdc       0xa8 c:/program files (x86)/gnu tools arm embedded/4.9 2015q3/bin/../lib/gcc/arm-none-eabi/4.9.3/../../../../arm-none-eabi/lib/armv7e-m/softfp\libc_nano.a(lib_a-wbuf.o)
                0x08006cdc                __swbuf_r
 .text._write_r
                0x08006d84       0x24 c:/program files (x86)/gnu tools arm embedded/4.9 2015q3/bin/../lib/gcc/arm-none-eabi/4.9.3/../../../../arm-none-eabi/lib/armv7e-m/softfp\libc_nano.a(lib_a-writer.o)
                0x08006d84                _write_r
 .text.__swsetup_r
                0x08006da8       0xd8 c:/program files (x86)/gnu tools arm embedded/4.9 2015q3/bin/../lib/gcc/arm-none-eabi/4.9.3/../../../../arm-none-eabi/lib/armv7e-m/softfp\libc_nano.a(lib_a-wsetup.o)
                0x08006da8                __swsetup_r
 .text._close_r
                0x08006e80       0x20 c:/program files (x86)/gnu tools arm embedded/4.9 2015q3/bin/../lib/gcc/arm-none-eabi/4.9.3/../../../../arm-none-eabi/lib/armv7e-m/softfp\libc_nano.a(lib_a-closer.o)
                0x08006e80                _close_r
 .text.__sflags
                0x08006ea0       0x6e c:/program files (x86)/gnu tools arm embedded/4.9 2015q3/bin/../lib/gcc/arm-none-eabi/4.9.3/../../../../arm-none-eabi/lib/armv7e-m/softfp\libc_nano.a(lib_a-flags.o)
                0x08006ea0                __sflags
 *fill*         0x08006f0e        0x2 
 .text._fstat_r
                0x08006f10       0x24 c:/program files (x86)/gnu tools arm embedded/4.9 2015q3/bin/../lib/gcc/arm-none-eabi/4.9.3/../../../../arm-none-eabi/lib/armv7e-m/softfp\libc_nano.a(lib_a-fstatr.o)
                0x08006f10                _fstat_r
 .text._isatty_r
                0x08006f34       0x20 c:/program files (x86)/gnu tools arm embedded/4.9 2015q3/bin/../lib/gcc/arm-none-eabi/4.9.3/../../../../arm-none-eabi/lib/armv7e-m/softfp\libc_nano.a(lib_a-isattyr.o)
                0x08006f34                _isatty_r
 .text._lseek_r
                0x08006f54       0x24 c:/program files (x86)/gnu tools arm embedded/4.9 2015q3/bin/../lib/gcc/arm-none-eabi/4.9.3/../../../../arm-none-eabi/lib/armv7e-m/softfp\libc_nano.a(lib_a-lseekr.o)
                0x08006f54                _lseek_r
 .text.memmove  0x08006f78       0x36 c:/program files (x86)/gnu tools arm embedded/4.9 2015q3/bin/../lib/gcc/arm-none-eabi/4.9.3/../../../../arm-none-eabi/lib/armv7e-m/softfp\libc_nano.a(lib_a-memmove.o)
                0x08006f78                memmove
 .text._realloc_r
                0x08006fae       0x4c c:/program files (x86)/gnu tools arm embedded/4.9 2015q3/bin/../lib/gcc/arm-none-eabi/4.9.3/../../../../arm-none-eabi/lib/armv7e-m/softfp\libc_nano.a(lib_a-nano-reallocr.o)
                0x08006fae                _realloc_r
 .text.__ssputs_r
                0x08006ffa       0xb2 c:/program files (x86)/gnu tools arm embedded/4.9 2015q3/bin/../lib/gcc/arm-none-eabi/4.9.3/../../../../arm-none-eabi/lib/armv7e-m/softfp\libc_nano.a(lib_a-nano-svfprintf.o)
                0x08006ffa                __ssputs_r
 .text._svfprintf_r
                0x080070ac      0x1e4 c:/program files (x86)/gnu tools arm embedded/4.9 2015q3/bin/../lib/gcc/arm-none-eabi/4.9.3/../../../../arm-none-eabi/lib/armv7e-m/softfp\libc_nano.a(lib_a-nano-svfprintf.o)
                0x080070ac                _svfiprintf_r
                0x080070ac                _svfprintf_r
 .text._sungetc_r
                0x08007290       0x7a c:/program files (x86)/gnu tools arm embedded/4.9 2015q3/bin/../lib/gcc/arm-none-eabi/4.9.3/../../../../arm-none-eabi/lib/armv7e-m/softfp\libc_nano.a(lib_a-nano-svfscanf.o)
                0x08007290                _sungetc_r
 .text.__ssrefill_r
                0x0800730a       0x3a c:/program files (x86)/gnu tools arm embedded/4.9 2015q3/bin/../lib/gcc/arm-none-eabi/4.9.3/../../../../arm-none-eabi/lib/armv7e-m/softfp\libc_nano.a(lib_a-nano-svfscanf.o)
                0x0800730a                __ssrefill_r
 .text.__ssvfscanf_r
                0x08007344      0x29c c:/program files (x86)/gnu tools arm embedded/4.9 2015q3/bin/../lib/gcc/arm-none-eabi/4.9.3/../../../../arm-none-eabi/lib/armv7e-m/softfp\libc_nano.a(lib_a-nano-svfscanf.o)
                0x08007344                __ssvfiscanf_r
                0x08007344                __ssvfscanf_r
 .text._read_r  0x080075e0       0x24 c:/program files (x86)/gnu tools arm embedded/4.9 2015q3/bin/../lib/gcc/arm-none-eabi/4.9.3/../../../../arm-none-eabi/lib/armv7e-m/softfp\libc_nano.a(lib_a-readr.o)
                0x080075e0                _read_r
 .text._malloc_usable_size_r
                0x08007604       0x14 c:/program files (x86)/gnu tools arm embedded/4.9 2015q3/bin/../lib/gcc/arm-none-eabi/4.9.3/../../../../arm-none-eabi/lib/armv7e-m/softfp\libc_nano.a(lib_a-nano-msizer.o)
                0x08007604                _malloc_usable_size_r
 *(.init)
 .init          0x08007618        0x4 c:/program files (x86)/gnu tools arm embedded/4.9 2015q3/bin/../lib/gcc/arm-none-eabi/4.9.3/armv7e-m/softfp/crti.o
                0x08007618                _init
 .init          0x0800761c        0x8 c:/program files (x86)/gnu tools arm embedded/4.9 2015q3/bin/../lib/gcc/arm-none-eabi/4.9.3/armv7e-m/softfp/crtn.o
 *(.fini)
 .fini          0x08007624        0x4 c:/program files (x86)/gnu tools arm embedded/4.9 2015q3/bin/../lib/gcc/arm-none-eabi/4.9.3/armv7e-m/softfp/crti.o
                0x08007624                _fini
 .fini          0x08007628        0x8 c:/program files (x86)/gnu tools arm embedded/4.9 2015q3/bin/../lib/gcc/arm-none-eabi/4.9.3/armv7e-m/softfp/crtn.o
 *crtbegin.o(.ctors)
 *crtbegin?.o(.ctors)
 *(EXCLUDE_FILE(*crtend.o *crtend?.o) .ctors)
 *(SORT(.ctors.*))
 *(.ctors)
 *crtbegin.o(.dtors)
 *crtbegin?.o(.dtors)
 *(EXCLUDE_FILE(*crtend.o *crtend?.o) .dtors)
 *(SORT(.dtors.*))
 *(.dtors)
 *(.rodata*)
 .rodata.str1.4
                0x08007630       0x86 C:\Users\Ryan\Real Documents\Gearbox_FW/mbed/TARGET_NUCLEO_F401RE/TOOLCHAIN_GCC_ARM/board.o
                                 0x88 (size before relaxing)
 *fill*         0x080076b6        0x2 
 .rodata.__stdin_name
                0x080076b8        0x8 C:\Users\Ryan\Real Documents\Gearbox_FW/mbed/TARGET_NUCLEO_F401RE/TOOLCHAIN_GCC_ARM/retarget.o
                0x080076b8                __stdin_name
 .rodata.__stderr_name
                0x080076c0        0x8 C:\Users\Ryan\Real Documents\Gearbox_FW/mbed/TARGET_NUCLEO_F401RE/TOOLCHAIN_GCC_ARM/retarget.o
                0x080076c0                __stderr_name
 .rodata.__stdout_name
                0x080076c8        0x8 C:\Users\Ryan\Real Documents\Gearbox_FW/mbed/TARGET_NUCLEO_F401RE/TOOLCHAIN_GCC_ARM/retarget.o
                0x080076c8                __stdout_name
 .rodata._ZTVN4mbed10FileHandleE
                0x080076d0       0x30 C:\Users\Ryan\Real Documents\Gearbox_FW/mbed/TARGET_NUCLEO_F401RE/TOOLCHAIN_GCC_ARM/retarget.o
                0x080076d0                vtable for mbed::FileHandle
 .rodata.str1.4
                0x08007700        0xe C:\Users\Ryan\Real Documents\Gearbox_FW/mbed/TARGET_NUCLEO_F401RE/TOOLCHAIN_GCC_ARM/retarget.o
                                 0x10 (size before relaxing)
 *fill*         0x0800770e        0x2 
 .rodata.APBAHBPrescTable
                0x08007710       0x10 C:\Users\Ryan\Real Documents\Gearbox_FW/mbed/TARGET_NUCLEO_F401RE/TOOLCHAIN_GCC_ARM/stm32f4xx_hal_rcc.o
                0x08007710                APBAHBPrescTable
 .rodata.AHBPrescTable
                0x08007720       0x10 C:\Users\Ryan\Real Documents\Gearbox_FW/mbed/TARGET_NUCLEO_F401RE/TOOLCHAIN_GCC_ARM/system_stm32f4xx.o
                0x08007720                AHBPrescTable
 .rodata.str1.1
                0x08007730       0x82 ..\obj\Current_Sense..o
 .rodata.str1.1
                0x00000000       0x82 ..\obj\Motor.o
 .rodata.str1.1
                0x080077b2       0x78 ..\obj\PID_Control.o
 .rodata.str1.1
                0x0800782a       0x10 ..\obj\main.o
                                 0x92 (size before relaxing)
 *fill*         0x0800783a        0x2 
 .rodata.str1.4
                0x0800783c       0x9d C:\Users\Ryan\Real Documents\Gearbox_FW/mbed/TARGET_NUCLEO_F401RE/TOOLCHAIN_GCC_ARM\libmbed.a(analogin_api.o)
                                 0xa0 (size before relaxing)
 *fill*         0x080078d9        0x3 
 .rodata.str1.4
                0x080078dc       0x98 C:\Users\Ryan\Real Documents\Gearbox_FW/mbed/TARGET_NUCLEO_F401RE/TOOLCHAIN_GCC_ARM\libmbed.a(pwmout_api.o)
                                 0xb4 (size before relaxing)
 .rodata.str1.4
                0x08007974       0x9c C:\Users\Ryan\Real Documents\Gearbox_FW/mbed/TARGET_NUCLEO_F401RE/TOOLCHAIN_GCC_ARM\libmbed.a(serial_api.o)
 .rodata._ZTVN4mbed11InterruptInE
                0x08007a10       0x10 C:\Users\Ryan\Real Documents\Gearbox_FW/mbed/TARGET_NUCLEO_F401RE/TOOLCHAIN_GCC_ARM\libmbed.a(InterruptIn.o)
                0x08007a10                vtable for mbed::InterruptIn
 .rodata._ZTVN4mbed10SerialBaseE
                0x08007a20       0x10 C:\Users\Ryan\Real Documents\Gearbox_FW/mbed/TARGET_NUCLEO_F401RE/TOOLCHAIN_GCC_ARM\libmbed.a(Serial.o)
                0x08007a20                vtable for mbed::SerialBase
 .rodata._ZTVN4mbed6SerialE
                0x08007a30       0x60 C:\Users\Ryan\Real Documents\Gearbox_FW/mbed/TARGET_NUCLEO_F401RE/TOOLCHAIN_GCC_ARM\libmbed.a(Serial.o)
                0x08007a30                vtable for mbed::Serial
 .rodata._ZTVN4mbed6StreamE
                0x08007a90       0x48 C:\Users\Ryan\Real Documents\Gearbox_FW/mbed/TARGET_NUCLEO_F401RE/TOOLCHAIN_GCC_ARM\libmbed.a(Stream.o)
                0x08007a90                vtable for mbed::Stream
 .rodata.str1.4