Archive member included because of file (symbol)

C:\Users\Ryan\Real Documents\Engineering Projects\Gearbox\Gearbox_FW/mbed/TARGET_NUCLEO_F401RE/TOOLCHAIN_GCC_ARM\libmbed.a(analogin_api.o)
                              ..\obj\Current_Sense..o (analogin_init)
C:\Users\Ryan\Real Documents\Engineering Projects\Gearbox\Gearbox_FW/mbed/TARGET_NUCLEO_F401RE/TOOLCHAIN_GCC_ARM\libmbed.a(pwmout_api.o)
                              ..\obj\Motor.o (pwmout_write)
C:\Users\Ryan\Real Documents\Engineering Projects\Gearbox\Gearbox_FW/mbed/TARGET_NUCLEO_F401RE/TOOLCHAIN_GCC_ARM\libmbed.a(serial_api.o)
                              C:\Users\Ryan\Real Documents\Engineering Projects\Gearbox\Gearbox_FW/mbed/TARGET_NUCLEO_F401RE/TOOLCHAIN_GCC_ARM/retarget.o (serial_init)
C:\Users\Ryan\Real Documents\Engineering Projects\Gearbox\Gearbox_FW/mbed/TARGET_NUCLEO_F401RE/TOOLCHAIN_GCC_ARM\libmbed.a(sleep.o)
                              ..\obj\main.o (sleep)
C:\Users\Ryan\Real Documents\Engineering Projects\Gearbox\Gearbox_FW/mbed/TARGET_NUCLEO_F401RE/TOOLCHAIN_GCC_ARM\libmbed.a(FilePath.o)
                              C:\Users\Ryan\Real Documents\Engineering Projects\Gearbox\Gearbox_FW/mbed/TARGET_NUCLEO_F401RE/TOOLCHAIN_GCC_ARM/retarget.o (mbed::FilePath::FilePath(char const*))
C:\Users\Ryan\Real Documents\Engineering Projects\Gearbox\Gearbox_FW/mbed/TARGET_NUCLEO_F401RE/TOOLCHAIN_GCC_ARM\libmbed.a(FileSystemLike.o)
                              C:\Users\Ryan\Real Documents\Engineering Projects\Gearbox\Gearbox_FW/mbed/TARGET_NUCLEO_F401RE/TOOLCHAIN_GCC_ARM/retarget.o (mbed::FileSystemLike::opendir())
C:\Users\Ryan\Real Documents\Engineering Projects\Gearbox\Gearbox_FW/mbed/TARGET_NUCLEO_F401RE/TOOLCHAIN_GCC_ARM\libmbed.a(I2C.o)
                              ..\obj\MMA8652.o (mbed::I2C::I2C(PinName, PinName))
C:\Users\Ryan\Real Documents\Engineering Projects\Gearbox\Gearbox_FW/mbed/TARGET_NUCLEO_F401RE/TOOLCHAIN_GCC_ARM\libmbed.a(InterruptIn.o)
                              ..\obj\Declarations.o (mbed::InterruptIn::~InterruptIn())
C:\Users\Ryan\Real Documents\Engineering Projects\Gearbox\Gearbox_FW/mbed/TARGET_NUCLEO_F401RE/TOOLCHAIN_GCC_ARM\libmbed.a(Ticker.o)
                              ..\obj\main.o (mbed::Ticker::detach())
C:\Users\Ryan\Real Documents\Engineering Projects\Gearbox\Gearbox_FW/mbed/TARGET_NUCLEO_F401RE/TOOLCHAIN_GCC_ARM\libmbed.a(Timeout.o)
                              ..\obj\main.o (vtable for mbed::Timeout)
C:\Users\Ryan\Real Documents\Engineering Projects\Gearbox\Gearbox_FW/mbed/TARGET_NUCLEO_F401RE/TOOLCHAIN_GCC_ARM\libmbed.a(TimerEvent.o)
                              ..\obj\main.o (mbed::TimerEvent::~TimerEvent())
C:\Users\Ryan\Real Documents\Engineering Projects\Gearbox\Gearbox_FW/mbed/TARGET_NUCLEO_F401RE/TOOLCHAIN_GCC_ARM\libmbed.a(assert.o)
                              C:\Users\Ryan\Real Documents\Engineering Projects\Gearbox\Gearbox_FW/mbed/TARGET_NUCLEO_F401RE/TOOLCHAIN_GCC_ARM/board.o (mbed_assert_internal)
C:\Users\Ryan\Real Documents\Engineering Projects\Gearbox\Gearbox_FW/mbed/TARGET_NUCLEO_F401RE/TOOLCHAIN_GCC_ARM\libmbed.a(error.o)
                              C:\Users\Ryan\Real Documents\Engineering Projects\Gearbox\Gearbox_FW/mbed/TARGET_NUCLEO_F401RE/TOOLCHAIN_GCC_ARM/retarget.o (error)
C:\Users\Ryan\Real Documents\Engineering Projects\Gearbox\Gearbox_FW/mbed/TARGET_NUCLEO_F401RE/TOOLCHAIN_GCC_ARM\libmbed.a(gpio.o)
                              C:\Users\Ryan\Real Documents\Engineering Projects\Gearbox\Gearbox_FW/mbed/TARGET_NUCLEO_F401RE/TOOLCHAIN_GCC_ARM\libmbed.a(InterruptIn.o) (gpio_init_in)
C:\Users\Ryan\Real Documents\Engineering Projects\Gearbox\Gearbox_FW/mbed/TARGET_NUCLEO_F401RE/TOOLCHAIN_GCC_ARM\libmbed.a(pinmap_common.o)
                              C:\Users\Ryan\Real Documents\Engineering Projects\Gearbox\Gearbox_FW/mbed/TARGET_NUCLEO_F401RE/TOOLCHAIN_GCC_ARM\libmbed.a(analogin_api.o) (pinmap_pinout)
C:\Users\Ryan\Real Documents\Engineering Projects\Gearbox\Gearbox_FW/mbed/TARGET_NUCLEO_F401RE/TOOLCHAIN_GCC_ARM\libmbed.a(ticker_api.o)
                              C:\Users\Ryan\Real Documents\Engineering Projects\Gearbox\Gearbox_FW/mbed/TARGET_NUCLEO_F401RE/TOOLCHAIN_GCC_ARM\libmbed.a(TimerEvent.o) (ticker_set_handler)
C:\Users\Ryan\Real Documents\Engineering Projects\Gearbox\Gearbox_FW/mbed/TARGET_NUCLEO_F401RE/TOOLCHAIN_GCC_ARM\libmbed.a(us_ticker_api.o)
                              C:\Users\Ryan\Real Documents\Engineering Projects\Gearbox\Gearbox_FW/mbed/TARGET_NUCLEO_F401RE/TOOLCHAIN_GCC_ARM\libmbed.a(TimerEvent.o) (get_us_ticker_data)
C:\Users\Ryan\Real Documents\Engineering Projects\Gearbox\Gearbox_FW/mbed/TARGET_NUCLEO_F401RE/TOOLCHAIN_GCC_ARM\libmbed.a(wait_api.o)
                              ..\obj\main.o (wait)
C:\Users\Ryan\Real Documents\Engineering Projects\Gearbox\Gearbox_FW/mbed/TARGET_NUCLEO_F401RE/TOOLCHAIN_GCC_ARM\libmbed.a(PeripheralPins.o)
[...]
Memory Configuration

Name             Origin             Length             Attributes
FLASH            0x08000000         0x00080000         xr
RAM              0x20000194         0x00017e6c         xrw
*default*        0x00000000         0xffffffff

Linker script and memory map

LOAD c:/program files (x86)/emide/emide v2.20/arm/bin/../lib/gcc/arm-none-eabi/4.7.4/armv7e-m/softfp/crti.o
LOAD c:/program files (x86)/emide/emide v2.20/arm/bin/../lib/gcc/arm-none-eabi/4.7.4/armv7e-m/softfp/crtbegin.o
LOAD c:/program files (x86)/emide/emide v2.20/arm/bin/../lib/gcc/arm-none-eabi/4.7.4/../../../../arm-none-eabi/lib/armv7e-m/softfp/crt0.o
LOAD C:\Users\Ryan\Real Documents\Engineering Projects\Gearbox\Gearbox_FW/mbed/TARGET_NUCLEO_F401RE/TOOLCHAIN_GCC_ARM/stm32f4xx_hal_flash_ramfunc.o
LOAD C:\Users\Ryan\Real Documents\Engineering Projects\Gearbox\Gearbox_FW/mbed/TARGET_NUCLEO_F401RE/TOOLCHAIN_GCC_ARM/board.o
LOAD C:\Users\Ryan\Real Documents\Engineering Projects\Gearbox\Gearbox_FW/mbed/TARGET_NUCLEO_F401RE/TOOLCHAIN_GCC_ARM/cmsis_nvic.o
LOAD C:\Users\Ryan\Real Documents\Engineering Projects\Gearbox\Gearbox_FW/mbed/TARGET_NUCLEO_F401RE/TOOLCHAIN_GCC_ARM/hal_tick.o
LOAD C:\Users\Ryan\Real Documents\Engineering Projects\Gearbox\Gearbox_FW/mbed/TARGET_NUCLEO_F401RE/TOOLCHAIN_GCC_ARM/mbed_overrides.o
LOAD C:\Users\Ryan\Real Documents\Engineering Projects\Gearbox\Gearbox_FW/mbed/TARGET_NUCLEO_F401RE/TOOLCHAIN_GCC_ARM/retarget.o
LOAD C:\Users\Ryan\Real Documents\Engineering Projects\Gearbox\Gearbox_FW/mbed/TARGET_NUCLEO_F401RE/TOOLCHAIN_GCC_ARM/startup_stm32f401xe.o
LOAD C:\Users\Ryan\Real Documents\Engineering Projects\Gearbox\Gearbox_FW/mbed/TARGET_NUCLEO_F401RE/TOOLCHAIN_GCC_ARM/stm32f4xx_hal.o
LOAD C:\Users\Ryan\Real Documents\Engineering Projects\Gearbox\Gearbox_FW/mbed/TARGET_NUCLEO_F401RE/TOOLCHAIN_GCC_ARM/stm32f4xx_hal_adc.o
LOAD C:\Users\Ryan\Real Documents\Engineering Projects\Gearbox\Gearbox_FW/mbed/TARGET_NUCLEO_F401RE/TOOLCHAIN_GCC_ARM/stm32f4xx_hal_adc_ex.o
LOAD C:\Users\Ryan\Real Documents\Engineering Projects\Gearbox\Gearbox_FW/mbed/TARGET_NUCLEO_F401RE/TOOLCHAIN_GCC_ARM/stm32f4xx_hal_can.o
LOAD C:\Users\Ryan\Real Documents\Engineering Projects\Gearbox\Gearbox_FW/mbed/TARGET_NUCLEO_F401RE/TOOLCHAIN_GCC_ARM/stm32f4xx_hal_cec.o
LOAD C:\Users\Ryan\Real Documents\Engineering Projects\Gearbox\Gearbox_FW/mbed/TARGET_NUCLEO_F401RE/TOOLCHAIN_GCC_ARM/stm32f4xx_hal_cortex.o
LOAD C:\Users\Ryan\Real Documents\Engineering Projects\Gearbox\Gearbox_FW/mbed/TARGET_NUCLEO_F401RE/TOOLCHAIN_GCC_ARM/stm32f4xx_hal_crc.o
LOAD C:\Users\Ryan\Real Documents\Engineering Projects\Gearbox\Gearbox_FW/mbed/TARGET_NUCLEO_F401RE/TOOLCHAIN_GCC_ARM/stm32f4xx_hal_cryp.o
LOAD C:\Users\Ryan\Real Documents\Engineering Projects\Gearbox\Gearbox_FW/mbed/TARGET_NUCLEO_F401RE/TOOLCHAIN_GCC_ARM/stm32f4xx_hal_cryp_ex.o
LOAD C:\Users\Ryan\Real Documents\Engineering Projects\Gearbox\Gearbox_FW/mbed/TARGET_NUCLEO_F401RE/TOOLCHAIN_GCC_ARM/stm32f4xx_hal_dac.o
LOAD C:\Users\Ryan\Real Documents\Engineering Projects\Gearbox\Gearbox_FW/mbed/TARGET_NUCLEO_F401RE/TOOLCHAIN_GCC_ARM/stm32f4xx_hal_dac_ex.o
LOAD C:\Users\Ryan\Real Documents\Engineering Projects\Gearbox\Gearbox_FW/mbed/TARGET_NUCLEO_F401RE/TOOLCHAIN_GCC_ARM/stm32f4xx_hal_dcmi.o
LOAD C:\Users\Ryan\Real Documents\Engineering Projects\Gearbox\Gearbox_FW/mbed/TARGET_NUCLEO_F401RE/TOOLCHAIN_GCC_ARM/stm32f4xx_hal_dcmi_ex.o
LOAD C:\Users\Ryan\Real Documents\Engineering Projects\Gearbox\Gearbox_FW/mbed/TARGET_NUCLEO_F401RE/TOOLCHAIN_GCC_ARM/stm32f4xx_hal_dma.o
LOAD C:\Users\Ryan\Real Documents\Engineering Projects\Gearbox\Gearbox_FW/mbed/TARGET_NUCLEO_F401RE/TOOLCHAIN_GCC_ARM/stm32f4xx_hal_dma2d.o
LOAD C:\Users\Ryan\Real Documents\Engineering Projects\Gearbox\Gearbox_FW/mbed/TARGET_NUCLEO_F401RE/TOOLCHAIN_GCC_ARM/stm32f4xx_hal_dma_ex.o
LOAD C:\Users\Ryan\Real Documents\Engineering Projects\Gearbox\Gearbox_FW/mbed/TARGET_NUCLEO_F401RE/TOOLCHAIN_GCC_ARM/stm32f4xx_hal_eth.o
LOAD C:\Users\Ryan\Real Documents\Engineering Projects\Gearbox\Gearbox_FW/mbed/TARGET_NUCLEO_F401RE/TOOLCHAIN_GCC_ARM/stm32f4xx_hal_flash.o
LOAD C:\Users\Ryan\Real Documents\Engineering Projects\Gearbox\Gearbox_FW/mbed/TARGET_NUCLEO_F401RE/TOOLCHAIN_GCC_ARM/stm32f4xx_hal_flash_ex.o
LOAD C:\Users\Ryan\Real Documents\Engineering Projects\Gearbox\Gearbox_FW/mbed/TARGET_NUCLEO_F401RE/TOOLCHAIN_GCC_ARM/stm32f4xx_hal_fmpi2c_ex.o
LOAD C:\Users\Ryan\Real Documents\Engineering Projects\Gearbox\Gearbox_FW/mbed/TARGET_NUCLEO_F401RE/TOOLCHAIN_GCC_ARM/stm32f4xx_hal_fmpi2c.o
LOAD C:\Users\Ryan\Real Documents\Engineering Projects\Gearbox\Gearbox_FW/mbed/TARGET_NUCLEO_F401RE/TOOLCHAIN_GCC_ARM/stm32f4xx_hal_smartcard.o
LOAD C:\Users\Ryan\Real Documents\Engineering Projects\Gearbox\Gearbox_FW/mbed/TARGET_NUCLEO_F401RE/TOOLCHAIN_GCC_ARM/stm32f4xx_hal_gpio.o
LOAD C:\Users\Ryan\Real Documents\Engineering Projects\Gearbox\Gearbox_FW/mbed/TARGET_NUCLEO_F401RE/TOOLCHAIN_GCC_ARM/stm32f4xx_hal_hash.o
LOAD C:\Users\Ryan\Real Documents\Engineering Projects\Gearbox\Gearbox_FW/mbed/TARGET_NUCLEO_F401RE/TOOLCHAIN_GCC_ARM/stm32f4xx_hal_hash_ex.o
LOAD C:\Users\Ryan\Real Documents\Engineering Projects\Gearbox\Gearbox_FW/mbed/TARGET_NUCLEO_F401RE/TOOLCHAIN_GCC_ARM/stm32f4xx_hal_hcd.o
LOAD C:\Users\Ryan\Real Documents\Engineering Projects\Gearbox\Gearbox_FW/mbed/TARGET_NUCLEO_F401RE/TOOLCHAIN_GCC_ARM/stm32f4xx_hal_i2c.o
LOAD C:\Users\Ryan\Real Documents\Engineering Projects\Gearbox\Gearbox_FW/mbed/TARGET_NUCLEO_F401RE/TOOLCHAIN_GCC_ARM/stm32f4xx_hal_i2c_ex.o
LOAD C:\Users\Ryan\Real Documents\Engineering Projects\Gearbox\Gearbox_FW/mbed/TARGET_NUCLEO_F401RE/TOOLCHAIN_GCC_ARM/stm32f4xx_hal_i2s.o
LOAD C:\Users\Ryan\Real Documents\Engineering Projects\Gearbox\Gearbox_FW/mbed/TARGET_NUCLEO_F401RE/TOOLCHAIN_GCC_ARM/stm32f4xx_hal_i2s_ex.o
LOAD C:\Users\Ryan\Real Documents\Engineering Projects\Gearbox\Gearbox_FW/mbed/TARGET_NUCLEO_F401RE/TOOLCHAIN_GCC_ARM/stm32f4xx_hal_irda.o
LOAD C:\Users\Ryan\Real Documents\Engineering Projects\Gearbox\Gearbox_FW/mbed/TARGET_NUCLEO_F401RE/TOOLCHAIN_GCC_ARM/stm32f4xx_hal_iwdg.o
LOAD C:\Users\Ryan\Real Documents\Engineering Projects\Gearbox\Gearbox_FW/mbed/TARGET_NUCLEO_F401RE/TOOLCHAIN_GCC_ARM/stm32f4xx_hal_ltdc.o
LOAD C:\Users\Ryan\Real Documents\Engineering Projects\Gearbox\Gearbox_FW/mbed/TARGET_NUCLEO_F401RE/TOOLCHAIN_GCC_ARM/stm32f4xx_hal_nand.o
LOAD C:\Users\Ryan\Real Documents\Engineering Projects\Gearbox\Gearbox_FW/mbed/TARGET_NUCLEO_F401RE/TOOLCHAIN_GCC_ARM/stm32f4xx_hal_nor.o
LOAD C:\Users\Ryan\Real Documents\Engineering Projects\Gearbox\Gearbox_FW/mbed/TARGET_NUCLEO_F401RE/TOOLCHAIN_GCC_ARM/stm32f4xx_hal_pccard.o
LOAD C:\Users\Ryan\Real Documents\Engineering Projects\Gearbox\Gearbox_FW/mbed/TARGET_NUCLEO_F401RE/TOOLCHAIN_GCC_ARM/stm32f4xx_hal_pcd.o
LOAD C:\Users\Ryan\Real Documents\Engineering Projects\Gearbox\Gearbox_FW/mbed/TARGET_NUCLEO_F401RE/TOOLCHAIN_GCC_ARM/stm32f4xx_hal_pcd_ex.o
LOAD C:\Users\Ryan\Real Documents\Engineering Projects\Gearbox\Gearbox_FW/mbed/TARGET_NUCLEO_F401RE/TOOLCHAIN_GCC_ARM/stm32f4xx_hal_pwr.o
LOAD C:\Users\Ryan\Real Documents\Engineering Projects\Gearbox\Gearbox_FW/mbed/TARGET_NUCLEO_F401RE/TOOLCHAIN_GCC_ARM/stm32f4xx_hal_pwr_ex.o
LOAD C:\Users\Ryan\Real Documents\Engineering Projects\Gearbox\Gearbox_FW/mbed/TARGET_NUCLEO_F401RE/TOOLCHAIN_GCC_ARM/stm32f4xx_hal_qspi.o
LOAD C:\Users\Ryan\Real Documents\Engineering Projects\Gearbox\Gearbox_FW/mbed/TARGET_NUCLEO_F401RE/TOOLCHAIN_GCC_ARM/stm32f4xx_hal_rcc.o
LOAD C:\Users\Ryan\Real Documents\Engineering Projects\Gearbox\Gearbox_FW/mbed/TARGET_NUCLEO_F401RE/TOOLCHAIN_GCC_ARM/stm32f4xx_hal_rcc_ex.o
LOAD C:\Users\Ryan\Real Documents\Engineering Projects\Gearbox\Gearbox_FW/mbed/TARGET_NUCLEO_F401RE/TOOLCHAIN_GCC_ARM/stm32f4xx_hal_rng.o
LOAD C:\Users\Ryan\Real Documents\Engineering Projects\Gearbox\Gearbox_FW/mbed/TARGET_NUCLEO_F401RE/TOOLCHAIN_GCC_ARM/stm32f4xx_hal_rtc.o
LOAD C:\Users\Ryan\Real Documents\Engineering Projects\Gearbox\Gearbox_FW/mbed/TARGET_NUCLEO_F401RE/TOOLCHAIN_GCC_ARM/stm32f4xx_hal_rtc_ex.o
LOAD C:\Users\Ryan\Real Documents\Engineering Projects\Gearbox\Gearbox_FW/mbed/TARGET_NUCLEO_F401RE/TOOLCHAIN_GCC_ARM/stm32f4xx_hal_sai.o
LOAD C:\Users\Ryan\Real Documents\Engineering Projects\Gearbox\Gearbox_FW/mbed/TARGET_NUCLEO_F401RE/TOOLCHAIN_GCC_ARM/stm32f4xx_hal_sai_ex.o
LOAD C:\Users\Ryan\Real Documents\Engineering Projects\Gearbox\Gearbox_FW/mbed/TARGET_NUCLEO_F401RE/TOOLCHAIN_GCC_ARM/stm32f4xx_hal_sd.o
LOAD C:\Users\Ryan\Real Documents\Engineering Projects\Gearbox\Gearbox_FW/mbed/TARGET_NUCLEO_F401RE/TOOLCHAIN_GCC_ARM/stm32f4xx_hal_sdram.o
LOAD C:\Users\Ryan\Real Documents\Engineering Projects\Gearbox\Gearbox_FW/mbed/TARGET_NUCLEO_F401RE/TOOLCHAIN_GCC_ARM/stm32f4xx_hal_spdifrx.o
LOAD C:\Users\Ryan\Real Documents\Engineering Projects\Gearbox\Gearbox_FW/mbed/TARGET_NUCLEO_F401RE/TOOLCHAIN_GCC_ARM/stm32f4xx_hal_spi.o
LOAD C:\Users\Ryan\Real Documents\Engineering Projects\Gearbox\Gearbox_FW/mbed/TARGET_NUCLEO_F401RE/TOOLCHAIN_GCC_ARM/stm32f4xx_hal_sram.o
LOAD C:\Users\Ryan\Real Documents\Engineering Projects\Gearbox\Gearbox_FW/mbed/TARGET_NUCLEO_F401RE/TOOLCHAIN_GCC_ARM/stm32f4xx_hal_tim.o
LOAD C:\Users\Ryan\Real Documents\Engineering Projects\Gearbox\Gearbox_FW/mbed/TARGET_NUCLEO_F401RE/TOOLCHAIN_GCC_ARM/stm32f4xx_hal_tim_ex.o
LOAD C:\Users\Ryan\Real Documents\Engineering Projects\Gearbox\Gearbox_FW/mbed/TARGET_NUCLEO_F401RE/TOOLCHAIN_GCC_ARM/stm32f4xx_hal_uart.o
LOAD C:\Users\Ryan\Real Documents\Engineering Projects\Gearbox\Gearbox_FW/mbed/TARGET_NUCLEO_F401RE/TOOLCHAIN_GCC_ARM/stm32f4xx_hal_usart.o
LOAD C:\Users\Ryan\Real Documents\Engineering Projects\Gearbox\Gearbox_FW/mbed/TARGET_NUCLEO_F401RE/TOOLCHAIN_GCC_ARM/stm32f4xx_hal_wwdg.o
LOAD C:\Users\Ryan\Real Documents\Engineering Projects\Gearbox\Gearbox_FW/mbed/TARGET_NUCLEO_F401RE/TOOLCHAIN_GCC_ARM/stm32f4xx_ll_fmc.o
LOAD C:\Users\Ryan\Real Documents\Engineering Projects\Gearbox\Gearbox_FW/mbed/TARGET_NUCLEO_F401RE/TOOLCHAIN_GCC_ARM/stm32f4xx_ll_fsmc.o
LOAD C:\Users\Ryan\Real Documents\Engineering Projects\Gearbox\Gearbox_FW/mbed/TARGET_NUCLEO_F401RE/TOOLCHAIN_GCC_ARM/stm32f4xx_ll_sdmmc.o
LOAD C:\Users\Ryan\Real Documents\Engineering Projects\Gearbox\Gearbox_FW/mbed/TARGET_NUCLEO_F401RE/TOOLCHAIN_GCC_ARM/stm32f4xx_ll_usb.o
LOAD C:\Users\Ryan\Real Documents\Engineering Projects\Gearbox\Gearbox_FW/mbed/TARGET_NUCLEO_F401RE/TOOLCHAIN_GCC_ARM/system_stm32f4xx.o

.text           0x08000000     0x56b8
 *(.isr_vector)
 .isr_vector    0x08000000      0x194 C:\Users\Ryan\Real Documents\Engineering Projects\Gearbox\Gearbox_FW/mbed/TARGET_NUCLEO_F401RE/TOOLCHAIN_GCC_ARM/startup_stm32f401xe.o
                0x08000000                g_pfnVectors
 *(.text*)
 .text          0x08000194       0x54 c:/program files (x86)/emide/emide v2.20/arm/bin/../lib/gcc/arm-none-eabi/4.7.4/armv7e-m/softfp/crtbegin.o
 .text          0x080001e8       0x70 c:/program files (x86)/emide/emide v2.20/arm/bin/../lib/gcc/arm-none-eabi/4.7.4/../../../../arm-none-eabi/lib/armv7e-m/softfp/crt0.o
                0x080001e8                _start
                0x080001e8                start
                0x080001e8                _mainCRTStartup
 .text.mbed_die
                0x08000258       0x5c C:\Users\Ryan\Real Documents\Engineering Projects\Gearbox\Gearbox_FW/mbed/TARGET_NUCLEO_F401RE/TOOLCHAIN_GCC_ARM/board.o
                0x08000258                mbed_die
 .text.NVIC_SetVector
                0x080002b4       0x48 C:\Users\Ryan\Real Documents\Engineering Projects\Gearbox\Gearbox_FW/mbed/TARGET_NUCLEO_F401RE/TOOLCHAIN_GCC_ARM/cmsis_nvic.o
                0x080002b4                NVIC_SetVector
 .text.timer_irq_handler
                0x080002fc       0x50 C:\Users\Ryan\Real Documents\Engineering Projects\Gearbox\Gearbox_FW/mbed/TARGET_NUCLEO_F401RE/TOOLCHAIN_GCC_ARM/hal_tick.o
                0x080002fc                timer_irq_handler
 .text.HAL_InitTick
                0x0800034c       0xb4 C:\Users\Ryan\Real Documents\Engineering Projects\Gearbox\Gearbox_FW/mbed/TARGET_NUCLEO_F401RE/TOOLCHAIN_GCC_ARM/hal_tick.o
                0x0800034c                HAL_InitTick
 .text.mbed_sdk_init
                0x08000400       0x10 C:\Users\Ryan\Real Documents\Engineering Projects\Gearbox\Gearbox_FW/mbed/TARGET_NUCLEO_F401RE/TOOLCHAIN_GCC_ARM/mbed_overrides.o
                0x08000400                mbed_sdk_init
 .text._ZL11init_serialv.part.0
                0x08000410       0x10 C:\Users\Ryan\Real Documents\Engineering Projects\Gearbox\Gearbox_FW/mbed/TARGET_NUCLEO_F401RE/TOOLCHAIN_GCC_ARM/retarget.o
 .text._close   0x08000420       0x2c C:\Users\Ryan\Real Documents\Engineering Projects\Gearbox\Gearbox_FW/mbed/TARGET_NUCLEO_F401RE/TOOLCHAIN_GCC_ARM/retarget.o
                0x08000420                _close
 .text._write   0x0800044c       0x50 C:\Users\Ryan\Real Documents\Engineering Projects\Gearbox\Gearbox_FW/mbed/TARGET_NUCLEO_F401RE/TOOLCHAIN_GCC_ARM/retarget.o
                0x0800044c                _write
 .text._read    0x0800049c       0x4c C:\Users\Ryan\Real Documents\Engineering Projects\Gearbox\Gearbox_FW/mbed/TARGET_NUCLEO_F401RE/TOOLCHAIN_GCC_ARM/retarget.o
                0x0800049c                _read
 .text._isatty  0x080004e8       0x28 C:\Users\Ryan\Real Documents\Engineering Projects\Gearbox\Gearbox_FW/mbed/TARGET_NUCLEO_F401RE/TOOLCHAIN_GCC_ARM/retarget.o
                0x080004e8                _isatty
 .text._lseek   0x08000510       0x28 C:\Users\Ryan\Real Documents\Engineering Projects\Gearbox\Gearbox_FW/mbed/TARGET_NUCLEO_F401RE/TOOLCHAIN_GCC_ARM/retarget.o
                0x08000510                _lseek
 .text._fstat   0x08000538       0x20 C:\Users\Ryan\Real Documents\Engineering Projects\Gearbox\Gearbox_FW/mbed/TARGET_NUCLEO_F401RE/TOOLCHAIN_GCC_ARM/retarget.o
                0x08000538                _fstat
 .text.__cxa_pure_virtual
                0x08000558        0x8 C:\Users\Ryan\Real Documents\Engineering Projects\Gearbox\Gearbox_FW/mbed/TARGET_NUCLEO_F401RE/TOOLCHAIN_GCC_ARM/retarget.o
                0x08000558                __cxa_pure_virtual
 .text.mbed_main
                0x08000560        0x4 C:\Users\Ryan\Real Documents\Engineering Projects\Gearbox\Gearbox_FW/mbed/TARGET_NUCLEO_F401RE/TOOLCHAIN_GCC_ARM/retarget.o
                0x08000560                mbed_main
 .text.__wrap_main
                0x08000564       0x14 C:\Users\Ryan\Real Documents\Engineering Projects\Gearbox\Gearbox_FW/mbed/TARGET_NUCLEO_F401RE/TOOLCHAIN_GCC_ARM/retarget.o
                0x08000564                __wrap_main
 .text._sbrk    0x08000578       0x28 C:\Users\Ryan\Real Documents\Engineering Projects\Gearbox\Gearbox_FW/mbed/TARGET_NUCLEO_F401RE/TOOLCHAIN_GCC_ARM/retarget.o
                0x08000578                _sbrk
 .text._exit    0x080005a0       0x24 C:\Users\Ryan\Real Documents\Engineering Projects\Gearbox\Gearbox_FW/mbed/TARGET_NUCLEO_F401RE/TOOLCHAIN_GCC_ARM/retarget.o
                0x080005a0                _exit
 .text.Reset_Handler
                0x080005c4       0x54 C:\Users\Ryan\Real Documents\Engineering Projects\Gearbox\Gearbox_FW/mbed/TARGET_NUCLEO_F401RE/TOOLCHAIN_GCC_ARM/startup_stm32f401xe.o
                0x080005c4                Reset_Handler
 .text.Default_Handler
                0x08000618        0x4 C:\Users\Ryan\Real Documents\Engineering Projects\Gearbox\Gearbox_FW/mbed/TARGET_NUCLEO_F401RE/TOOLCHAIN_GCC_ARM/startup_stm32f401xe.o
                0x08000618                RTC_Alarm_IRQHandler
                0x08000618                EXTI2_IRQHandler
                0x08000618                DebugMon_Handler
                0x08000618                SPI4_IRQHandler
                0x08000618                TIM1_CC_IRQHandler
                0x08000618                DMA2_Stream5_IRQHandler
                0x08000618                HardFault_Handler
                0x08000618                DMA1_Stream5_IRQHandler
                0x08000618                SysTick_Handler
                0x08000618                PVD_IRQHandler
                0x08000618                SDIO_IRQHandler
                0x08000618                TAMP_STAMP_IRQHandler
                0x08000618                PendSV_Handler
                0x08000618                NMI_Handler
                0x08000618                EXTI3_IRQHandler
                0x08000618                TIM1_UP_TIM10_IRQHandler
                0x08000618                I2C3_ER_IRQHandler
                0x08000618                EXTI0_IRQHandler
                0x08000618                I2C2_EV_IRQHandler
                0x08000618                DMA1_Stream2_IRQHandler
                0x08000618                FPU_IRQHandler
                0x08000618                UsageFault_Handler
                0x08000618                DMA2_Stream2_IRQHandler
                0x08000618                SPI1_IRQHandler
                0x08000618                TIM1_BRK_TIM9_IRQHandler
                0x08000618                DMA2_Stream3_IRQHandler
                0x08000618                USART6_IRQHandler
                0x08000618                DMA2_Stream0_IRQHandler
                0x08000618                TIM4_IRQHandler
                0x08000618                I2C1_EV_IRQHandler
                0x08000618                DMA1_Stream6_IRQHandler
                0x08000618                DMA1_Stream1_IRQHandler
                0x08000618                TIM3_IRQHandler
                0x08000618                RCC_IRQHandler
                0x08000618                Default_Handler
                0x08000618                EXTI15_10_IRQHandler
                0x08000618                ADC_IRQHandler
                0x08000618                DMA1_Stream7_IRQHandler
                0x08000618                TIM5_IRQHandler
                0x08000618                DMA2_Stream7_IRQHandler
                0x08000618                I2C3_EV_IRQHandler
                0x08000618                EXTI9_5_IRQHandler
                0x08000618                RTC_WKUP_IRQHandler
                0x08000618                SPI2_IRQHandler
                0x08000618                MemManage_Handler
                0x08000618                DMA1_Stream0_IRQHandler
                0x08000618                SVC_Handler
                0x08000618                EXTI4_IRQHandler
                0x08000618                WWDG_IRQHandler
                0x08000618                TIM2_IRQHandler
                0x08000618                OTG_FS_WKUP_IRQHandler
                0x08000618                TIM1_TRG_COM_TIM11_IRQHandler
                0x08000618                EXTI1_IRQHandler
                0x08000618                USART2_IRQHandler
                0x08000618                I2C2_ER_IRQHandler
                0x08000618                DMA2_Stream1_IRQHandler
                0x08000618                FLASH_IRQHandler
                0x08000618                DMA2_Stream4_IRQHandler
                0x08000618                BusFault_Handler
                0x08000618                USART1_IRQHandler
                0x08000618                OTG_FS_IRQHandler
                0x08000618                SPI3_IRQHandler
                0x08000618                DMA1_Stream4_IRQHandler
                0x08000618                I2C1_ER_IRQHandler
                0x08000618                DMA2_Stream6_IRQHandler
                0x08000618                DMA1_Stream3_IRQHandler
 .text.HAL_MspInit
                0x0800061c        0x4 C:\Users\Ryan\Real Documents\Engineering Projects\Gearbox\Gearbox_FW/mbed/TARGET_NUCLEO_F401RE/TOOLCHAIN_GCC_ARM/stm32f4xx_hal.o
                0x0800061c                HAL_MspInit
 .text.HAL_Init
                0x08000620       0x34 C:\Users\Ryan\Real Documents\Engineering Projects\Gearbox\Gearbox_FW/mbed/TARGET_NUCLEO_F401RE/TOOLCHAIN_GCC_ARM/stm32f4xx_hal.o
                0x08000620                HAL_Init
 .text.HAL_IncTick
                0x08000654       0x10 C:\Users\Ryan\Real Documents\Engineering Projects\Gearbox\Gearbox_FW/mbed/TARGET_NUCLEO_F401RE/TOOLCHAIN_GCC_ARM/stm32f4xx_hal.o
                0x08000654                HAL_IncTick
 .text.HAL_GetTick
                0x08000664        0xc C:\Users\Ryan\Real Documents\Engineering Projects\Gearbox\Gearbox_FW/mbed/TARGET_NUCLEO_F401RE/TOOLCHAIN_GCC_ARM/stm32f4xx_hal.o
                0x08000664                HAL_GetTick
 .text.HAL_ADC_MspInit
                0x08000670        0x4 C:\Users\Ryan\Real Documents\Engineering Projects\Gearbox\Gearbox_FW/mbed/TARGET_NUCLEO_F401RE/TOOLCHAIN_GCC_ARM/stm32f4xx_hal_adc.o
                0x08000670                HAL_ADC_MspInit
 .text.HAL_ADC_Init
                0x08000674      0x148 C:\Users\Ryan\Real Documents\Engineering Projects\Gearbox\Gearbox_FW/mbed/TARGET_NUCLEO_F401RE/TOOLCHAIN_GCC_ARM/stm32f4xx_hal_adc.o
                0x08000674                HAL_ADC_Init
 .text.HAL_ADC_Start
                0x080007bc       0xb8 C:\Users\Ryan\Real Documents\Engineering Projects\Gearbox\Gearbox_FW/mbed/TARGET_NUCLEO_F401RE/TOOLCHAIN_GCC_ARM/stm32f4xx_hal_adc.o
                0x080007bc                HAL_ADC_Start
 .text.HAL_ADC_PollForConversion
                0x08000874       0x68 C:\Users\Ryan\Real Documents\Engineering Projects\Gearbox\Gearbox_FW/mbed/TARGET_NUCLEO_F401RE/TOOLCHAIN_GCC_ARM/stm32f4xx_hal_adc.o
                0x08000874                HAL_ADC_PollForConversion
 .text.HAL_ADC_GetValue
                0x080008dc        0x8 C:\Users\Ryan\Real Documents\Engineering Projects\Gearbox\Gearbox_FW/mbed/TARGET_NUCLEO_F401RE/TOOLCHAIN_GCC_ARM/stm32f4xx_hal_adc.o
                0x080008dc                HAL_ADC_GetValue
 .text.HAL_ADC_ConfigChannel
                0x080008e4      0x14c C:\Users\Ryan\Real Documents\Engineering Projects\Gearbox\Gearbox_FW/mbed/TARGET_NUCLEO_F401RE/TOOLCHAIN_GCC_ARM/stm32f4xx_hal_adc.o
                0x080008e4                HAL_ADC_ConfigChannel
 .text.HAL_NVIC_SetPriorityGrouping
                0x08000a30       0x24 C:\Users\Ryan\Real Documents\Engineering Projects\Gearbox\Gearbox_FW/mbed/TARGET_NUCLEO_F401RE/TOOLCHAIN_GCC_ARM/stm32f4xx_hal_cortex.o
                0x08000a30                HAL_NVIC_SetPriorityGrouping
 .text.HAL_GPIO_Init
                0x08000a54      0x214 C:\Users\Ryan\Real Documents\Engineering Projects\Gearbox\Gearbox_FW/mbed/TARGET_NUCLEO_F401RE/TOOLCHAIN_GCC_ARM/stm32f4xx_hal_gpio.o
                0x08000a54                HAL_GPIO_Init
 .text.HAL_PWR_EnterSLEEPMode
                0x08000c68       0x20 C:\Users\Ryan\Real Documents\Engineering Projects\Gearbox\Gearbox_FW/mbed/TARGET_NUCLEO_F401RE/TOOLCHAIN_GCC_ARM/stm32f4xx_hal_pwr.o
                0x08000c68                HAL_PWR_EnterSLEEPMode
 .text.HAL_RCC_OscConfig
                0x08000c88      0x370 C:\Users\Ryan\Real Documents\Engineering Projects\Gearbox\Gearbox_FW/mbed/TARGET_NUCLEO_F401RE/TOOLCHAIN_GCC_ARM/stm32f4xx_hal_rcc.o
                0x08000c88                HAL_RCC_OscConfig
 .text.HAL_RCC_ClockConfig
                0x08000ff8      0x1fc C:\Users\Ryan\Real Documents\Engineering Projects\Gearbox\Gearbox_FW/mbed/TARGET_NUCLEO_F401RE/TOOLCHAIN_GCC_ARM/stm32f4xx_hal_rcc.o
                0x08000ff8                HAL_RCC_ClockConfig
 .text.HAL_RCC_GetSysClockFreq
                0x080011f4       0x88 C:\Users\Ryan\Real Documents\Engineering Projects\Gearbox\Gearbox_FW/mbed/TARGET_NUCLEO_F401RE/TOOLCHAIN_GCC_ARM/stm32f4xx_hal_rcc.o
                0x080011f4                HAL_RCC_GetSysClockFreq
 .text.HAL_RCC_GetHCLKFreq
                0x0800127c       0x38 C:\Users\Ryan\Real Documents\Engineering Projects\Gearbox\Gearbox_FW/mbed/TARGET_NUCLEO_F401RE/TOOLCHAIN_GCC_ARM/stm32f4xx_hal_rcc.o
                0x0800127c                HAL_RCC_GetHCLKFreq
 .text.HAL_RCC_GetPCLK1Freq
                0x080012b4       0x30 C:\Users\Ryan\Real Documents\Engineering Projects\Gearbox\Gearbox_FW/mbed/TARGET_NUCLEO_F401RE/TOOLCHAIN_GCC_ARM/stm32f4xx_hal_rcc.o
                0x080012b4                HAL_RCC_GetPCLK1Freq
 .text.HAL_RCC_GetPCLK2Freq
                0x080012e4       0x30 C:\Users\Ryan\Real Documents\Engineering Projects\Gearbox\Gearbox_FW/mbed/TARGET_NUCLEO_F401RE/TOOLCHAIN_GCC_ARM/stm32f4xx_hal_rcc.o
                0x080012e4                HAL_RCC_GetPCLK2Freq
 .text.HAL_RCC_GetClockConfig
                0x08001314       0x44 C:\Users\Ryan\Real Documents\Engineering Projects\Gearbox\Gearbox_FW/mbed/TARGET_NUCLEO_F401RE/TOOLCHAIN_GCC_ARM/stm32f4xx_hal_rcc.o
                0x08001314                HAL_RCC_GetClockConfig
 .text.TIM_OC1_SetConfig
                0x08001358       0x58 C:\Users\Ryan\Real Documents\Engineering Projects\Gearbox\Gearbox_FW/mbed/TARGET_NUCLEO_F401RE/TOOLCHAIN_GCC_ARM/stm32f4xx_hal_tim.o
 .text.TIM_OC3_SetConfig
                0x080013b0       0x5c C:\Users\Ryan\Real Documents\Engineering Projects\Gearbox\Gearbox_FW/mbed/TARGET_NUCLEO_F401RE/TOOLCHAIN_GCC_ARM/stm32f4xx_hal_tim.o
 .text.TIM_OC4_SetConfig
                0x0800140c       0x48 C:\Users\Ryan\Real Documents\Engineering Projects\Gearbox\Gearbox_FW/mbed/TARGET_NUCLEO_F401RE/TOOLCHAIN_GCC_ARM/stm32f4xx_hal_tim.o
 .text.HAL_TIM_OC_MspInit
                0x08001454        0x4 C:\Users\Ryan\Real Documents\Engineering Projects\Gearbox\Gearbox_FW/mbed/TARGET_NUCLEO_F401RE/TOOLCHAIN_GCC_ARM/stm32f4xx_hal_tim.o
                0x08001454                HAL_TIM_OC_MspInit
 .text.HAL_TIM_OC_Start
                0x08001458       0x40 C:\Users\Ryan\Real Documents\Engineering Projects\Gearbox\Gearbox_FW/mbed/TARGET_NUCLEO_F401RE/TOOLCHAIN_GCC_ARM/stm32f4xx_hal_tim.o
                0x08001458                HAL_TIM_OC_Start
 .text.HAL_TIM_PWM_MspInit
                0x08001498        0x4 C:\Users\Ryan\Real Documents\Engineering Projects\Gearbox\Gearbox_FW/mbed/TARGET_NUCLEO_F401RE/TOOLCHAIN_GCC_ARM/stm32f4xx_hal_tim.o
                0x08001498                HAL_TIM_PWM_MspInit
 .text.HAL_TIM_PWM_Start
                0x0800149c       0x40 C:\Users\Ryan\Real Documents\Engineering Projects\Gearbox\Gearbox_FW/mbed/TARGET_NUCLEO_F401RE/TOOLCHAIN_GCC_ARM/stm32f4xx_hal_tim.o
                0x0800149c                HAL_TIM_PWM_Start
 .text.TIM_Base_SetConfig
                0x080014dc       0xa0 C:\Users\Ryan\Real Documents\Engineering Projects\Gearbox\Gearbox_FW/mbed/TARGET_NUCLEO_F401RE/TOOLCHAIN_GCC_ARM/stm32f4xx_hal_tim.o
                0x080014dc                TIM_Base_SetConfig
 .text.HAL_TIM_OC_Init
                0x0800157c       0x38 C:\Users\Ryan\Real Documents\Engineering Projects\Gearbox\Gearbox_FW/mbed/TARGET_NUCLEO_F401RE/TOOLCHAIN_GCC_ARM/stm32f4xx_hal_tim.o
                0x0800157c                HAL_TIM_OC_Init
 .text.HAL_TIM_PWM_Init
                0x080015b4       0x38 C:\Users\Ryan\Real Documents\Engineering Projects\Gearbox\Gearbox_FW/mbed/TARGET_NUCLEO_F401RE/TOOLCHAIN_GCC_ARM/stm32f4xx_hal_tim.o
                0x080015b4                HAL_TIM_PWM_Init
 .text.TIM_OC2_SetConfig
                0x080015ec       0x5c C:\Users\Ryan\Real Documents\Engineering Projects\Gearbox\Gearbox_FW/mbed/TARGET_NUCLEO_F401RE/TOOLCHAIN_GCC_ARM/stm32f4xx_hal_tim.o
                0x080015ec                TIM_OC2_SetConfig
 .text.HAL_TIM_PWM_ConfigChannel
                0x08001648       0xd4 C:\Users\Ryan\Real Documents\Engineering Projects\Gearbox\Gearbox_FW/mbed/TARGET_NUCLEO_F401RE/TOOLCHAIN_GCC_ARM/stm32f4xx_hal_tim.o
                0x08001648                HAL_TIM_PWM_ConfigChannel
 .text.HAL_TIMEx_PWMN_Start
                0x0800171c       0x2c C:\Users\Ryan\Real Documents\Engineering Projects\Gearbox\Gearbox_FW/mbed/TARGET_NUCLEO_F401RE/TOOLCHAIN_GCC_ARM/stm32f4xx_hal_tim_ex.o
                0x0800171c                HAL_TIMEx_PWMN_Start
 .text.UART_SetConfig
                0x08001748      0x1b4 C:\Users\Ryan\Real Documents\Engineering Projects\Gearbox\Gearbox_FW/mbed/TARGET_NUCLEO_F401RE/TOOLCHAIN_GCC_ARM/stm32f4xx_hal_uart.o
 .text.HAL_UART_MspInit
                0x080018fc        0x4 C:\Users\Ryan\Real Documents\Engineering Projects\Gearbox\Gearbox_FW/mbed/TARGET_NUCLEO_F401RE/TOOLCHAIN_GCC_ARM/stm32f4xx_hal_uart.o
                0x080018fc                HAL_UART_MspInit
 .text.HAL_UART_Init
                0x08001900       0x5c C:\Users\Ryan\Real Documents\Engineering Projects\Gearbox\Gearbox_FW/mbed/TARGET_NUCLEO_F401RE/TOOLCHAIN_GCC_ARM/stm32f4xx_hal_uart.o
                0x08001900                HAL_UART_Init
 .text.SystemCoreClockUpdate
                0x0800195c       0x70 C:\Users\Ryan\Real Documents\Engineering Projects\Gearbox\Gearbox_FW/mbed/TARGET_NUCLEO_F401RE/TOOLCHAIN_GCC_ARM/system_stm32f4xx.o
                0x0800195c                SystemCoreClockUpdate
 .text.SetSysClock_PLL_HSE
                0x080019cc       0x94 C:\Users\Ryan\Real Documents\Engineering Projects\Gearbox\Gearbox_FW/mbed/TARGET_NUCLEO_F401RE/TOOLCHAIN_GCC_ARM/system_stm32f4xx.o
                0x080019cc                SetSysClock_PLL_HSE
 .text.SetSysClock_PLL_HSI
                0x08001a60       0x98 C:\Users\Ryan\Real Documents\Engineering Projects\Gearbox\Gearbox_FW/mbed/TARGET_NUCLEO_F401RE/TOOLCHAIN_GCC_ARM/system_stm32f4xx.o
                0x08001a60                SetSysClock_PLL_HSI
 .text.SetSysClock
                0x08001af8       0x20 C:\Users\Ryan\Real Documents\Engineering Projects\Gearbox\Gearbox_FW/mbed/TARGET_NUCLEO_F401RE/TOOLCHAIN_GCC_ARM/system_stm32f4xx.o
                0x08001af8                SetSysClock
 .text.SystemInit
                0x08001b18       0x74 C:\Users\Ryan\Real Documents\Engineering Projects\Gearbox\Gearbox_FW/mbed/TARGET_NUCLEO_F401RE/TOOLCHAIN_GCC_ARM/system_stm32f4xx.o
                0x08001b18                SystemInit
 .text._ZN4mbed10DigitalOutC2E7PinName
                0x08001b8c       0x1a ..\obj\Current_Sense..o
                0x08001b8c                mbed::DigitalOut::DigitalOut(PinName)
                0x08001b8c                mbed::DigitalOut::DigitalOut(PinName)
 *fill*         0x08001ba6        0x2 00
 .text._ZN4mbed10DigitalOut5writeEi
                0x08001ba8       0x2c ..\obj\Current_Sense..o
                0x08001ba8                mbed::DigitalOut::write(int)
 .text._ZN13Current_SenseC2Ev
                0x08001bd4       0x32 ..\obj\Current_Sense..o
                0x08001bd4                Current_Sense::Current_Sense()
                0x08001bd4                Current_Sense::Current_Sense()
 .text._ZN13Current_Sense8set_gainE10sense_gain
                0x08001c06       0x4c ..\obj\Current_Sense..o
                0x08001c06                Current_Sense::set_gain(sense_gain)
 .text._ZN13Current_Sense4initEv
                0x08001c52       0x1c ..\obj\Current_Sense..o
                0x08001c52                Current_Sense::init()
 .text._ZN13Current_Sense3offEv
                0x08001c6e       0x24 ..\obj\Current_Sense..o
                0x08001c6e                Current_Sense::off()
 *fill*         0x08001c92        0x2 00
 .text.startup._GLOBAL__sub_I_Orange
                0x08001c94       0x58 ..\obj\Declarations.o
 .text.gpio_write
                0x08001cec       0x2c ..\obj\Motor.o
 .text._ZN10Motor_CtrlC2Ev
                0x08001d18       0x48 ..\obj\Motor.o
                0x08001d18                Motor_Ctrl::Motor_Ctrl()
                0x08001d18                Motor_Ctrl::Motor_Ctrl()
 .text._ZN10Motor_Ctrl5run_FEf
                0x08001d60       0x2e ..\obj\Motor.o
                0x08001d60                Motor_Ctrl::run_F(float)
 .text._ZN10Motor_Ctrl5run_REf
                0x08001d8e       0x30 ..\obj\Motor.o
                0x08001d8e                Motor_Ctrl::run_R(float)
 .text._ZN10Motor_Ctrl3offEv
                0x08001dbe       0x30 ..\obj\Motor.o
                0x08001dbe                Motor_Ctrl::off()
 *fill*         0x08001dee        0x2 00
 .text._Z9pressed_Rv
                0x08001df0       0x60 ..\obj\main.o
                0x08001df0                pressed_R()
 .text._Z9pressed_Fv
                0x08001e50       0x60 ..\obj\main.o
                0x08001e50                pressed_F()
 .text._ZN4mbed6TickerD2Ev
                0x08001eb0       0x1c ..\obj\main.o
                0x08001eb0                mbed::Ticker::~Ticker()
                0x08001eb0                mbed::Ticker::~Ticker()
 .text._ZN4mbed7TimeoutD2Ev
                0x08001ecc       0x14 ..\obj\main.o
                0x08001ecc                mbed::Timeout::~Timeout()
                0x08001ecc                mbed::Timeout::~Timeout()
 .text._ZN4mbed6TickerD0Ev
                0x08001ee0       0x12 ..\obj\main.o
                0x08001ee0                mbed::Ticker::~Ticker()
 *fill*         0x08001ef2        0x2 00
 .text.startup.main
                0x08001ef4      0x114 ..\obj\main.o
                0x08001ef4                main
 .text._ZN4mbed7TimeoutD0Ev
                0x08002008       0x12 ..\obj\main.o
                0x08002008                mbed::Timeout::~Timeout()
 *fill*         0x0800201a        0x2 00
 .text.startup._GLOBAL__sub_I_Motor
                0x0800201c       0x58 ..\obj\main.o
 .text.gpio_write
                0x08002074       0x2c ..\obj\power.o
 .text._ZN10power_mgmtC2ER10Motor_CtrlR13Current_Sense
                0x080020a0       0x16 ..\obj\power.o
                0x080020a0                power_mgmt::power_mgmt(Motor_Ctrl&, Current_Sense&)
                0x080020a0                power_mgmt::power_mgmt(Motor_Ctrl&, Current_Sense&)
 *fill*         0x080020b6        0x2 00
 .text._ZN10power_mgmt14battery_statusEv
                0x080020b8      0x250 ..\obj\power.o
                0x080020b8                power_mgmt::battery_status()
 .text._ZN10power_mgmt5sleepEv
                0x08002308       0x20 ..\obj\power.o
                0x08002308                power_mgmt::sleep()
 .text._ZN10power_mgmt4wakeEv
                0x08002328        0x6 ..\obj\power.o
                0x08002328                power_mgmt::wake()
 *fill*         0x0800232e        0x2 00
 .text.analogin_init
                0x08002330       0xb0 C:\Users\Ryan\Real Documents\Engineering Projects\Gearbox\Gearbox_FW/mbed/TARGET_NUCLEO_F401RE/TOOLCHAIN_GCC_ARM\libmbed.a(analogin_api.o)
                0x08002330                analogin_init
 .text.analogin_read
                0x080023e0       0xe4 C:\Users\Ryan\Real Documents\Engineering Projects\Gearbox\Gearbox_FW/mbed/TARGET_NUCLEO_F401RE/TOOLCHAIN_GCC_ARM\libmbed.a(analogin_api.o)
                0x080023e0                analogin_read
 .text.pwmout_write
                0x080024c4       0xb0 C:\Users\Ryan\Real Documents\Engineering Projects\Gearbox\Gearbox_FW/mbed/TARGET_NUCLEO_F401RE/TOOLCHAIN_GCC_ARM\libmbed.a(pwmout_api.o)
                0x080024c4                pwmout_write
 .text.pwmout_period_us
                0x08002574      0x138 C:\Users\Ryan\Real Documents\Engineering Projects\Gearbox\Gearbox_FW/mbed/TARGET_NUCLEO_F401RE/TOOLCHAIN_GCC_ARM\libmbed.a(pwmout_api.o)
                0x08002574                pwmout_period_us
 .text.pwmout_init
                0x080026ac      0x158 C:\Users\Ryan\Real Documents\Engineering Projects\Gearbox\Gearbox_FW/mbed/TARGET_NUCLEO_F401RE/TOOLCHAIN_GCC_ARM\libmbed.a(pwmout_api.o)
                0x080026ac                pwmout_init
 .text.pwmout_period
                0x08002804       0x1c C:\Users\Ryan\Real Documents\Engineering Projects\Gearbox\Gearbox_FW/mbed/TARGET_NUCLEO_F401RE/TOOLCHAIN_GCC_ARM\libmbed.a(pwmout_api.o)
                0x08002804                pwmout_period
 .text.init_uart
                0x08002820       0x58 C:\Users\Ryan\Real Documents\Engineering Projects\Gearbox\Gearbox_FW/mbed/TARGET_NUCLEO_F401RE/TOOLCHAIN_GCC_ARM\libmbed.a(serial_api.o)
 .text.serial_init
                0x08002878      0x120 C:\Users\Ryan\Real Documents\Engineering Projects\Gearbox\Gearbox_FW/mbed/TARGET_NUCLEO_F401RE/TOOLCHAIN_GCC_ARM\libmbed.a(serial_api.o)
                0x08002878                serial_init
 .text.serial_getc
                0x08002998       0x18 C:\Users\Ryan\Real Documents\Engineering Projects\Gearbox\Gearbox_FW/mbed/TARGET_NUCLEO_F401RE/TOOLCHAIN_GCC_ARM\libmbed.a(serial_api.o)
                0x08002998                serial_getc
 .text.serial_putc
                0x080029b0       0x18 C:\Users\Ryan\Real Documents\Engineering Projects\Gearbox\Gearbox_FW/mbed/TARGET_NUCLEO_F401RE/TOOLCHAIN_GCC_ARM\libmbed.a(serial_api.o)
                0x080029b0                serial_putc
 .text.sleep    0x080029c8       0x2c C:\Users\Ryan\Real Documents\Engineering Projects\Gearbox\Gearbox_FW/mbed/TARGET_NUCLEO_F401RE/TOOLCHAIN_GCC_ARM\libmbed.a(sleep.o)
                0x080029c8                sleep
 .text._ZN4mbed11InterruptInD2Ev
                0x080029f4       0x18 C:\Users\Ryan\Real Documents\Engineering Projects\Gearbox\Gearbox_FW/mbed/TARGET_NUCLEO_F401RE/TOOLCHAIN_GCC_ARM\libmbed.a(InterruptIn.o)
                0x080029f4                mbed::InterruptIn::~InterruptIn()
                0x080029f4                mbed::InterruptIn::~InterruptIn()
 .text._ZN4mbed11InterruptInD0Ev
                0x08002a0c       0x1c C:\Users\Ryan\Real Documents\Engineering Projects\Gearbox\Gearbox_FW/mbed/TARGET_NUCLEO_F401RE/TOOLCHAIN_GCC_ARM\libmbed.a(InterruptIn.o)
                0x08002a0c                mbed::InterruptIn::~InterruptIn()
 .text._ZN4mbed11InterruptIn12_irq_handlerEm14gpio_irq_event
                0x08002a28       0x44 C:\Users\Ryan\Real Documents\Engineering Projects\Gearbox\Gearbox_FW/mbed/TARGET_NUCLEO_F401RE/TOOLCHAIN_GCC_ARM\libmbed.a(InterruptIn.o)
                0x08002a28                mbed::InterruptIn::_irq_handler(unsigned long, gpio_irq_event)
 .text._ZN4mbed11InterruptInC2E7PinName
                0x08002a6c       0x44 C:\Users\Ryan\Real Documents\Engineering Projects\Gearbox\Gearbox_FW/mbed/TARGET_NUCLEO_F401RE/TOOLCHAIN_GCC_ARM\libmbed.a(InterruptIn.o)
                0x08002a6c                mbed::InterruptIn::InterruptIn(PinName)
                0x08002a6c                mbed::InterruptIn::InterruptIn(PinName)
 .text._ZN4mbed11InterruptIn4fallEPFvvE
                0x08002ab0       0x1c C:\Users\Ryan\Real Documents\Engineering Projects\Gearbox\Gearbox_FW/mbed/TARGET_NUCLEO_F401RE/TOOLCHAIN_GCC_ARM\libmbed.a(InterruptIn.o)
                0x08002ab0                mbed::InterruptIn::fall(void (*)())
 .text._ZN4mbed6Ticker7handlerEv
                0x08002acc       0x28 C:\Users\Ryan\Real Documents\Engineering Projects\Gearbox\Gearbox_FW/mbed/TARGET_NUCLEO_F401RE/TOOLCHAIN_GCC_ARM\libmbed.a(Ticker.o)
                0x08002acc                mbed::Ticker::handler()
 .text._ZN4mbed6Ticker6detachEv
                0x08002af4       0x10 C:\Users\Ryan\Real Documents\Engineering Projects\Gearbox\Gearbox_FW/mbed/TARGET_NUCLEO_F401RE/TOOLCHAIN_GCC_ARM\libmbed.a(Ticker.o)
                0x08002af4                mbed::Ticker::detach()
 .text._ZN4mbed6Ticker5setupEm
                0x08002b04       0x20 C:\Users\Ryan\Real Documents\Engineering Projects\Gearbox\Gearbox_FW/mbed/TARGET_NUCLEO_F401RE/TOOLCHAIN_GCC_ARM\libmbed.a(Ticker.o)
                0x08002b04                mbed::Ticker::setup(unsigned long)
 .text._ZN4mbed7Timeout7handlerEv
                0x08002b24       0x1c C:\Users\Ryan\Real Documents\Engineering Projects\Gearbox\Gearbox_FW/mbed/TARGET_NUCLEO_F401RE/TOOLCHAIN_GCC_ARM\libmbed.a(Timeout.o)
                0x08002b24                mbed::Timeout::handler()
 .text._ZN4mbed10TimerEvent3irqEm
                0x08002b40        0xc C:\Users\Ryan\Real Documents\Engineering Projects\Gearbox\Gearbox_FW/mbed/TARGET_NUCLEO_F401RE/TOOLCHAIN_GCC_ARM\libmbed.a(TimerEvent.o)
                0x08002b40                mbed::TimerEvent::irq(unsigned long)
 .text._ZN4mbed10TimerEventD2Ev
                0x08002b4c       0x18 C:\Users\Ryan\Real Documents\Engineering Projects\Gearbox\Gearbox_FW/mbed/TARGET_NUCLEO_F401RE/TOOLCHAIN_GCC_ARM\libmbed.a(TimerEvent.o)
                0x08002b4c                mbed::TimerEvent::~TimerEvent()
                0x08002b4c                mbed::TimerEvent::~TimerEvent()
 .text._ZN4mbed10TimerEventD0Ev
                0x08002b64       0x20 C:\Users\Ryan\Real Documents\Engineering Projects\Gearbox\Gearbox_FW/mbed/TARGET_NUCLEO_F401RE/TOOLCHAIN_GCC_ARM\libmbed.a(TimerEvent.o)
                0x08002b64                mbed::TimerEvent::~TimerEvent()
 .text._ZN4mbed10TimerEventC2Ev
                0x08002b84       0x28 C:\Users\Ryan\Real Documents\Engineering Projects\Gearbox\Gearbox_FW/mbed/TARGET_NUCLEO_F401RE/TOOLCHAIN_GCC_ARM\libmbed.a(TimerEvent.o)
                0x08002b84                mbed::TimerEvent::TimerEvent()
                0x08002b84                mbed::TimerEvent::TimerEvent()
 .text._ZN4mbed10TimerEvent6insertEm
                0x08002bac        0xc C:\Users\Ryan\Real Documents\Engineering Projects\Gearbox\Gearbox_FW/mbed/TARGET_NUCLEO_F401RE/TOOLCHAIN_GCC_ARM\libmbed.a(TimerEvent.o)
                0x08002bac                mbed::TimerEvent::insert(unsigned long)
 .text._ZN4mbed10TimerEvent6removeEv
                0x08002bb8        0x8 C:\Users\Ryan\Real Documents\Engineering Projects\Gearbox\Gearbox_FW/mbed/TARGET_NUCLEO_F401RE/TOOLCHAIN_GCC_ARM\libmbed.a(TimerEvent.o)
                0x08002bb8                mbed::TimerEvent::remove()
 .text.mbed_assert_internal
                0x08002bc0       0x18 C:\Users\Ryan\Real Documents\Engineering Projects\Gearbox\Gearbox_FW/mbed/TARGET_NUCLEO_F401RE/TOOLCHAIN_GCC_ARM\libmbed.a(assert.o)
                0x08002bc0                mbed_assert_internal
 .text.error    0x08002bd8       0x24 C:\Users\Ryan\Real Documents\Engineering Projects\Gearbox\Gearbox_FW/mbed/TARGET_NUCLEO_F401RE/TOOLCHAIN_GCC_ARM\libmbed.a(error.o)
                0x08002bd8                error
 .text.gpio_init_in
                0x08002bfc       0x24 C:\Users\Ryan\Real Documents\Engineering Projects\Gearbox\Gearbox_FW/mbed/TARGET_NUCLEO_F401RE/TOOLCHAIN_GCC_ARM\libmbed.a(gpio.o)
                0x08002bfc                gpio_init_in
 .text.gpio_init_out
                0x08002c20       0x48 C:\Users\Ryan\Real Documents\Engineering Projects\Gearbox\Gearbox_FW/mbed/TARGET_NUCLEO_F401RE/TOOLCHAIN_GCC_ARM\libmbed.a(gpio.o)
                0x08002c20                gpio_init_out
 .text.pinmap_pinout
                0x08002c68       0x44 C:\Users\Ryan\Real Documents\Engineering Projects\Gearbox\Gearbox_FW/mbed/TARGET_NUCLEO_F401RE/TOOLCHAIN_GCC_ARM\libmbed.a(pinmap_common.o)
                0x08002c68                pinmap_pinout
 .text.pinmap_merge
                0x08002cac       0x24 C:\Users\Ryan\Real Documents\Engineering Projects\Gearbox\Gearbox_FW/mbed/TARGET_NUCLEO_F401RE/TOOLCHAIN_GCC_ARM\libmbed.a(pinmap_common.o)
                0x08002cac                pinmap_merge
 .text.pinmap_peripheral
                0x08002cd0       0x34 C:\Users\Ryan\Real Documents\Engineering Projects\Gearbox\Gearbox_FW/mbed/TARGET_NUCLEO_F401RE/TOOLCHAIN_GCC_ARM\libmbed.a(pinmap_common.o)
                0x08002cd0                pinmap_peripheral
 .text.pinmap_function
                0x08002d04       0x34 C:\Users\Ryan\Real Documents\Engineering Projects\Gearbox\Gearbox_FW/mbed/TARGET_NUCLEO_F401RE/TOOLCHAIN_GCC_ARM\libmbed.a(pinmap_common.o)
                0x08002d04                pinmap_function
 .text.ticker_set_handler
                0x08002d38       0x14 C:\Users\Ryan\Real Documents\Engineering Projects\Gearbox\Gearbox_FW/mbed/TARGET_NUCLEO_F401RE/TOOLCHAIN_GCC_ARM\libmbed.a(ticker_api.o)
                0x08002d38                ticker_set_handler
 .text.ticker_irq_handler
                0x08002d4c       0x48 C:\Users\Ryan\Real Documents\Engineering Projects\Gearbox\Gearbox_FW/mbed/TARGET_NUCLEO_F401RE/TOOLCHAIN_GCC_ARM\libmbed.a(ticker_api.o)
                0x08002d4c                ticker_irq_handler
 .text.ticker_insert_event
                0x08002d94       0x48 C:\Users\Ryan\Real Documents\Engineering Projects\Gearbox\Gearbox_FW/mbed/TARGET_NUCLEO_F401RE/TOOLCHAIN_GCC_ARM\libmbed.a(ticker_api.o)
                0x08002d94                ticker_insert_event
 .text.ticker_remove_event
                0x08002ddc       0x48 C:\Users\Ryan\Real Documents\Engineering Projects\Gearbox\Gearbox_FW/mbed/TARGET_NUCLEO_F401RE/TOOLCHAIN_GCC_ARM\libmbed.a(ticker_api.o)
                0x08002ddc                ticker_remove_event
 .text.ticker_read
                0x08002e24        0xc C:\Users\Ryan\Real Documents\Engineering Projects\Gearbox\Gearbox_FW/mbed/TARGET_NUCLEO_F401RE/TOOLCHAIN_GCC_ARM\libmbed.a(ticker_api.o)
                0x08002e24                ticker_read
 .text.get_us_ticker_data
                0x08002e30        0x8 C:\Users\Ryan\Real Documents\Engineering Projects\Gearbox\Gearbox_FW/mbed/TARGET_NUCLEO_F401RE/TOOLCHAIN_GCC_ARM\libmbed.a(us_ticker_api.o)
                0x08002e30                get_us_ticker_data
 .text.us_ticker_irq_handler
                0x08002e38        0xc C:\Users\Ryan\Real Documents\Engineering Projects\Gearbox\Gearbox_FW/mbed/TARGET_NUCLEO_F401RE/TOOLCHAIN_GCC_ARM\libmbed.a(us_ticker_api.o)
                0x08002e38                us_ticker_irq_handler
 .text.wait_us  0x08002e44       0x18 C:\Users\Ryan\Real Documents\Engineering Projects\Gearbox\Gearbox_FW/mbed/TARGET_NUCLEO_F401RE/TOOLCHAIN_GCC_ARM\libmbed.a(wait_api.o)
                0x08002e44                wait_us
 .text.wait     0x08002e5c       0x1c C:\Users\Ryan\Real Documents\Engineering Projects\Gearbox\Gearbox_FW/mbed/TARGET_NUCLEO_F401RE/TOOLCHAIN_GCC_ARM\libmbed.a(wait_api.o)
                0x08002e5c                wait
 .text.wait_ms  0x08002e78        0xc C:\Users\Ryan\Real Documents\Engineering Projects\Gearbox\Gearbox_FW/mbed/TARGET_NUCLEO_F401RE/TOOLCHAIN_GCC_ARM\libmbed.a(wait_api.o)
                0x08002e78                wait_ms
 .text.gpio_set
                0x08002e84       0x30 C:\Users\Ryan\Real Documents\Engineering Projects\Gearbox\Gearbox_FW/mbed/TARGET_NUCLEO_F401RE/TOOLCHAIN_GCC_ARM\libmbed.a(gpio_api.o)
                0x08002e84                gpio_set
 .text.gpio_init
                0x08002eb4       0x2c C:\Users\Ryan\Real Documents\Engineering Projects\Gearbox\Gearbox_FW/mbed/TARGET_NUCLEO_F401RE/TOOLCHAIN_GCC_ARM\libmbed.a(gpio_api.o)
                0x08002eb4                gpio_init
 .text.gpio_mode
                0x08002ee0        0x8 C:\Users\Ryan\Real Documents\Engineering Projects\Gearbox\Gearbox_FW/mbed/TARGET_NUCLEO_F401RE/TOOLCHAIN_GCC_ARM\libmbed.a(gpio_api.o)
                0x08002ee0                gpio_mode
 .text.gpio_dir
                0x08002ee8       0x40 C:\Users\Ryan\Real Documents\Engineering Projects\Gearbox\Gearbox_FW/mbed/TARGET_NUCLEO_F401RE/TOOLCHAIN_GCC_ARM\libmbed.a(gpio_api.o)
                0x08002ee8                gpio_dir
 .text.handle_interrupt_in
                0x08002f28       0x74 C:\Users\Ryan\Real Documents\Engineering Projects\Gearbox\Gearbox_FW/mbed/TARGET_NUCLEO_F401RE/TOOLCHAIN_GCC_ARM\libmbed.a(gpio_irq_api.o)
 .text.gpio_irq0
                0x08002f9c        0x8 C:\Users\Ryan\Real Documents\Engineering Projects\Gearbox\Gearbox_FW/mbed/TARGET_NUCLEO_F401RE/TOOLCHAIN_GCC_ARM\libmbed.a(gpio_irq_api.o)
 .text.gpio_irq1
                0x08002fa4        0x8 C:\Users\Ryan\Real Documents\Engineering Projects\Gearbox\Gearbox_FW/mbed/TARGET_NUCLEO_F401RE/TOOLCHAIN_GCC_ARM\libmbed.a(gpio_irq_api.o)
 .text.gpio_irq2
                0x08002fac        0x8 C:\Users\Ryan\Real Documents\Engineering Projects\Gearbox\Gearbox_FW/mbed/TARGET_NUCLEO_F401RE/TOOLCHAIN_GCC_ARM\libmbed.a(gpio_irq_api.o)
 .text.gpio_irq3
                0x08002fb4        0x8 C:\Users\Ryan\Real Documents\Engineering Projects\Gearbox\Gearbox_FW/mbed/TARGET_NUCLEO_F401RE/TOOLCHAIN_GCC_ARM\libmbed.a(gpio_irq_api.o)
 .text.gpio_irq4
                0x08002fbc        0x8 C:\Users\Ryan\Real Documents\Engineering Projects\Gearbox\Gearbox_FW/mbed/TARGET_NUCLEO_F401RE/TOOLCHAIN_GCC_ARM\libmbed.a(gpio_irq_api.o)
 .text.gpio_irq5
                0x08002fc4        0x8 C:\Users\Ryan\Real Documents\Engineering Projects\Gearbox\Gearbox_FW/mbed/TARGET_NUCLEO_F401RE/TOOLCHAIN_GCC_ARM\libmbed.a(gpio_irq_api.o)
 .text.gpio_irq6
                0x08002fcc        0x8 C:\Users\Ryan\Real Documents\Engineering Projects\Gearbox\Gearbox_FW/mbed/TARGET_NUCLEO_F401RE/TOOLCHAIN_GCC_ARM\libmbed.a(gpio_irq_api.o)
 .text.gpio_irq_init
                0x08002fd4      0x154 C:\Users\Ryan\Real Documents\Engineering Projects\Gearbox\Gearbox_FW/mbed/TARGET_NUCLEO_F401RE/TOOLCHAIN_GCC_ARM\libmbed.a(gpio_irq_api.o)
                0x08002fd4                gpio_irq_init
 .text.gpio_irq_free
                0x08003128       0x48 C:\Users\Ryan\Real Documents\Engineering Projects\Gearbox\Gearbox_FW/mbed/TARGET_NUCLEO_F401RE/TOOLCHAIN_GCC_ARM\libmbed.a(gpio_irq_api.o)
                0x08003128                gpio_irq_free
 .text.gpio_irq_set
                0x08003170       0x80 C:\Users\Ryan\Real Documents\Engineering Projects\Gearbox\Gearbox_FW/mbed/TARGET_NUCLEO_F401RE/TOOLCHAIN_GCC_ARM\libmbed.a(gpio_irq_api.o)
                0x08003170                gpio_irq_set
 .text.Set_GPIO_Clock
                0x080031f0       0xec C:\Users\Ryan\Real Documents\Engineering Projects\Gearbox\Gearbox_FW/mbed/TARGET_NUCLEO_F401RE/TOOLCHAIN_GCC_ARM\libmbed.a(pinmap.o)
                0x080031f0                Set_GPIO_Clock
 .text.pin_function
                0x080032dc       0x60 C:\Users\Ryan\Real Documents\Engineering Projects\Gearbox\Gearbox_FW/mbed/TARGET_NUCLEO_F401RE/TOOLCHAIN_GCC_ARM\libmbed.a(pinmap.o)
                0x080032dc                pin_function
 .text.pin_mode
                0x0800333c       0x50 C:\Users\Ryan\Real Documents\Engineering Projects\Gearbox\Gearbox_FW/mbed/TARGET_NUCLEO_F401RE/TOOLCHAIN_GCC_ARM\libmbed.a(pinmap.o)
                0x0800333c                pin_mode
 .text.us_ticker_init
                0x0800338c       0x24 C:\Users\Ryan\Real Documents\Engineering Projects\Gearbox\Gearbox_FW/mbed/TARGET_NUCLEO_F401RE/TOOLCHAIN_GCC_ARM\libmbed.a(us_ticker.o)
                0x0800338c                us_ticker_init
 .text.us_ticker_read
                0x080033b0       0x1c C:\Users\Ryan\Real Documents\Engineering Projects\Gearbox\Gearbox_FW/mbed/TARGET_NUCLEO_F401RE/TOOLCHAIN_GCC_ARM\libmbed.a(us_ticker.o)
                0x080033b0                us_ticker_read
 .text.us_ticker_set_interrupt
                0x080033cc       0x14 C:\Users\Ryan\Real Documents\Engineering Projects\Gearbox\Gearbox_FW/mbed/TARGET_NUCLEO_F401RE/TOOLCHAIN_GCC_ARM\libmbed.a(us_ticker.o)
                0x080033cc                us_ticker_set_interrupt
 .text.us_ticker_disable_interrupt
                0x080033e0       0x14 C:\Users\Ryan\Real Documents\Engineering Projects\Gearbox\Gearbox_FW/mbed/TARGET_NUCLEO_F401RE/TOOLCHAIN_GCC_ARM\libmbed.a(us_ticker.o)
                0x080033e0                us_ticker_disable_interrupt
 .text.us_ticker_clear_interrupt
                0x080033f4       0x10 C:\Users\Ryan\Real Documents\Engineering Projects\Gearbox\Gearbox_FW/mbed/TARGET_NUCLEO_F401RE/TOOLCHAIN_GCC_ARM\libmbed.a(us_ticker.o)
                0x080033f4                us_ticker_clear_interrupt
 .text._ZdlPv   0x08003404        0x8 c:/program files (x86)/emide/emide v2.20/arm/bin/../lib/gcc/arm-none-eabi/4.7.4/../../../../arm-none-eabi/lib/armv7e-m/softfp\libstdc++_s.a(del_op.o)
                0x08003404                operator delete(void*)
 .text.__aeabi_atexit
                0x0800340c        0xa c:/program files (x86)/emide/emide v2.20/arm/bin/../lib/gcc/arm-none-eabi/4.7.4/../../../../arm-none-eabi/lib/armv7e-m/softfp\libstdc++_s.a(atexit_arm.o)
                0x0800340c                __aeabi_atexit
 *fill*         0x08003416        0x2 00
 .text          0x08003418      0x370 c:/program files (x86)/emide/emide v2.20/arm/bin/../lib/gcc/arm-none-eabi/4.7.4/armv7e-m/softfp\libgcc.a(_arm_addsubdf3.o)
                0x08003418                __aeabi_drsub
                0x08003420                __aeabi_dsub
                0x08003420                __subdf3
                0x08003424                __aeabi_dadd
                0x08003424                __adddf3
                0x0800369c                __floatunsidf
                0x0800369c                __aeabi_ui2d
                0x080036bc                __floatsidf
                0x080036bc                __aeabi_i2d
                0x080036e0                __aeabi_f2d
                0x080036e0                __extendsfdf2
                0x0800371c                __floatundidf
                0x0800371c                __aeabi_ul2d
                0x0800372c                __floatdidf
                0x0800372c                __aeabi_l2d
 .text          0x08003788      0x424 c:/program files (x86)/emide/emide v2.20/arm/bin/../lib/gcc/arm-none-eabi/4.7.4/armv7e-m/softfp\libgcc.a(_arm_muldivdf3.o)
                0x08003788                __aeabi_dmul
                0x08003788                __muldf3
                0x080039dc                __divdf3
                0x080039dc                __aeabi_ddiv
 .text          0x08003bac      0x110 c:/program files (x86)/emide/emide v2.20/arm/bin/../lib/gcc/arm-none-eabi/4.7.4/armv7e-m/softfp\libgcc.a(_arm_cmpdf2.o)
                0x08003bac                __gtdf2
                0x08003bac                __gedf2
                0x08003bb4                __ltdf2
                0x08003bb4                __ledf2
                0x08003bbc                __nedf2
                0x08003bbc                __eqdf2
                0x08003bbc                __cmpdf2
                0x08003c38                __aeabi_cdrcmple
                0x08003c48                __aeabi_cdcmpeq
                0x08003c48                __aeabi_cdcmple
                0x08003c58                __aeabi_dcmpeq
                0x08003c6c                __aeabi_dcmplt
                0x08003c80                __aeabi_dcmple
                0x08003c94                __aeabi_dcmpge
                0x08003ca8                __aeabi_dcmpgt
 .text.__register_exitproc
                0x08003cbc       0x14 c:/program files (x86)/emide/emide v2.20/arm/bin/../lib/gcc/arm-none-eabi/4.7.4/../../../../arm-none-eabi/lib/armv7e-m/softfp\libc_s.a(lib_a-__atexit2.o)
                0x08003cbc                __register_exitproc
 .text.__cxa_atexit
                0x08003cd0       0x16 c:/program files (x86)/emide/emide v2.20/arm/bin/../lib/gcc/arm-none-eabi/4.7.4/../../../../arm-none-eabi/lib/armv7e-m/softfp\libc_s.a(lib_a-cxa_atexit.o)
                0x08003cd0                __cxa_atexit
 *fill*         0x08003ce6        0x2 00
 .text.__errno  0x08003ce8        0xc c:/program files (x86)/emide/emide v2.20/arm/bin/../lib/gcc/arm-none-eabi/4.7.4/../../../../arm-none-eabi/lib/armv7e-m/softfp\libc_s.a(lib_a-errno.o)
                0x08003ce8                __errno
 .text.exit     0x08003cf4       0x2c c:/program files (x86)/emide/emide v2.20/arm/bin/../lib/gcc/arm-none-eabi/4.7.4/../../../../arm-none-eabi/lib/armv7e-m/softfp\libc_s.a(lib_a-exit.o)
                0x08003cf4                exit
 .text._fflush_r
                0x08003d20      0x14c c:/program files (x86)/emide/emide v2.20/arm/bin/../lib/gcc/arm-none-eabi/4.7.4/../../../../arm-none-eabi/lib/armv7e-m/softfp\libc_s.a(lib_a-fflush.o)
                0x08003d20                _fflush_r
 .text.fflush   0x08003e6c       0x24 c:/program files (x86)/emide/emide v2.20/arm/bin/../lib/gcc/arm-none-eabi/4.7.4/../../../../arm-none-eabi/lib/armv7e-m/softfp\libc_s.a(lib_a-fflush.o)
                0x08003e6c                fflush
 .text._cleanup_r
                0x08003e90       0x32 c:/program files (x86)/emide/emide v2.20/arm/bin/../lib/gcc/arm-none-eabi/4.7.4/../../../../arm-none-eabi/lib/armv7e-m/softfp\libc_s.a(lib_a-findfp.o)
                0x08003e90                _cleanup_r
 *fill*         0x08003ec2        0x2 00
 .text.std.isra.0
                0x08003ec4       0x48 c:/program files (x86)/emide/emide v2.20/arm/bin/../lib/gcc/arm-none-eabi/4.7.4/../../../../arm-none-eabi/lib/armv7e-m/softfp\libc_s.a(lib_a-findfp.o)
 .text.__sfmoreglue
                0x08003f0c       0x2a c:/program files (x86)/emide/emide v2.20/arm/bin/../lib/gcc/arm-none-eabi/4.7.4/../../../../arm-none-eabi/lib/armv7e-m/softfp\libc_s.a(lib_a-findfp.o)
                0x08003f0c                __sfmoreglue
 *fill*         0x08003f36        0x2 00
 .text.__sinit  0x08003f38       0x58 c:/program files (x86)/emide/emide v2.20/arm/bin/../lib/gcc/arm-none-eabi/4.7.4/../../../../arm-none-eabi/lib/armv7e-m/softfp\libc_s.a(lib_a-findfp.o)
                0x08003f38                __sinit
 .text.__sfp    0x08003f90       0x78 c:/program files (x86)/emide/emide v2.20/arm/bin/../lib/gcc/arm-none-eabi/4.7.4/../../../../arm-none-eabi/lib/armv7e-m/softfp\libc_s.a(lib_a-findfp.o)
                0x08003f90                __sfp
 .text.__sfp_lock_acquire
                0x08004008        0x2 c:/program files (x86)/emide/emide v2.20/arm/bin/../lib/gcc/arm-none-eabi/4.7.4/../../../../arm-none-eabi/lib/armv7e-m/softfp\libc_s.a(lib_a-findfp.o)
                0x08004008                __sfp_lock_acquire
 .text.__sfp_lock_release
                0x0800400a        0x2 c:/program files (x86)/emide/emide v2.20/arm/bin/../lib/gcc/arm-none-eabi/4.7.4/../../../../arm-none-eabi/lib/armv7e-m/softfp\libc_s.a(lib_a-findfp.o)
                0x0800400a                __sfp_lock_release
 .text.__libc_fini_array
                0x0800400c       0x2c c:/program files (x86)/emide/emide v2.20/arm/bin/../lib/gcc/arm-none-eabi/4.7.4/../../../../arm-none-eabi/lib/armv7e-m/softfp\libc_s.a(lib_a-fini.o)
                0x0800400c                __libc_fini_array
 .text._free_r  0x08004038       0x88 c:/program files (x86)/emide/emide v2.20/arm/bin/../lib/gcc/arm-none-eabi/4.7.4/../../../../arm-none-eabi/lib/armv7e-m/softfp\libc_s.a(lib_a-freer.o)
                0x08004038                _free_r
 .text._fwalk_reent
                0x080040c0       0x44 c:/program files (x86)/emide/emide v2.20/arm/bin/../lib/gcc/arm-none-eabi/4.7.4/../../../../arm-none-eabi/lib/armv7e-m/softfp\libc_s.a(lib_a-fwalk.o)
                0x080040c0                _fwalk_reent
 .text.__libc_init_array
                0x08004104       0x4c c:/program files (x86)/emide/emide v2.20/arm/bin/../lib/gcc/arm-none-eabi/4.7.4/../../../../arm-none-eabi/lib/armv7e-m/softfp\libc_s.a(lib_a-init.o)
                0x08004104                __libc_init_array
 .text.malloc   0x08004150       0x10 c:/program files (x86)/emide/emide v2.20/arm/bin/../lib/gcc/arm-none-eabi/4.7.4/../../../../arm-none-eabi/lib/armv7e-m/softfp\libc_s.a(lib_a-malloc.o)
                0x08004150                malloc
 .text.free     0x08004160       0x10 c:/program files (x86)/emide/emide v2.20/arm/bin/../lib/gcc/arm-none-eabi/4.7.4/../../../../arm-none-eabi/lib/armv7e-m/softfp\libc_s.a(lib_a-malloc.o)
                0x08004160                free
 .text._malloc_r
                0x08004170       0x94 c:/program files (x86)/emide/emide v2.20/arm/bin/../lib/gcc/arm-none-eabi/4.7.4/../../../../arm-none-eabi/lib/armv7e-m/softfp\libc_s.a(lib_a-mallocr.o)
                0x08004170                _malloc_r
 .text.memchr   0x08004204       0x1c c:/program files (x86)/emide/emide v2.20/arm/bin/../lib/gcc/arm-none-eabi/4.7.4/../../../../arm-none-eabi/lib/armv7e-m/softfp\libc_s.a(lib_a-memchr.o)
                0x08004204                memchr
 .text.memcpy   0x08004220       0x12 c:/program files (x86)/emide/emide v2.20/arm/bin/../lib/gcc/arm-none-eabi/4.7.4/../../../../arm-none-eabi/lib/armv7e-m/softfp\libc_s.a(lib_a-memcpy.o)
                0x08004220                memcpy
 .text.memset   0x08004232       0x10 c:/program files (x86)/emide/emide v2.20/arm/bin/../lib/gcc/arm-none-eabi/4.7.4/../../../../arm-none-eabi/lib/armv7e-m/softfp\libc_s.a(lib_a-memset.o)
                0x08004232                memset
 *fill*         0x08004242        0x2 00
 .text.puts     0x08004244       0x3c c:/program files (x86)/emide/emide v2.20/arm/bin/../lib/gcc/arm-none-eabi/4.7.4/../../../../arm-none-eabi/lib/armv7e-m/softfp\libc_s.a(lib_a-puts.o)
                0x08004244                puts
 .text._sbrk_r  0x08004280       0x20 c:/program files (x86)/emide/emide v2.20/arm/bin/../lib/gcc/arm-none-eabi/4.7.4/../../../../arm-none-eabi/lib/armv7e-m/softfp\libc_s.a(lib_a-sbrkr.o)
                0x08004280                _sbrk_r
 .text.__sread  0x080042a0       0x22 c:/program files (x86)/emide/emide v2.20/arm/bin/../lib/gcc/arm-none-eabi/4.7.4/../../../../arm-none-eabi/lib/armv7e-m/softfp\libc_s.a(lib_a-stdio.o)
                0x080042a0                __sread
 .text.__swrite
                0x080042c2       0x3c c:/program files (x86)/emide/emide v2.20/arm/bin/../lib/gcc/arm-none-eabi/4.7.4/../../../../arm-none-eabi/lib/armv7e-m/softfp\libc_s.a(lib_a-stdio.o)
                0x080042c2                __swrite
 .text.__sseek  0x080042fe       0x24 c:/program files (x86)/emide/emide v2.20/arm/bin/../lib/gcc/arm-none-eabi/4.7.4/../../../../arm-none-eabi/lib/armv7e-m/softfp\libc_s.a(lib_a-stdio.o)
                0x080042fe                __sseek
 .text.__sclose
                0x08004322        0x8 c:/program files (x86)/emide/emide v2.20/arm/bin/../lib/gcc/arm-none-eabi/4.7.4/../../../../arm-none-eabi/lib/armv7e-m/softfp\libc_s.a(lib_a-stdio.o)
                0x08004322                __sclose
 .text.strlen   0x0800432a       0x10 c:/program files (x86)/emide/emide v2.20/arm/bin/../lib/gcc/arm-none-eabi/4.7.4/../../../../arm-none-eabi/lib/armv7e-m/softfp\libc_s.a(lib_a-strlen.o)
                0x0800432a                strlen
 .text.__sfputc_r
                0x0800433a       0x2c c:/program files (x86)/emide/emide v2.20/arm/bin/../lib/gcc/arm-none-eabi/4.7.4/../../../../arm-none-eabi/lib/armv7e-m/softfp\libc_s.a(lib_a-vfprintf.o)
                0x0800433a                __sfputc_r
 *fill*         0x08004366        0x2 00
 .text._vfprintf_r
                0x08004368      0x22c c:/program files (x86)/emide/emide v2.20/arm/bin/../lib/gcc/arm-none-eabi/4.7.4/../../../../arm-none-eabi/lib/armv7e-m/softfp\libc_s.a(lib_a-vfprintf.o)
                0x08004368                _vfprintf_r
                0x08004368                _vfiprintf_r
 .text.vfprintf
                0x08004594       0x1c c:/program files (x86)/emide/emide v2.20/arm/bin/../lib/gcc/arm-none-eabi/4.7.4/../../../../arm-none-eabi/lib/armv7e-m/softfp\libc_s.a(lib_a-vfprintf.o)
                0x08004594                vfprintf
                0x08004594                vfiprintf
 .text._printf_common
                0x080045b0       0xde c:/program files (x86)/emide/emide v2.20/arm/bin/../lib/gcc/arm-none-eabi/4.7.4/../../../../arm-none-eabi/lib/armv7e-m/softfp\libc_s.a(lib_a-vfprintf_i.o)
                0x080045b0                _printf_common
 *fill*         0x0800468e        0x2 00
 .text._printf_i
                0x08004690      0x248 c:/program files (x86)/emide/emide v2.20/arm/bin/../lib/gcc/arm-none-eabi/4.7.4/../../../../arm-none-eabi/lib/armv7e-m/softfp\libc_s.a(lib_a-vfprintf_i.o)
                0x08004690                _printf_i
 .text.__swbuf_r
                0x080048d8       0xb4 c:/program files (x86)/emide/emide v2.20/arm/bin/../lib/gcc/arm-none-eabi/4.7.4/../../../../arm-none-eabi/lib/armv7e-m/softfp\libc_s.a(lib_a-wbuf.o)
                0x080048d8                __swbuf_r
 .text._write_r
                0x0800498c       0x24 c:/program files (x86)/emide/emide v2.20/arm/bin/../lib/gcc/arm-none-eabi/4.7.4/../../../../arm-none-eabi/lib/armv7e-m/softfp\libc_s.a(lib_a-writer.o)
                0x0800498c                _write_r
 .text.__swsetup_r
                0x080049b0       0xec c:/program files (x86)/emide/emide v2.20/arm/bin/../lib/gcc/arm-none-eabi/4.7.4/../../../../arm-none-eabi/lib/armv7e-m/softfp\libc_s.a(lib_a-wsetup.o)
                0x080049b0                __swsetup_r
 .text.__do_register_exitproc
                0x08004a9c       0x7c c:/program files (x86)/emide/emide v2.20/arm/bin/../lib/gcc/arm-none-eabi/4.7.4/../../../../arm-none-eabi/lib/armv7e-m/softfp\libc_s.a(lib_a-__atexit.o)
                0x08004a9c                __do_register_exitproc
 .text.__call_exitprocs
                0x08004b18       0xa0 c:/program files (x86)/emide/emide v2.20/arm/bin/../lib/gcc/arm-none-eabi/4.7.4/../../../../arm-none-eabi/lib/armv7e-m/softfp\libc_s.a(lib_a-__call_atexit.o)
                0x08004b18                __call_exitprocs
 .text._close_r
                0x08004bb8       0x20 c:/program files (x86)/emide/emide v2.20/arm/bin/../lib/gcc/arm-none-eabi/4.7.4/../../../../arm-none-eabi/lib/armv7e-m/softfp\libc_s.a(lib_a-closer.o)
                0x08004bb8                _close_r
 .text._lseek_r
                0x08004bd8       0x24 c:/program files (x86)/emide/emide v2.20/arm/bin/../lib/gcc/arm-none-eabi/4.7.4/../../../../arm-none-eabi/lib/armv7e-m/softfp\libc_s.a(lib_a-lseekr.o)
                0x08004bd8                _lseek_r
 .text.__smakebuf_r
                0x08004bfc       0xa8 c:/program files (x86)/emide/emide v2.20/arm/bin/../lib/gcc/arm-none-eabi/4.7.4/../../../../arm-none-eabi/lib/armv7e-m/softfp\libc_s.a(lib_a-makebuf.o)
                0x08004bfc                __smakebuf_r
 .text._putc_r  0x08004ca4       0x7c c:/program files (x86)/emide/emide v2.20/arm/bin/../lib/gcc/arm-none-eabi/4.7.4/../../../../arm-none-eabi/lib/armv7e-m/softfp\libc_s.a(lib_a-putc.o)
                0x08004ca4                _putc_r
 .text._read_r  0x08004d20       0x24 c:/program files (x86)/emide/emide v2.20/arm/bin/../lib/gcc/arm-none-eabi/4.7.4/../../../../arm-none-eabi/lib/armv7e-m/softfp\libc_s.a(lib_a-readr.o)
                0x08004d20                _read_r
 .text._fstat_r
                0x08004d44       0x24 c:/program files (x86)/emide/emide v2.20/arm/bin/../lib/gcc/arm-none-eabi/4.7.4/../../../../arm-none-eabi/lib/armv7e-m/softfp\libc_s.a(lib_a-fstatr.o)
                0x08004d44                _fstat_r
 .text._isatty_r
                0x08004d68       0x20 c:/program files (x86)/emide/emide v2.20/arm/bin/../lib/gcc/arm-none-eabi/4.7.4/../../../../arm-none-eabi/lib/armv7e-m/softfp\libc_s.a(lib_a-isattyr.o)
                0x08004d68                _isatty_r
 *(.init)
 .init          0x08004d88        0x4 c:/program files (x86)/emide/emide v2.20/arm/bin/../lib/gcc/arm-none-eabi/4.7.4/armv7e-m/softfp/crti.o
                0x08004d88                _init
 .init          0x08004d8c        0x8 c:/program files (x86)/emide/emide v2.20/arm/bin/../lib/gcc/arm-none-eabi/4.7.4/armv7e-m/softfp/crtn.o
 *(.fini)
 .fini          0x08004d94        0x4 c:/program files (x86)/emide/emide v2.20/arm/bin/../lib/gcc/arm-none-eabi/4.7.4/armv7e-m/softfp/crti.o
                0x08004d94                _fini
 .fini          0x08004d98        0x8 c:/program files (x86)/emide/emide v2.20/arm/bin/../lib/gcc/arm-none-eabi/4.7.4/armv7e-m/softfp/crtn.o
 *crtbegin.o(.ctors)
 *crtbegin?.o(.ctors)
 *(EXCLUDE_FILE(*crtend.o *crtend?.o) .ctors)
 *(SORT(.ctors.*))
 *(.ctors)
 *crtbegin.o(.dtors)
 *crtbegin?.o(.dtors)
 *(EXCLUDE_FILE(*crtend.o *crtend?.o) .dtors)
 *(SORT(.dtors.*))
 *(.dtors)
 *(.rodata*)
 .rodata.str1.4
                0x08004da0       0x86 C:\Users\Ryan\Real Documents\Engineering Projects\Gearbox\Gearbox_FW/mbed/TARGET_NUCLEO_F401RE/TOOLCHAIN_GCC_ARM/board.o
                                 0x88 (size before relaxing)
 *fill*         0x08004e26        0x2 00
 .rodata.APBAHBPrescTable
                0x08004e28       0x10 C:\Users\Ryan\Real Documents\Engineering Projects\Gearbox\Gearbox_FW/mbed/TARGET_NUCLEO_F401RE/TOOLCHAIN_GCC_ARM/stm32f4xx_hal_rcc.o
                0x08004e28                APBAHBPrescTable
 .rodata.AHBPrescTable
                0x08004e38       0x10 C:\Users\Ryan\Real Documents\Engineering Projects\Gearbox\Gearbox_FW/mbed/TARGET_NUCLEO_F401RE/TOOLCHAIN_GCC_ARM/system_stm32f4xx.o
                0x08004e38                AHBPrescTable
 .rodata.str1.1
                0x08004e48       0x9f ..\obj\Current_Sense..o
 .rodata.str1.1
                0x00000000       0x9f ..\obj\Motor.o
 .rodata.str1.1
                0x08004ee7        0xf ..\obj\main.o
                                 0xae (size before relaxing)
 .rodata.str1.1
                0x00000000       0x9f ..\obj\power.o
 *fill*         0x08004ef6        0x2 00
 .rodata.str1.4
                0x08004ef8       0x9d C:\Users\Ryan\Real Documents\Engineering Projects\Gearbox\Gearbox_FW/mbed/TARGET_NUCLEO_F401RE/TOOLCHAIN_GCC_ARM\libmbed.a(analogin_api.o)
                                 0xa0 (size before relaxing)
 *fill*         0x08004f95        0x3 00
 .rodata.str1.4
                0x08004f98       0x98 C:\Users\Ryan\Real Documents\Engineering Projects\Gearbox\Gearbox_FW/mbed/TARGET_NUCLEO_F401RE/TOOLCHAIN_GCC_ARM\libmbed.a(pwmout_api.o)
                                 0xb4 (size before relaxing)
 .rodata.str1.4
                0x08005030       0x9c C:\Users\Ryan\Real Documents\Engineering Projects\Gearbox\Gearbox_FW/mbed/TARGET_NUCLEO_F401RE/TOOLCHAIN_GCC_ARM\libmbed.a(serial_api.o)
 *fill*         0x080050cc        0x4 00
 .rodata._ZTVN4mbed11InterruptInE
                0x080050d0       0x10 C:\Users\Ryan\Real Documents\Engineering Projects\Gearbox\Gearbox_FW/mbed/TARGET_NUCLEO_F401RE/TOOLCHAIN_GCC_ARM\libmbed.a(InterruptIn.o)
                0x080050d0                vtable for mbed::InterruptIn
 .rodata._ZTVN4mbed6TickerE
                0x080050e0       0x18 C:\Users\Ryan\Real Documents\Engineering Projects\Gearbox\Gearbox_FW/mbed/TARGET_NUCLEO_F401RE/TOOLCHAIN_GCC_ARM\libmbed.a(Ticker.o)
                0x080050e0                vtable for mbed::Ticker
 .rodata._ZTVN4mbed7TimeoutE
                0x080050f8       0x18 C:\Users\Ryan\Real Documents\Engineering Projects\Gearbox\Gearbox_FW/mbed/TARGET_NUCLEO_F401RE/TOOLCHAIN_GCC_ARM\libmbed.a(Timeout.o)
                0x080050f8                vtable for mbed::Timeout
 .rodata._ZTVN4mbed10TimerEventE
                0x08005110       0x18 C:\Users\Ryan\Real Documents\Engineering Projects\Gearbox\Gearbox_FW/mbed/TARGET_NUCLEO_F401RE/TOOLCHAIN_GCC_ARM\libmbed.a(TimerEvent.o)
                0x08005110                vtable for mbed::TimerEvent
 .rodata.str1.4
                0x08005128       0x31 C:\Users\Ryan\Real Documents\Engineering Projects\Gearbox\Gearbox_FW/mbed/TARGET_NUCLEO_F401RE/TOOLCHAIN_GCC_ARM\libmbed.a(assert.o)
                                 0x34 (size before relaxing)
 .rodata.str1.4
                0x00000000       0x88 C:\Users\Ryan\Real Documents\Engineering Projects\Gearbox\Gearbox_FW/mbed/TARGET_NUCLEO_F401RE/TOOLCHAIN_GCC_ARM\libmbed.a(gpio.o)
 *fill*         0x08005159        0x3 00
 .rodata.str1.4
                0x0800515c       0x66 C:\Users\Ryan\Real Documents\Engineering Projects\Gearbox\Gearbox_FW/mbed/TARGET_NUCLEO_F401RE/TOOLCHAIN_GCC_ARM\libmbed.a(pinmap_common.o)
                                 0x68 (size before relaxing)
 *fill*         0x080051c2        0x2 00
 .rodata.us_interface
                0x080051c4       0x14 C:\Users\Ryan\Real Documents\Engineering Projects\Gearbox\Gearbox_FW/mbed/TARGET_NUCLEO_F401RE/TOOLCHAIN_GCC_ARM\libmbed.a(us_ticker_api.o)
 .rodata.us_data
                0x080051d8        0x8 C:\Users\Ryan\Real Documents\Engineering Projects\Gearbox\Gearbox_FW/mbed/TARGET_NUCLEO_F401RE/TOOLCHAIN_GCC_ARM\libmbed.a(us_ticker_api.o)
 .rodata.PinMap_UART_RX
                0x080051e0       0x48 C:\Users\Ryan\Real Documents\Engineering Projects\Gearbox\Gearbox_FW/mbed/TARGET_NUCLEO_F401RE/TOOLCHAIN_GCC_ARM\libmbed.a(PeripheralPins.o)
                0x080051e0                PinMap_UART_RX
 .rodata.PinMap_PWM
                0x08005228      0x168 C:\Users\Ryan\Real Documents\Engineering Projects\Gearbox\Gearbox_FW/mbed/TARGET_NUCLEO_F401RE/TOOLCHAIN_GCC_ARM\libmbed.a(PeripheralPins.o)
                0x08005228                PinMap_PWM
 .rodata.PinMap_UART_TX
                0x08005390       0x48 C:\Users\Ryan\Real Documents\Engineering Projects\Gearbox\Gearbox_FW/mbed/TARGET_NUCLEO_F401RE/TOOLCHAIN_GCC_ARM\libmbed.a(PeripheralPins.o)
                0x08005390                PinMap_UART_TX
 .rodata.PinMap_ADC
                0x080053d8       0xcc C:\Users\Ryan\Real Documents\Engineering Projects\Gearbox\Gearbox_FW/mbed/TARGET_NUCLEO_F401RE/TOOLCHAIN_GCC_ARM\libmbed.a(PeripheralPins.o)
                0x080053d8                PinMap_ADC
 .rodata.str1.4
                0x080054a4       0x7a C:\Users\Ryan\Real Documents\Engineering Projects\Gearbox\Gearbox_FW/mbed/TARGET_NUCLEO_F401RE/TOOLCHAIN_GCC_ARM\libmbed.a(gpio_api.o)
                                 0x94 (size before relaxing)
 *fill*         0x0800551e        0x2 00
 .rodata.pin_base_nr
                0x08005520       0x40 C:\Users\Ryan\Real Documents\Engineering Projects\Gearbox\Gearbox_FW/mbed/TARGET_NUCLEO_F401RE/TOOLCHAIN_GCC_ARM\libmbed.a(gpio_irq_api.o)
 .rodata.gpio_mode
                0x08005560       0x34 C:\Users\Ryan\Real Documents\Engineering Projects\Gearbox\Gearbox_FW/mbed/TARGET_NUCLEO_F401RE/TOOLCHAIN_GCC_ARM\libmbed.a(pinmap.o)
 .rodata.str1.4
                0x08005594       0x88 C:\Users\Ryan\Real Documents\Engineering Projects\Gearbox\Gearbox_FW/mbed/TARGET_NUCLEO_F401RE/TOOLCHAIN_GCC_ARM\libmbed.a(pinmap.o)
                                 0x9c (size before relaxing)
 .rodata.__sf_fake_stdin
                0x0800561c       0x20 c:/program files (x86)/emide/emide v2.20/arm/bin/../lib/gcc/arm-none-eabi/4.7.4/../../../../arm-none-eabi/lib/armv7e-m/softfp\libc_s.a(lib_a-findfp.o)
                0x0800561c                __sf_fake_stdin
 .rodata.__sf_fake_stdout
                0x0800563c       0x20 c:/program files (x86)/emide/emide v2.20/arm/bin/../lib/gcc/arm-none-eabi/4.7.4/../../../../arm-none-eabi/lib/armv7e-m/softfp\libc_s.a(lib_a-findfp.o)
                0x0800563c                __sf_fake_stdout
 .rodata.__sf_fake_stderr
                0x0800565c       0x20 c:/program files (x86)/emide/emide v2.20/arm/bin/../lib/gcc/arm-none-eabi/4.7.4/../../../../arm-none-eabi/lib/armv7e-m/softfp\libc_s.a(lib_a-findfp.o)
                0x0800565c                __sf_fake_stderr
 .rodata.str1.1
                0x00000000        0xf c:/program files (x86)/emide/emide v2.20/arm/bin/../lib/gcc/arm-none-eabi/4.7.4/../../../../arm-none-eabi/lib/armv7e-m/softfp\libc_s.a(lib_a-impure.o)
                                  0x2 (size before relaxing)
 .rodata._global_impure_ptr
                0x0800567c        0x4 c:/program files (x86)/emide/emide v2.20/arm/bin/../lib/gcc/arm-none-eabi/4.7.4/../../../../arm-none-eabi/lib/armv7e-m/softfp\libc_s.a(lib_a-impure.o)
                0x0800567c                _global_impure_ptr
 .rodata.str1.1
                0x08005680       0x11 c:/program files (x86)/emide/emide v2.20/arm/bin/../lib/gcc/arm-none-eabi/4.7.4/../../../../arm-none-eabi/lib/armv7e-m/softfp\libc_s.a(lib_a-vfprintf.o)
 .rodata.str1.1
                0x08005691       0x22 c:/program files (x86)/emide/emide v2.20/arm/bin/../lib/gcc/arm-none-eabi/4.7.4/../../../../arm-none-eabi/lib/armv7e-m/softfp\libc_s.a(lib_a-vfprintf_i.o)
 *(.eh_frame*)
 *fill*         0x080056b3        0x1 00
 .eh_frame      0x080056b4        0x0 c:/program files (x86)/emide/emide v2.20/arm/bin/../lib/gcc/arm-none-eabi/4.7.4/armv7e-m/softfp/crtbegin.o
 .eh_frame      0x080056b4        0x4 c:/program files (x86)/emide/emide v2.20/arm/bin/../lib/gcc/arm-none-eabi/4.7.4/armv7e-m/softfp/crtend.o

.glue_7         0x080056b8        0x0
 .glue_7        0x00000000        0x0 linker stubs

.glue_7t        0x080056b8        0x0
 .glue_7t       0x00000000        0x0 linker stubs

.vfp11_veneer   0x080056b8        0x0
 .vfp11_veneer  0x00000000        0x0 linker stubs

.v4_bx          0x080056b8        0x0
 .v4_bx         0x00000000        0x0 linker stubs

.iplt           0x080056b8        0x0
 .iplt          0x00000000        0x0 c:/program files (x86)/emide/emide v2.20/arm/bin/../lib/gcc/arm-none-eabi/4.7.4/armv7e-m/softfp/crtbegin.o

.ARM.extab
 *(.ARM.extab* .gnu.linkonce.armextab.*)
                0x080056b8                __exidx_start = .

.ARM.exidx      0x080056b8        0x8
 *(.ARM.exidx* .gnu.linkonce.armexidx.*)
 .ARM.exidx     0x080056b8        0x8 c:/program files (x86)/emide/emide v2.20/arm/bin/../lib/gcc/arm-none-eabi/4.7.4/../../../../arm-none-eabi/lib/armv7e-m/softfp/crt0.o
                0x080056c0                __exidx_end = .
                0x080056c0                __etext = .
                0x080056c0                _sidata = .

.rel.dyn        0x080056c0        0x0
 .rel.iplt      0x00000000        0x0 c:/program files (x86)/emide/emide v2.20/arm/bin/../lib/gcc/arm-none-eabi/4.7.4/armv7e-m/softfp/crtbegin.o

.data           0x20000194       0x88 load address 0x080056c0
                0x20000194                __data_start__ = .
                0x20000194                _sdata = .
 *(vtable)
 *(.data*)
 .data          0x20000194        0x4 c:/program files (x86)/emide/emide v2.20/arm/bin/../lib/gcc/arm-none-eabi/4.7.4/armv7e-m/softfp/crtbegin.o
                0x20000194                __dso_handle
 .data._ZZ5_sbrkE4heap
                0x20000198        0x4 C:\Users\Ryan\Real Documents\Engineering Projects\Gearbox\Gearbox_FW/mbed/TARGET_NUCLEO_F401RE/TOOLCHAIN_GCC_ARM/retarget.o
 .data.SystemCoreClock
                0x2000019c        0x4 C:\Users\Ryan\Real Documents\Engineering Projects\Gearbox\Gearbox_FW/mbed/TARGET_NUCLEO_F401RE/TOOLCHAIN_GCC_ARM/system_stm32f4xx.o
                0x2000019c                SystemCoreClock
 .data.impure_data
                0x200001a0       0x64 c:/program files (x86)/emide/emide v2.20/arm/bin/../lib/gcc/arm-none-eabi/4.7.4/../../../../arm-none-eabi/lib/armv7e-m/softfp\libc_s.a(lib_a-impure.o)
 .data._impure_ptr
                0x20000204        0x4 c:/program files (x86)/emide/emide v2.20/arm/bin/../lib/gcc/arm-none-eabi/4.7.4/../../../../arm-none-eabi/lib/armv7e-m/softfp\libc_s.a(lib_a-impure.o)
                0x20000204                _impure_ptr
                0x20000208                . = ALIGN (0x4)
                0x20000208                PROVIDE (__preinit_array_start, .)
 *(.preinit_array)
                0x20000208                PROVIDE (__preinit_array_end, .)
                0x20000208                . = ALIGN (0x4)
                0x20000208                PROVIDE (__init_array_start, .)
 *(SORT(.init_array.*))
 *(.init_array)
 .init_array    0x20000208        0x4 c:/program files (x86)/emide/emide v2.20/arm/bin/../lib/gcc/arm-none-eabi/4.7.4/armv7e-m/softfp/crtbegin.o
 .init_array    0x2000020c        0x4 ..\obj\Declarations.o
 .init_array    0x20000210        0x4 ..\obj\main.o
                0x20000214                PROVIDE (__init_array_end, .)
                0x20000214                . = ALIGN (0x4)
                0x20000214                PROVIDE (__fini_array_start, .)
 *(SORT(.fini_array.*))
 *(.fini_array)
 .fini_array    0x20000214        0x4 c:/program files (x86)/emide/emide v2.20/arm/bin/../lib/gcc/arm-none-eabi/4.7.4/armv7e-m/softfp/crtbegin.o
                0x20000218                PROVIDE (__fini_array_end, .)
 *(.jcr*)
 .jcr           0x20000218        0x0 c:/program files (x86)/emide/emide v2.20/arm/bin/../lib/gcc/arm-none-eabi/4.7.4/armv7e-m/softfp/crtbegin.o
 .jcr           0x20000218        0x4 c:/program files (x86)/emide/emide v2.20/arm/bin/../lib/gcc/arm-none-eabi/4.7.4/armv7e-m/softfp/crtend.o
                0x2000021c                . = ALIGN (0x4)
                0x2000021c                __data_end__ = .
                0x2000021c                _edata = .

.igot.plt       0x2000021c        0x0 load address 0x08005748
 .igot.plt      0x00000000        0x0 c:/program files (x86)/emide/emide v2.20/arm/bin/../lib/gcc/arm-none-eabi/4.7.4/armv7e-m/softfp/crtbegin.o

.bss            0x2000021c      0x680 load address 0x08005748
                0x2000021c                . = ALIGN (0x4)
                0x2000021c                __bss_start__ = .
                0x2000021c                _sbss = .
 *(.bss*)
 .bss           0x2000021c       0x1c c:/program files (x86)/emide/emide v2.20/arm/bin/../lib/gcc/arm-none-eabi/4.7.4/armv7e-m/softfp/crtbegin.o
 .bss.PreviousVal
                0x20000238        0x4 C:\Users\Ryan\Real Documents\Engineering Projects\Gearbox\Gearbox_FW/mbed/TARGET_NUCLEO_F401RE/TOOLCHAIN_GCC_ARM/hal_tick.o
                0x20000238                PreviousVal
 .bss._ZL11filehandles
                0x2000023c      0x100 C:\Users\Ryan\Real Documents\Engineering Projects\Gearbox\Gearbox_FW/mbed/TARGET_NUCLEO_F401RE/TOOLCHAIN_GCC_ARM/retarget.o
 .bss.uwTick    0x2000033c        0x4 C:\Users\Ryan\Real Documents\Engineering Projects\Gearbox\Gearbox_FW/mbed/TARGET_NUCLEO_F401RE/TOOLCHAIN_GCC_ARM/stm32f4xx_hal.o
 .bss.myled     0x20000340       0x10 ..\obj\Declarations.o
                0x20000340                myled
 .bss.Button_P  0x20000350       0x54 ..\obj\Declarations.o
                0x20000350                Button_P
 .bss.Orange    0x200003a4       0x10 ..\obj\Declarations.o
                0x200003a4                Orange
 .bss.Button_D  0x200003b4       0x54 ..\obj\Declarations.o
                0x200003b4                Button_D
 .bss.Motor     0x20000408       0x48 ..\obj\main.o
                0x20000408                Motor
 .bss.go_to_sleep
                0x20000450        0x4 ..\obj\main.o
                0x20000450                go_to_sleep
 .bss.R         0x20000454        0x1 ..\obj\main.o
                0x20000454                R
 *fill*         0x20000455        0x3 00
 .bss.power     0x20000458       0x10 ..\obj\main.o
                0x20000458                power
 .bss.CSENSE    0x20000468       0x3c ..\obj\main.o
                0x20000468                CSENSE
 .bss.go_sleep  0x200004a4       0x30 ..\obj\main.o
                0x200004a4                go_sleep
 .bss.F         0x200004d4        0x1 ..\obj\main.o
                0x200004d4                F
 *fill*         0x200004d5        0x3 00
 .bss.adc_inited
                0x200004d8        0x4 C:\Users\Ryan\Real Documents\Engineering Projects\Gearbox\Gearbox_FW/mbed/TARGET_NUCLEO_F401RE/TOOLCHAIN_GCC_ARM\libmbed.a(analogin_api.o)
                0x200004d8                adc_inited
 .bss.TimHandle
                0x200004dc       0x3c C:\Users\Ryan\Real Documents\Engineering Projects\Gearbox\Gearbox_FW/mbed/TARGET_NUCLEO_F401RE/TOOLCHAIN_GCC_ARM\libmbed.a(pwmout_api.o)
 .bss.stdio_uart_inited
                0x20000518        0x4 C:\Users\Ryan\Real Documents\Engineering Projects\Gearbox\Gearbox_FW/mbed/TARGET_NUCLEO_F401RE/TOOLCHAIN_GCC_ARM\libmbed.a(serial_api.o)
                0x20000518                stdio_uart_inited
 .bss.TimMasterHandle
                0x2000051c       0x3c C:\Users\Ryan\Real Documents\Engineering Projects\Gearbox\Gearbox_FW/mbed/TARGET_NUCLEO_F401RE/TOOLCHAIN_GCC_ARM\libmbed.a(sleep.o)
 .bss.events    0x20000558        0x8 C:\Users\Ryan\Real Documents\Engineering Projects\Gearbox\Gearbox_FW/mbed/TARGET_NUCLEO_F401RE/TOOLCHAIN_GCC_ARM\libmbed.a(us_ticker_api.o)
 .bss.channels  0x20000560      0x214 C:\Users\Ryan\Real Documents\Engineering Projects\Gearbox\Gearbox_FW/mbed/TARGET_NUCLEO_F401RE/TOOLCHAIN_GCC_ARM\libmbed.a(gpio_irq_api.o)
 .bss.irq_handler
                0x20000774        0x4 C:\Users\Ryan\Real Documents\Engineering Projects\Gearbox\Gearbox_FW/mbed/TARGET_NUCLEO_F401RE/TOOLCHAIN_GCC_ARM\libmbed.a(gpio_irq_api.o)
 .bss.TimMasterHandle
                0x20000778       0x3c C:\Users\Ryan\Real Documents\Engineering Projects\Gearbox\Gearbox_FW/mbed/TARGET_NUCLEO_F401RE/TOOLCHAIN_GCC_ARM\libmbed.a(us_ticker.o)
 .bss.us_ticker_inited
                0x200007b4        0x4 C:\Users\Ryan\Real Documents\Engineering Projects\Gearbox\Gearbox_FW/mbed/TARGET_NUCLEO_F401RE/TOOLCHAIN_GCC_ARM\libmbed.a(us_ticker.o)
 .bss.__malloc_free_list
                0x200007b8        0x4 c:/program files (x86)/emide/emide v2.20/arm/bin/../lib/gcc/arm-none-eabi/4.7.4/../../../../arm-none-eabi/lib/armv7e-m/softfp\libc_s.a(lib_a-mallocr.o)
                0x200007b8                __malloc_free_list
 *(COMMON)
 COMMON         0x200007bc       0x3c C:\Users\Ryan\Real Documents\Engineering Projects\Gearbox\Gearbox_FW/mbed/TARGET_NUCLEO_F401RE/TOOLCHAIN_GCC_ARM/hal_tick.o
                0x200007bc                TimMasterHandle
 COMMON         0x200007f8       0x44 C:\Users\Ryan\Real Documents\Engineering Projects\Gearbox\Gearbox_FW/mbed/TARGET_NUCLEO_F401RE/TOOLCHAIN_GCC_ARM\libmbed.a(analogin_api.o)
                0x200007f8                AdcHandle
 COMMON         0x2000083c       0x5c C:\Users\Ryan\Real Documents\Engineering Projects\Gearbox\Gearbox_FW/mbed/TARGET_NUCLEO_F401RE/TOOLCHAIN_GCC_ARM\libmbed.a(serial_api.o)
                0x2000083c                UartHandle
                0x2000087c                stdio_uart
 COMMON         0x20000898        0x4 c:/program files (x86)/emide/emide v2.20/arm/bin/../lib/gcc/arm-none-eabi/4.7.4/../../../../arm-none-eabi/lib/armv7e-m/softfp\libc_s.a(lib_a-reent.o)
                0x20000898                errno
                0x2000089c                . = ALIGN (0x4)
                0x2000089c                __bss_end__ = .
                0x2000089c                _ebss = .

.heap           0x2000089c        0x0
                0x2000089c                __end__ = .
                0x2000089c                end = __end__
 *(.heap*)
                0x2000089c                __HeapLimit = .

.stack_dummy    0x2000089c        0x0
 *(.stack*)
                0x20018000                __StackTop = (ORIGIN (RAM) + 0x17e6c)
                0x20018000                _estack = __StackTop
                0x20018000                __StackLimit = (__StackTop - SIZEOF (.stack_dummy))
                0x20018000                PROVIDE (__stack, __StackTop)
                0x00000001                ASSERT ((__StackLimit >= __HeapLimit), region RAM overflowed with stack)
LOAD ..\obj\Current_Sense..o
LOAD ..\obj\Declarations.o
LOAD ..\obj\MMA8652.o
LOAD ..\obj\Motor.o
LOAD ..\obj\PID_Control.o
LOAD ..\obj\main.o
LOAD ..\obj\power.o
LOAD C:\Users\Ryan\Real Documents\Engineering Projects\Gearbox\Gearbox_FW/mbed/TARGET_NUCLEO_F401RE/TOOLCHAIN_GCC_ARM\libmbed.a
LOAD c:/program files (x86)/emide/emide v2.20/arm/bin/../lib/gcc/arm-none-eabi/4.7.4/../../../../arm-none-eabi/lib/armv7e-m/softfp\libstdc++_s.a
LOAD c:/program files (x86)/emide/emide v2.20/arm/bin/../lib/gcc/arm-none-eabi/4.7.4/../../../../arm-none-eabi/lib/armv7e-m/softfp\libsupc++_s.a
LOAD c:/program files (x86)/emide/emide v2.20/arm/bin/../lib/gcc/arm-none-eabi/4.7.4/../../../../arm-none-eabi/lib/armv7e-m/softfp\libm.a
LOAD c:/program files (x86)/emide/emide v2.20/arm/bin/../lib/gcc/arm-none-eabi/4.7.4/armv7e-m/softfp\libgcc.a
LOAD c:/program files (x86)/emide/emide v2.20/arm/bin/../lib/gcc/arm-none-eabi/4.7.4/../../../../arm-none-eabi/lib/armv7e-m/softfp\libc_s.a
LOAD c:/program files (x86)/emide/emide v2.20/arm/bin/../lib/gcc/arm-none-eabi/4.7.4/../../../../arm-none-eabi/lib/armv7e-m/softfp\libnosys.a
START GROUP
LOAD c:/program files (x86)/emide/emide v2.20/arm/bin/../lib/gcc/arm-none-eabi/4.7.4/armv7e-m/softfp\libgcc.a
LOAD c:/program files (x86)/emide/emide v2.20/arm/bin/../lib/gcc/arm-none-eabi/4.7.4/../../../../arm-none-eabi/lib/armv7e-m/softfp\libc_s.a
END GROUP
LOAD c:/program files (x86)/emide/emide v2.20/arm/bin/../lib/gcc/arm-none-eabi/4.7.4/armv7e-m/softfp/crtend.o
LOAD c:/program files (x86)/emide/emide v2.20/arm/bin/../lib/gcc/arm-none-eabi/4.7.4/armv7e-m/softfp/crtn.o
OUTPUT(GearboxFW.elf elf32-littlearm)

.ARM.attributes
                0x00000000       0x30
 .ARM.attributes
                0x00000000       0x24 c:/program files (x86)/emide/emide v2.20/arm/bin/../lib/gcc/arm-none-eabi/4.7.4/armv7e-m/softfp/crti.o
 .ARM.attributes
                0x00000024       0x34 c:/program files (x86)/emide/emide v2.20/arm/bin/../lib/gcc/arm-none-eabi/4.7.4/armv7e-m/softfp/crtbegin.o
 .ARM.attributes
                0x00000058       0x22 c:/program files (x86)/emide/emide v2.20/arm/bin/../lib/gcc/arm-none-eabi/4.7.4/../../../../arm-none-eabi/lib/armv7e-m/softfp/crt0.o
 .ARM.attributes
                0x0000007a       0x37 C:\Users\Ryan\Real Documents\Engineering Projects\Gearbox\Gearbox_FW/mbed/TARGET_NUCLEO_F401RE/TOOLCHAIN_GCC_ARM/board.o
 .ARM.attributes
                0x000000b1       0x37 C:\Users\Ryan\Real Documents\Engineering Projects\Gearbox\Gearbox_FW/mbed/TARGET_NUCLEO_F401RE/TOOLCHAIN_GCC_ARM/cmsis_nvic.o
 .ARM.attributes
                0x000000e8       0x37 C:\Users\Ryan\Real Documents\Engineering Projects\Gearbox\Gearbox_FW/mbed/TARGET_NUCLEO_F401RE/TOOLCHAIN_GCC_ARM/hal_tick.o
 .ARM.attributes
                0x0000011f       0x37 C:\Users\Ryan\Real Documents\Engineering Projects\Gearbox\Gearbox_FW/mbed/TARGET_NUCLEO_F401RE/TOOLCHAIN_GCC_ARM/mbed_overrides.o
 .ARM.attributes
                0x00000156       0x37 C:\Users\Ryan\Real Documents\Engineering Projects\Gearbox\Gearbox_FW/mbed/TARGET_NUCLEO_F401RE/TOOLCHAIN_GCC_ARM/retarget.o
 .ARM.attributes
                0x0000018d       0x21 C:\Users\Ryan\Real Documents\Engineering Projects\Gearbox\Gearbox_FW/mbed/TARGET_NUCLEO_F401RE/TOOLCHAIN_GCC_ARM/startup_stm32f401xe.o
 .ARM.attributes
                0x000001ae       0x37 C:\Users\Ryan\Real Documents\Engineering Projects\Gearbox\Gearbox_FW/mbed/TARGET_NUCLEO_F401RE/TOOLCHAIN_GCC_ARM/stm32f4xx_hal.o
 .ARM.attributes
                0x000001e5       0x37 C:\Users\Ryan\Real Documents\Engineering Projects\Gearbox\Gearbox_FW/mbed/TARGET_NUCLEO_F401RE/TOOLCHAIN_GCC_ARM/stm32f4xx_hal_adc.o
 .ARM.attributes
                0x0000021c       0x37 C:\Users\Ryan\Real Documents\Engineering Projects\Gearbox\Gearbox_FW/mbed/TARGET_NUCLEO_F401RE/TOOLCHAIN_GCC_ARM/stm32f4xx_hal_cortex.o
 .ARM.attributes
                0x00000253       0x37 C:\Users\Ryan\Real Documents\Engineering Projects\Gearbox\Gearbox_FW/mbed/TARGET_NUCLEO_F401RE/TOOLCHAIN_GCC_ARM/stm32f4xx_hal_gpio.o
 .ARM.attributes
                0x0000028a       0x37 C:\Users\Ryan\Real Documents\Engineering Projects\Gearbox\Gearbox_FW/mbed/TARGET_NUCLEO_F401RE/TOOLCHAIN_GCC_ARM/stm32f4xx_hal_pwr.o
 .ARM.attributes
                0x000002c1       0x37 C:\Users\Ryan\Real Documents\Engineering Projects\Gearbox\Gearbox_FW/mbed/TARGET_NUCLEO_F401RE/TOOLCHAIN_GCC_ARM/stm32f4xx_hal_rcc.o
 .ARM.attributes
                0x000002f8       0x37 C:\Users\Ryan\Real Documents\Engineering Projects\Gearbox\Gearbox_FW/mbed/TARGET_NUCLEO_F401RE/TOOLCHAIN_GCC_ARM/stm32f4xx_hal_tim.o
 .ARM.attributes
                0x0000032f       0x37 C:\Users\Ryan\Real Documents\Engineering Projects\Gearbox\Gearbox_FW/mbed/TARGET_NUCLEO_F401RE/TOOLCHAIN_GCC_ARM/stm32f4xx_hal_tim_ex.o
 .ARM.attributes
                0x00000366       0x37 C:\Users\Ryan\Real Documents\Engineering Projects\Gearbox\Gearbox_FW/mbed/TARGET_NUCLEO_F401RE/TOOLCHAIN_GCC_ARM/stm32f4xx_hal_uart.o
 .ARM.attributes
                0x0000039d       0x37 C:\Users\Ryan\Real Documents\Engineering Projects\Gearbox\Gearbox_FW/mbed/TARGET_NUCLEO_F401RE/TOOLCHAIN_GCC_ARM/system_stm32f4xx.o
 .ARM.attributes
                0x000003d4       0x39 ..\obj\Current_Sense..o
 .ARM.attributes
                0x0000040d       0x39 ..\obj\Declarations.o
 .ARM.attributes
                0x00000446       0x39 ..\obj\Motor.o
 .ARM.attributes
                0x0000047f       0x39 ..\obj\main.o
 .ARM.attributes
                0x000004b8       0x39 ..\obj\power.o
 .ARM.attributes
                0x000004f1       0x37 C:\Users\Ryan\Real Documents\Engineering Projects\Gearbox\Gearbox_FW/mbed/TARGET_NUCLEO_F401RE/TOOLCHAIN_GCC_ARM\libmbed.a(analogin_api.o)
 .ARM.attributes
                0x00000528       0x37 C:\Users\Ryan\Real Documents\Engineering Projects\Gearbox\Gearbox_FW/mbed/TARGET_NUCLEO_F401RE/TOOLCHAIN_GCC_ARM\libmbed.a(pwmout_api.o)
 .ARM.attributes
                0x0000055f       0x37 C:\Users\Ryan\Real Documents\Engineering Projects\Gearbox\Gearbox_FW/mbed/TARGET_NUCLEO_F401RE/TOOLCHAIN_GCC_ARM\libmbed.a(serial_api.o)
 .ARM.attributes
                0x00000596       0x37 C:\Users\Ryan\Real Documents\Engineering Projects\Gearbox\Gearbox_FW/mbed/TARGET_NUCLEO_F401RE/TOOLCHAIN_GCC_ARM\libmbed.a(sleep.o)
 .ARM.attributes
                0x000005cd       0x37 C:\Users\Ryan\Real Documents\Engineering Projects\Gearbox\Gearbox_FW/mbed/TARGET_NUCLEO_F401RE/TOOLCHAIN_GCC_ARM\libmbed.a(InterruptIn.o)
 .ARM.attributes
                0x00000604       0x37 C:\Users\Ryan\Real Documents\Engineering Projects\Gearbox\Gearbox_FW/mbed/TARGET_NUCLEO_F401RE/TOOLCHAIN_GCC_ARM\libmbed.a(Ticker.o)
 .ARM.attributes
                0x0000063b       0x37 C:\Users\Ryan\Real Documents\Engineering Projects\Gearbox\Gearbox_FW/mbed/TARGET_NUCLEO_F401RE/TOOLCHAIN_GCC_ARM\libmbed.a(Timeout.o)
 .ARM.attributes
                0x00000672       0x37 C:\Users\Ryan\Real Documents\Engineering Projects\Gearbox\Gearbox_FW/mbed/TARGET_NUCLEO_F401RE/TOOLCHAIN_GCC_ARM\libmbed.a(TimerEvent.o)
 .ARM.attributes
                0x000006a9       0x37 C:\Users\Ryan\Real Documents\Engineering Projects\Gearbox\Gearbox_FW/mbed/TARGET_NUCLEO_F401RE/TOOLCHAIN_GCC_ARM\libmbed.a(assert.o)
 .ARM.attributes
                0x000006e0       0x37 C:\Users\Ryan\Real Documents\Engineering Projects\Gearbox\Gearbox_FW/mbed/TARGET_NUCLEO_F401RE/TOOLCHAIN_GCC_ARM\libmbed.a(error.o)
 .ARM.attributes
                0x00000717       0x37 C:\Users\Ryan\Real Documents\Engineering Projects\Gearbox\Gearbox_FW/mbed/TARGET_NUCLEO_F401RE/TOOLCHAIN_GCC_ARM\libmbed.a(gpio.o)
 .ARM.attributes
                0x0000074e       0x37 C:\Users\Ryan\Real Documents\Engineering Projects\Gearbox\Gearbox_FW/mbed/TARGET_NUCLEO_F401RE/TOOLCHAIN_GCC_ARM\libmbed.a(pinmap_common.o)
 .ARM.attributes
                0x00000785       0x37 C:\Users\Ryan\Real Documents\Engineering Projects\Gearbox\Gearbox_FW/mbed/TARGET_NUCLEO_F401RE/TOOLCHAIN_GCC_ARM\libmbed.a(ticker_api.o)
 .ARM.attributes
                0x000007bc       0x37 C:\Users\Ryan\Real Documents\Engineering Projects\Gearbox\Gearbox_FW/mbed/TARGET_NUCLEO_F401RE/TOOLCHAIN_GCC_ARM\libmbed.a(us_ticker_api.o)
 .ARM.attributes
                0x000007f3       0x37 C:\Users\Ryan\Real Documents\Engineering Projects\Gearbox\Gearbox_FW/mbed/TARGET_NUCLEO_F401RE/TOOLCHAIN_GCC_ARM\libmbed.a(wait_api.o)
 .ARM.attributes
                0x0000082a       0x37 C:\Users\Ryan\Real Documents\Engineering Projects\Gearbox\Gearbox_FW/mbed/TARGET_NUCLEO_F401RE/TOOLCHAIN_GCC_ARM\libmbed.a(PeripheralPins.o)
 .ARM.attributes
                0x00000861       0x37 C:\Users\Ryan\Real Documents\Engineering Projects\Gearbox\Gearbox_FW/mbed/TARGET_NUCLEO_F401RE/TOOLCHAIN_GCC_ARM\libmbed.a(gpio_api.o)
 .ARM.attributes
                0x00000898       0x37 C:\Users\Ryan\Real Documents\Engineering Projects\Gearbox\Gearbox_FW/mbed/TARGET_NUCLEO_F401RE/TOOLCHAIN_GCC_ARM\libmbed.a(gpio_irq_api.o)
 .ARM.attributes